../Application/User/Third_Party/unity/src/unity_memory.c:16:6:UnityMalloc_StartTest	4	static
../Application/User/Third_Party/unity/src/unity_memory.c:22:6:UnityMalloc_EndTest	8	static
../Application/User/Third_Party/unity/src/unity_memory.c:31:6:UnityMalloc_MakeMallocFailAfterCount	16	static
../Application/User/Third_Party/unity/src/unity_memory.c:59:15:unity_size_round_up	24	static
../Application/User/Third_Party/unity/src/unity_memory.c:68:7:unity_malloc	32	static
../Application/User/Third_Party/unity/src/unity_memory.c:108:12:isOverrun	24	static
../Application/User/Third_Party/unity/src/unity_memory.c:117:13:release_memory	24	static
../Application/User/Third_Party/unity/src/unity_memory.c:139:6:unity_free	24	static
../Application/User/Third_Party/unity/src/unity_memory.c:156:7:unity_calloc	24	static
../Application/User/Third_Party/unity/src/unity_memory.c:164:7:unity_realloc	24	static
