../Application/User/Third_Party/unity/src/unity_fixture.c:18:6:setUp	4	static
../Application/User/Third_Party/unity/src/unity_fixture.c:19:6:tearDown	4	static
../Application/User/Third_Party/unity/src/unity_fixture.c:21:13:announceTestRun	16	static
../Application/User/Third_Party/unity/src/unity_fixture.c:30:5:UnityMain	32	static
../Application/User/Third_Party/unity/src/unity_fixture.c:49:12:selected	24	static
../Application/User/Third_Party/unity/src/unity_fixture.c:60:12:testSelected	16	static
../Application/User/Third_Party/unity/src/unity_fixture.c:65:12:groupSelected	16	static
../Application/User/Third_Party/unity/src/unity_fixture.c:70:6:UnityTestRunner	24	static
../Application/User/Third_Party/unity/src/unity_fixture.c:125:6:UnityIgnoreTest	24	static
../Application/User/Third_Party/unity/src/unity_fixture.c:158:6:UnityPointer_Init	4	static
../Application/User/Third_Party/unity/src/unity_fixture.c:163:6:UnityPointer_Set	24	static
../Application/User/Third_Party/unity/src/unity_fixture.c:178:6:UnityPointer_UndoAllSets	4	static
../Application/User/Third_Party/unity/src/unity_fixture.c:188:5:UnityGetCommandLineOptions	24	static
../Application/User/Third_Party/unity/src/unity_fixture.c:321:6:UnityConcludeFixtureTest	8	static
