../../../Drivers/STM32N6xx_HAL_Driver/Inc/stm32n6xx_ll_bus.h:1407:22:LL_AHB4_GRP1_EnableClock	24	static
../../../Drivers/STM32N6xx_HAL_Driver/Inc/stm32n6xx_ll_bus.h:2273:22:LL_APB1_GRP1_EnableClock	24	static
../../../Drivers/STM32N6xx_HAL_Driver/Inc/stm32n6xx_ll_bus.h:2403:22:LL_APB1_GRP1_DisableClock	16	static
../../../Drivers/STM32N6xx_HAL_Driver/Inc/stm32n6xx_ll_bus.h:3251:22:LL_APB4_GRP1_EnableClock	24	static
../../../Drivers/STM32N6xx_HAL_Driver/Inc/stm32n6xx_ll_bus.h:3319:22:LL_APB4_GRP1_DisableClock	16	static
D:/STM32/STM32CubeIDE/Apollo/FSBL/Core/Src/i2c.c:32:6:MX_I2C1_Init	8	static
D:/STM32/STM32CubeIDE/Apollo/FSBL/Core/Src/i2c.c:75:6:MX_I2C2_Init	8	static
D:/STM32/STM32CubeIDE/Apollo/FSBL/Core/Src/i2c.c:118:6:MX_I2C4_Init	8	static
D:/STM32/STM32CubeIDE/Apollo/FSBL/Core/Src/i2c.c:161:6:HAL_I2C_MspInit	440	static
D:/STM32/STM32CubeIDE/Apollo/FSBL/Core/Src/i2c.c:295:6:HAL_I2C_MspDeInit	16	static
