../../../Drivers/STM32N6xx_HAL_Driver/Inc/stm32n6xx_ll_bus.h:679:22:LL_MEM_EnableClock	24	static
../../../Drivers/STM32N6xx_HAL_Driver/Inc/stm32n6xx_ll_bus.h:1165:22:LL_AHB3_GRP1_EnableClock	24	static
D:/STM32/STM32CubeIDE/Apollo/FSBL/Core/Src/main.c:77:5:main	8	static
D:/STM32/STM32CubeIDE/Apollo/FSBL/Core/Src/main.c:197:6:SystemClock_Config	224	static
D:/STM32/STM32CubeIDE/Apollo/FSBL/Core/Src/main.c:311:6:PeriphCommonClock_Config	408	static
D:/STM32/STM32CubeIDE/Apollo/FSBL/Core/Src/main.c:326:13:SystemIsolation_Config	16	static
D:/STM32/STM32CubeIDE/Apollo/FSBL/Core/Src/main.c:387:6:Error_Handler	4	static,ignoring_inline_asm
