../../../Drivers/STM32N6xx_HAL_Driver/Inc/stm32n6xx_ll_bus.h:679:22:LL_MEM_EnableClock	1
../../../Drivers/STM32N6xx_HAL_Driver/Inc/stm32n6xx_ll_bus.h:1165:22:LL_AHB3_GRP1_EnableClock	1
D:/STM32/STM32CubeIDE/Apollo/FSBL/Core/Src/main.c:77:5:main	2
D:/STM32/STM32CubeIDE/Apollo/FSBL/Core/Src/main.c:197:6:SystemClock_Config	9
D:/STM32/STM32CubeIDE/Apollo/FSBL/Core/Src/main.c:311:6:PeriphCommonClock_Config	2
D:/STM32/STM32CubeIDE/Apollo/FSBL/Core/Src/main.c:326:13:SystemIsolation_Config	1
D:/STM32/STM32CubeIDE/Apollo/FSBL/Core/Src/main.c:387:6:Error_Handler	1
