D:/STM32/STM32CubeIDE/Apollo/FSBL/Core/Src/stm32n6xx_it.c:76:6:NMI_Handler	4	static
D:/STM32/STM32CubeIDE/Apollo/FSBL/Core/Src/stm32n6xx_it.c:91:6:HardFault_Handler	4	static
D:/STM32/STM32CubeIDE/Apollo/FSBL/Core/Src/stm32n6xx_it.c:106:6:MemManage_Handler	4	static
D:/STM32/STM32CubeIDE/Apollo/FSBL/Core/Src/stm32n6xx_it.c:121:6:BusFault_Handler	4	static
D:/STM32/STM32CubeIDE/Apollo/FSBL/Core/Src/stm32n6xx_it.c:136:6:UsageFault_Handler	4	static
D:/STM32/STM32CubeIDE/Apollo/FSBL/Core/Src/stm32n6xx_it.c:151:6:SecureFault_Handler	4	static
D:/STM32/STM32CubeIDE/Apollo/FSBL/Core/Src/stm32n6xx_it.c:166:6:SVC_Handler	4	static
D:/STM32/STM32CubeIDE/Apollo/FSBL/Core/Src/stm32n6xx_it.c:179:6:DebugMon_Handler	4	static
D:/STM32/STM32CubeIDE/Apollo/FSBL/Core/Src/stm32n6xx_it.c:192:6:PendSV_Handler	4	static
D:/STM32/STM32CubeIDE/Apollo/FSBL/Core/Src/stm32n6xx_it.c:205:6:SysTick_Handler	8	static
D:/STM32/STM32CubeIDE/Apollo/FSBL/Core/Src/stm32n6xx_it.c:226:6:RCC_S_IRQHandler	4	static
D:/STM32/STM32CubeIDE/Apollo/FSBL/Core/Src/stm32n6xx_it.c:239:6:DCMIPP_IRQHandler	8	static
D:/STM32/STM32CubeIDE/Apollo/FSBL/Core/Src/stm32n6xx_it.c:253:6:I2C1_EV_IRQHandler	8	static
D:/STM32/STM32CubeIDE/Apollo/FSBL/Core/Src/stm32n6xx_it.c:267:6:I2C1_ER_IRQHandler	8	static
D:/STM32/STM32CubeIDE/Apollo/FSBL/Core/Src/stm32n6xx_it.c:281:6:I2C2_EV_IRQHandler	8	static
D:/STM32/STM32CubeIDE/Apollo/FSBL/Core/Src/stm32n6xx_it.c:295:6:I2C2_ER_IRQHandler	8	static
D:/STM32/STM32CubeIDE/Apollo/FSBL/Core/Src/stm32n6xx_it.c:309:6:I2C4_EV_IRQHandler	8	static
D:/STM32/STM32CubeIDE/Apollo/FSBL/Core/Src/stm32n6xx_it.c:323:6:I2C4_ER_IRQHandler	8	static
D:/STM32/STM32CubeIDE/Apollo/FSBL/Core/Src/stm32n6xx_it.c:337:6:TIM3_IRQHandler	8	static
D:/STM32/STM32CubeIDE/Apollo/FSBL/Core/Src/stm32n6xx_it.c:351:6:SPI5_IRQHandler	8	static
D:/STM32/STM32CubeIDE/Apollo/FSBL/Core/Src/stm32n6xx_it.c:365:6:XSPI1_IRQHandler	8	static
D:/STM32/STM32CubeIDE/Apollo/FSBL/Core/Src/stm32n6xx_it.c:379:6:XSPI2_IRQHandler	8	static
D:/STM32/STM32CubeIDE/Apollo/FSBL/Core/Src/stm32n6xx_it.c:393:6:CSI_IRQHandler	8	static
