D:/Apollo_cam_vl53l9/Apollo_cam_vl53l9/STM32CubeIDE/Appli/Application/User/lib/media-object/media-c/header-lib/include/public/media-c/value.h:60:20:value_print	16	static
D:/Apollo_cam_vl53l9/Apollo_cam_vl53l9/STM32CubeIDE/Appli/Application/User/lib/media-object/media-c/header-lib/include/public/media-c/list.h:84:21:list_get	16	static
D:/Apollo_cam_vl53l9/Apollo_cam_vl53l9/STM32CubeIDE/Appli/Application/User/lib/media-object/media-c/header-lib/include/public/media-c/memories.h:44:25:memories_get	16	static
D:/Apollo_cam_vl53l9/Apollo_cam_vl53l9/STM32CubeIDE/Appli/Application/User/lib/media-object/media-c/header-lib/include/public/media-c/properties.h:61:27:properties_find	24	static
D:/Apollo_cam_vl53l9/Apollo_cam_vl53l9/STM32CubeIDE/Appli/Application/User/lib/media-object/media-c/header-lib/include/public/media-c/stream_buffers.h:59:32:stream_buffers_find	24	static
D:/Apollo_cam_vl53l9/Apollo_cam_vl53l9/STM32CubeIDE/Appli/Application/User/lib/media-object/media-c/header-lib/include/public/media-c/capabilities.h:77:30:capabilities_get	16	static
D:/Apollo_cam_vl53l9/Apollo_cam_vl53l9/STM32CubeIDE/Appli/Application/User/lib/media-object/media-c/header-lib/include/public/media-c/spec.h:38:13:spec_print	24	static
D:/Apollo_cam_vl53l9/Apollo_cam_vl53l9/STM32CubeIDE/Appli/Application/User/lib/media-object/media-c/header-lib/include/public/media-c/control.h:44:13:control_print	40	static
D:/Apollo_cam_vl53l9/Apollo_cam_vl53l9/STM32CubeIDE/Appli/Application/User/lib/media-object/media-c/header-lib/include/public/media-c/streams.h:40:25:streams_get	16	static
D:/Apollo_cam_vl53l9/Apollo_cam_vl53l9/STM32CubeIDE/Appli/Application/User/lib/media-object/transform-c/header-lib/include/public/transform.h:92:20:transform_get_version	24	static
D:/Apollo_cam_vl53l9/Apollo_cam_vl53l9/STM32CubeIDE/Appli/Application/User/lib/transform/vl53l9-transform-c/vl53l9-transform-c-lib/include/private/vl53l9_calib_default.h:93:6:vl53l9_calib_default_apply	96	static
../Application/User/lib/transform/vl53l9-transform-c/vl53l9-transform-c-lib/src/vl53l9_transform.c:409:14:vl53l9_transform_create	2776	static
../Application/User/lib/transform/vl53l9-transform-c/vl53l9-transform-c-lib/src/vl53l9_transform.c:440:6:vl53l9_transform_destroy	24	static
../Application/User/lib/transform/vl53l9-transform-c/vl53l9-transform-c-lib/src/vl53l9_transform.c:447:12:_do_initialize	56	static
../Application/User/lib/transform/vl53l9-transform-c/vl53l9-transform-c-lib/src/vl53l9_transform.c:478:12:_do_release	16	static
../Application/User/lib/transform/vl53l9-transform-c/vl53l9-transform-c-lib/src/vl53l9_transform.c:488:12:_do_prepare	24	static
../Application/User/lib/transform/vl53l9-transform-c/vl53l9-transform-c-lib/src/vl53l9_transform.c:510:12:_do_finalize	24	static
../Application/User/lib/transform/vl53l9-transform-c/vl53l9-transform-c-lib/src/vl53l9_transform.c:530:12:_do_get_control	48	static
../Application/User/lib/transform/vl53l9-transform-c/vl53l9-transform-c-lib/src/vl53l9_transform.c:546:12:_do_set_control	40	static
../Application/User/lib/transform/vl53l9-transform-c/vl53l9-transform-c-lib/src/vl53l9_transform.c:563:12:_do_get_stream_capabilities	32	static
../Application/User/lib/transform/vl53l9-transform-c/vl53l9-transform-c-lib/src/vl53l9_transform.c:586:12:_do_set_stream_capabilities	48	static
../Application/User/lib/transform/vl53l9-transform-c/vl53l9-transform-c-lib/src/vl53l9_transform.c:646:12:_get_streams	16	static
../Application/User/lib/transform/vl53l9-transform-c/vl53l9-transform-c-lib/src/vl53l9_transform.c:654:12:_get_controls	16	static
../Application/User/lib/transform/vl53l9-transform-c/vl53l9-transform-c-lib/src/vl53l9_transform.c:662:12:_about	16	static
../Application/User/lib/transform/vl53l9-transform-c/vl53l9-transform-c-lib/src/vl53l9_transform.c:670:12:_query_stream_capabilities	24	static
../Application/User/lib/transform/vl53l9-transform-c/vl53l9-transform-c-lib/src/vl53l9_transform.c:677:12:_query_stream_dependendencies	24	static
../Application/User/lib/transform/vl53l9-transform-c/vl53l9-transform-c-lib/src/vl53l9_transform.c:685:12:_do_process_stream	168	static
../Application/User/lib/transform/vl53l9-transform-c/vl53l9-transform-c-lib/src/vl53l9_transform.c:797:22:_get_last_error	24	static
../Application/User/lib/transform/vl53l9-transform-c/vl53l9-transform-c-lib/src/vl53l9_transform.c:807:13:_extract_metadata	32	static
../Application/User/lib/transform/vl53l9-transform-c/vl53l9-transform-c-lib/src/vl53l9_transform.c:813:13:_compute_calibration_maps	9448	static
../Application/User/lib/transform/vl53l9-transform-c/vl53l9-transform-c-lib/src/vl53l9_transform.c:900:21:_get_stream_id	16	static
../Application/User/lib/transform/vl53l9-transform-c/vl53l9-transform-c-lib/src/vl53l9_transform.c:919:22:_check_stream_properties	56	static
../Application/User/lib/transform/vl53l9-transform-c/vl53l9-transform-c-lib/src/vl53l9_transform.c:985:13:_check_streams_consistency	48	static
../Application/User/lib/transform/vl53l9-transform-c/vl53l9-transform-c-lib/src/vl53l9_transform.c:1035:13:_compute_confidence_params	56	static
../Application/User/lib/transform/vl53l9-transform-c/vl53l9-transform-c-lib/src/vl53l9_transform.c:1064:13:_compute_integration_time	120	static
../Application/User/lib/transform/vl53l9-transform-c/vl53l9-transform-c-lib/src/vl53l9_transform.c:1095:13:_build_nb_shots	16	static
../Application/User/lib/transform/vl53l9-transform-c/vl53l9-transform-c-lib/src/vl53l9_transform.c:1103:14:_compute_max_spads	64	static
../Application/User/lib/transform/vl53l9-transform-c/vl53l9-transform-c-lib/src/vl53l9_transform.c:1125:13:_process_extract	160	static
../Application/User/lib/transform/vl53l9-transform-c/vl53l9-transform-c-lib/src/vl53l9_transform.c:1164:13:_process_confidence	176	static
../Application/User/lib/transform/vl53l9-transform-c/vl53l9-transform-c-lib/src/vl53l9_transform.c:1219:13:_process_distance_calibration	256	static
../Application/User/lib/transform/vl53l9-transform-c/vl53l9-transform-c-lib/src/vl53l9_transform.c:1261:13:_process_ratenorm	392	static
../Application/User/lib/transform/vl53l9-transform-c/vl53l9-transform-c-lib/src/vl53l9_transform.c:1339:13:_process_reflectance	184	static
../Application/User/lib/transform/vl53l9-transform-c/vl53l9-transform-c-lib/src/vl53l9_transform.c:1386:13:_process_radial_to_perp	184	static
../Application/User/lib/transform/vl53l9-transform-c/vl53l9-transform-c-lib/src/vl53l9_transform.c:1449:13:_process_sharpener	192	static
../Application/User/lib/transform/vl53l9-transform-c/vl53l9-transform-c-lib/src/vl53l9_transform.c:1501:13:_process_distance_check	120	static
../Application/User/lib/transform/vl53l9-transform-c/vl53l9-transform-c-lib/src/vl53l9_transform.c:1542:13:_process_pointcloud	184	static
../Application/User/lib/transform/vl53l9-transform-c/vl53l9-transform-c-lib/src/vl53l9_transform.c:1590:13:_process_free_buffers	24	static
