../Application/User/sensors/cmw_vd55g0.c:19:12:CMW_VD55G0_Read8	32	static
../Application/User/sensors/cmw_vd55g0.c:24:12:CMW_VD55G0_Read16	40	static
../Application/User/sensors/cmw_vd55g0.c:38:12:CMW_VD55G0_Read32	40	static
../Application/User/sensors/cmw_vd55g0.c:52:12:CMW_VD55G0_Write8	24	static
../Application/User/sensors/cmw_vd55g0.c:57:12:CMW_VD55G0_Write16	24	static
../Application/User/sensors/cmw_vd55g0.c:62:12:CMW_VD55G0_Write32	32	static
../Application/User/sensors/cmw_vd55g0.c:67:13:VD55G0_ShutdownPin	24	static
../Application/User/sensors/cmw_vd55g0.c:74:12:VD55G0_Read8	32	static
../Application/User/sensors/cmw_vd55g0.c:81:12:VD55G0_Read16	32	static
../Application/User/sensors/cmw_vd55g0.c:88:12:VD55G0_Read32	32	static
../Application/User/sensors/cmw_vd55g0.c:95:12:VD55G0_Write8	24	static
../Application/User/sensors/cmw_vd55g0.c:102:12:VD55G0_Write16	24	static
../Application/User/sensors/cmw_vd55g0.c:109:12:VD55G0_Write32	32	static
../Application/User/sensors/cmw_vd55g0.c:116:12:VD55G0_WriteArray	48	static
../Application/User/sensors/cmw_vd55g0.c:136:13:VD55G0_Delay	24	static
../Application/User/sensors/cmw_vd55g0.c:143:13:VD55G0_Log	24	static
../Application/User/sensors/cmw_vd55g0.c:161:16:CMW_VD55G0_GetSensorInfo	16	static
../Application/User/sensors/cmw_vd55g0.c:175:12:CMW_VD55G0_GetResType	24	static
../Application/User/sensors/cmw_vd55g0.c:200:28:CMW_VD55G0_getMirrorFlipConfig	24	static
../Application/User/sensors/cmw_vd55g0.c:224:16:CMW_VD55G0_Init	56	static
../Application/User/sensors/cmw_vd55g0.c:265:16:CMW_VD55G0_DeInit	24	static
../Application/User/sensors/cmw_vd55g0.c:286:16:CMW_VD55G0_MirrorFlipConfig	24	static
../Application/User/sensors/cmw_vd55g0.c:310:16:CMW_VD55G0_Start	24	static
../Application/User/sensors/cmw_vd55g0.c:321:16:CMW_VD55G0_Stop	24	static
../Application/User/sensors/cmw_vd55g0.c:333:16:VD55G0_RegisterBusIO	24	static
../Application/User/sensors/cmw_vd55g0.c:348:16:VD55G0_ReadID	24	static
../Application/User/sensors/cmw_vd55g0.c:362:13:CMW_VD55G0_PowerOn	16	static
../Application/User/sensors/cmw_vd55g0.c:373:5:CMW_VD55G0_Probe	24	static
