../Application/User/sensors/cmw_vd66gy.c:45:12:CMW_VD66GY_Read8	32	static
../Application/User/sensors/cmw_vd66gy.c:50:12:CMW_VD66GY_Read16	40	static
../Application/User/sensors/cmw_vd66gy.c:64:12:CMW_VD66GY_Read32	40	static
../Application/User/sensors/cmw_vd66gy.c:78:12:CMW_VD66GY_Write8	24	static
../Application/User/sensors/cmw_vd66gy.c:83:12:CMW_VD66GY_Write16	24	static
../Application/User/sensors/cmw_vd66gy.c:88:12:CMW_VD66GY_Write32	32	static
../Application/User/sensors/cmw_vd66gy.c:93:13:VD6G_ShutdownPin	24	static
../Application/User/sensors/cmw_vd66gy.c:100:12:VD6G_Read8	32	static
../Application/User/sensors/cmw_vd66gy.c:107:12:VD6G_Read16	32	static
../Application/User/sensors/cmw_vd66gy.c:114:12:VD6G_Read32	32	static
../Application/User/sensors/cmw_vd66gy.c:121:12:VD6G_Write8	24	static
../Application/User/sensors/cmw_vd66gy.c:128:12:VD6G_Write16	24	static
../Application/User/sensors/cmw_vd66gy.c:135:12:VD6G_Write32	32	static
../Application/User/sensors/cmw_vd66gy.c:142:12:VD6G_WriteArray	48	static
../Application/User/sensors/cmw_vd66gy.c:162:13:VD6G_Delay	24	static
../Application/User/sensors/cmw_vd66gy.c:169:13:VD6G_Log	24	static
../Application/User/sensors/cmw_vd66gy.c:181:12:CMW_VD66GY_GetResType	24	static
../Application/User/sensors/cmw_vd66gy.c:210:26:CMW_VD66GY_getMirrorFlipConfig	24	static
../Application/User/sensors/cmw_vd66gy.c:234:16:CMW_VD66GY_Init	80	static
../Application/User/sensors/cmw_vd66gy.c:283:16:CMW_VD66GY_Start	32	static
../Application/User/sensors/cmw_vd66gy.c:312:16:CMW_VD66GY_Run	24	static
../Application/User/sensors/cmw_vd66gy.c:325:16:CMW_VD66GY_Stop	24	static
../Application/User/sensors/cmw_vd66gy.c:337:16:CMW_VD66GY_DeInit	24	static
../Application/User/sensors/cmw_vd66gy.c:363:9:CMW_VD66GY_SetGain	64	static
../Application/User/sensors/cmw_vd66gy.c:419:9:CMW_VD66GY_SetExposure	16	static
../Application/User/sensors/cmw_vd66gy.c:430:9:CMW_VD66GY_SetExposureMode	24	static
../Application/User/sensors/cmw_vd66gy.c:458:9:CMW_VD66GY_SetWBRefMode	32	static
../Application/User/sensors/cmw_vd66gy.c:477:9:CMW_VD66GY_ListWBRefModes	24	static
../Application/User/sensors/cmw_vd66gy.c:496:9:CMW_VD66GY_GetSensorInfo	48	static
../Application/User/sensors/cmw_vd66gy.c:553:13:CMW_VD66GY_VsyncEventCallback	16	static
../Application/User/sensors/cmw_vd66gy.c:573:13:CMW_VD66GY_FrameEventCallback	16	static
../Application/User/sensors/cmw_vd66gy.c:577:9:VD66GY_RegisterBusIO	24	static
../Application/User/sensors/cmw_vd66gy.c:592:9:VD66GY_ReadID	24	static
../Application/User/sensors/cmw_vd66gy.c:606:13:CMW_VD66GY_PowerOn	16	static
../Application/User/sensors/cmw_vd66gy.c:618:5:CMW_VD66GY_Probe	24	static
