../../../Drivers/STM32N6xx_HAL_Driver/Inc/stm32n6xx_ll_bus.h:679:22:LL_MEM_EnableClock	1
../../../Drivers/STM32N6xx_HAL_Driver/Inc/stm32n6xx_ll_bus.h:1165:22:LL_AHB3_GRP1_EnableClock	1
../../../Drivers/STM32N6xx_HAL_Driver/Inc/stm32n6xx_ll_bus.h:1407:22:LL_AHB4_GRP1_EnableClock	1
../../../Drivers/STM32N6xx_HAL_Driver/Inc/stm32n6xx_ll_bus.h:3495:22:LL_APB4_GRP2_EnableClock	1
D:/Apollo_cam_vl53l9/Apollo_cam_vl53l9/Appli/Core/Src/main.c:94:5:main	6
D:/Apollo_cam_vl53l9/Apollo_cam_vl53l9/Appli/Core/Src/main.c:195:15:SystemIsolation_Config	1
D:/Apollo_cam_vl53l9/Apollo_cam_vl53l9/Appli/Core/Src/main.c:254:17:get_risaf_max_addr	35
D:/Apollo_cam_vl53l9/Apollo_cam_vl53l9/Appli/Core/Src/main.c:277:13:set_risaf_default	1
D:/Apollo_cam_vl53l9/Apollo_cam_vl53l9/Appli/Core/Src/main.c:293:6:RISAF_Config	1
D:/Apollo_cam_vl53l9/Apollo_cam_vl53l9/Appli/Core/Src/main.c:305:6:system_init_post	1
D:/Apollo_cam_vl53l9/Apollo_cam_vl53l9/Appli/Core/Src/main.c:324:6:HAL_DCMIPP_PIPE_FrameEventCallback	1
D:/Apollo_cam_vl53l9/Apollo_cam_vl53l9/Appli/Core/Src/main.c:335:6:Error_Handler	1
