../Application/User/sensors/vd6g/vd6g.c:250:13:VD6G_dbg	32	static
../Application/User/sensors/vd6g/vd6g.c:262:13:VD6G_notice	28	static
../Application/User/sensors/vd6g/vd6g.c:274:13:VD6G_warn	28	static
../Application/User/sensors/vd6g/vd6g.c:286:13:VD6G_error	28	static
../Application/User/sensors/vd6g/vd6g.c:298:13:display_error	24	static
../Application/User/sensors/vd6g/vd6g.c:308:12:VD6G_PollReg8	48	static
../Application/User/sensors/vd6g/vd6g.c:327:12:VD6G_GetLineTimeInUs	72	static
../Application/User/sensors/vd6g/vd6g.c:341:12:VD6G_IsStreaming	32	static
../Application/User/sensors/vd6g/vd6g.c:352:12:VD6G_WaitState	24	static
../Application/User/sensors/vd6g/vd6g.c:364:12:VD6G_GetTopDie	32	static
../Application/User/sensors/vd6g/vd6g.c:377:12:VD6G_CheckModelId	32	static
../Application/User/sensors/vd6g/vd6g.c:406:12:VD6G_ApplyPatchSlowBoot	48	static
../Application/User/sensors/vd6g/vd6g.c:440:12:VD6G_ApplyPatch	24	static
../Application/User/sensors/vd6g/vd6g.c:463:12:VD6G_BootMcu	32	static
../Application/User/sensors/vd6g/vd6g.c:483:12:VD6G_ApplyVtPatchSlowBoot	48	static
../Application/User/sensors/vd6g/vd6g.c:546:12:VD6G_ApplyVtPatch	24	static
../Application/User/sensors/vd6g/vd6g.c:569:12:VD6G_SetBayerType	40	static
../Application/User/sensors/vd6g/vd6g.c:603:12:VD6G_SetExposureModeInternal	32	static
../Application/User/sensors/vd6g/vd6g.c:619:12:VD6G_Gpios	40	static
../Application/User/sensors/vd6g/vd6g.c:633:12:VD6G_Boot	24	static
../Application/User/sensors/vd6g/vd6g.c:667:12:VD6G_ComputeClocks	40	static
../Application/User/sensors/vd6g/vd6g.c:695:12:VD6G_SetupClocks	40	static
../Application/User/sensors/vd6g/vd6g.c:723:12:VD6G_SetupOutput	40	static
../Application/User/sensors/vd6g/vd6g.c:762:31:VD6G_Resolution2Mode	16	static
../Application/User/sensors/vd6g/vd6g.c:797:12:VD6G_SetupSize	40	static
../Application/User/sensors/vd6g/vd6g.c:823:12:VD6G_SetupFrameRate	40	static
../Application/User/sensors/vd6g/vd6g.c:842:12:VD6G_SetupExposure	24	static
../Application/User/sensors/vd6g/vd6g.c:849:12:VD6G_SetupMirrorFlip	40	static
../Application/User/sensors/vd6g/vd6g.c:878:12:VD6G_SetupPatGen	40	static
../Application/User/sensors/vd6g/vd6g.c:924:12:VD6G_SetFlicker	32	static
../Application/User/sensors/vd6g/vd6g.c:949:12:VD6G_Flicker	24	static
../Application/User/sensors/vd6g/vd6g.c:956:12:VD6G_SetupEarly	24	static
../Application/User/sensors/vd6g/vd6g.c:971:12:VD6G_Setup	24	static
../Application/User/sensors/vd6g/vd6g.c:1002:12:VD6G_StartStreaming	32	static
../Application/User/sensors/vd6g/vd6g.c:1022:12:VD6G_StopStreaming	32	static
../Application/User/sensors/vd6g/vd6g.c:1042:5:VD6G_Init	32	static
../Application/User/sensors/vd6g/vd6g.c:1090:5:VD6G_DeInit	24	static
../Application/User/sensors/vd6g/vd6g.c:1103:5:VD6G_Start	24	static
../Application/User/sensors/vd6g/vd6g.c:1120:5:VD6G_Stop	24	static
../Application/User/sensors/vd6g/vd6g.c:1133:5:VD6G_SetFlipMirrorMode	32	static
../Application/User/sensors/vd6g/vd6g.c:1160:5:VD6G_GetBrightnessLevel	32	static
../Application/User/sensors/vd6g/vd6g.c:1172:5:VD6G_SetBrightnessLevel	32	static
../Application/User/sensors/vd6g/vd6g.c:1186:5:VD6G_SetFlickerMode	24	static
../Application/User/sensors/vd6g/vd6g.c:1200:5:VD6G_SetExposureMode	24	static
../Application/User/sensors/vd6g/vd6g.c:1214:5:VD6G_GetAnalogGainRegRange	40	static
../Application/User/sensors/vd6g/vd6g.c:1233:5:VD6G_SetAnalogGain	32	static
../Application/User/sensors/vd6g/vd6g.c:1252:5:VD6G_GetDigitalGainRegRange	40	static
../Application/User/sensors/vd6g/vd6g.c:1268:5:VD6G_SetDigitalGain	32	static
../Application/User/sensors/vd6g/vd6g.c:1296:5:VD6G_GetExposureRegRange	48	static
../Application/User/sensors/vd6g/vd6g.c:1326:5:VD6G_SetExposureTime	40	static
