../Application/User/Apollo_Drivers/Micron_Flash_BSP/src/mt25ql512abb.c:65:24:MT25QU02_Handler_Init	24	static
../Application/User/Apollo_Drivers/Micron_Flash_BSP/src/mt25ql512abb.c:77:6:MT25QU02_Update	24	static
../Application/User/Apollo_Drivers/Micron_Flash_BSP/src/mt25ql512abb.c:82:24:MT25QU02_GetHandle	24	static
../Application/User/Apollo_Drivers/Micron_Flash_BSP/src/mt25ql512abb.c:87:9:MT25QU02_Init	56	static
../Application/User/Apollo_Drivers/Micron_Flash_BSP/src/mt25ql512abb.c:122:9:MT25QU02_AutoPollingMemReady	112	static
../Application/User/Apollo_Drivers/Micron_Flash_BSP/src/mt25ql512abb.c:192:9:MT25QU02_ReadSTR	112	static
../Application/User/Apollo_Drivers/Micron_Flash_BSP/src/mt25ql512abb.c:308:9:MT25QU02_ReadDTR	112	static
../Application/User/Apollo_Drivers/Micron_Flash_BSP/src/mt25ql512abb.c:422:9:MT25QU02_PageProgram	112	static
../Application/User/Apollo_Drivers/Micron_Flash_BSP/src/mt25ql512abb.c:536:9:MT25QU02_BlockErase	104	static
../Application/User/Apollo_Drivers/Micron_Flash_BSP/src/mt25ql512abb.c:603:10:MT25QU02_DieErase	104	static
../Application/User/Apollo_Drivers/Micron_Flash_BSP/src/mt25ql512abb.c:655:9:MT25QU02_EnableMemoryMappedModeSTR	112	static
../Application/User/Apollo_Drivers/Micron_Flash_BSP/src/mt25ql512abb.c:773:9:MT25QU02_EnableMemoryMappedModeDTR	112	static
../Application/User/Apollo_Drivers/Micron_Flash_BSP/src/mt25ql512abb.c:890:9:MT25QU02_WriteEnable	112	static
../Application/User/Apollo_Drivers/Micron_Flash_BSP/src/mt25ql512abb.c:1133:10:MT25QU02_EnterQPIMode	144	static
../Application/User/Apollo_Drivers/Micron_Flash_BSP/src/mt25ql512abb.c:1182:10:MT25QU02_ExitQPIMode	144	static
../Application/User/Apollo_Drivers/Micron_Flash_BSP/src/mt25ql512abb.c:1230:9:MT25QU02_Enter4BytesAddressMode	96	static
../Application/User/Apollo_Drivers/Micron_Flash_BSP/src/mt25ql512abb.c:1266:9:MT25QU02_Exit4BytesAddressMode	96	static
../Application/User/Apollo_Drivers/Micron_Flash_BSP/src/mt25ql512abb.c:1307:9:MT25QU02_ReadID	104	static
../Application/User/Apollo_Drivers/Micron_Flash_BSP/src/mt25ql512abb.c:1415:9:MT25QU02_ReadFlagStatusRegister	104	static
