../Application/User/interface/vl53l9/vl53l9_platform.c:16:5:vl53l9_read	192	static
../Application/User/interface/vl53l9/vl53l9_platform.c:49:5:vl53l9_read_async	168	static
../Application/User/interface/vl53l9/vl53l9_platform.c:83:5:vl53l9_read8	184	static
../Application/User/interface/vl53l9/vl53l9_platform.c:118:5:vl53l9_read16	184	static
../Application/User/interface/vl53l9/vl53l9_platform.c:155:5:vl53l9_read32	184	static
../Application/User/interface/vl53l9/vl53l9_platform.c:237:5:vl53l9_write	144	static
../Application/User/interface/vl53l9/vl53l9_platform.c:322:5:vl53l9_write8	112	static
../Application/User/interface/vl53l9/vl53l9_platform.c:357:5:vl53l9_write16	112	static
../Application/User/interface/vl53l9/vl53l9_platform.c:393:5:vl53l9_write32	120	static
../Application/User/interface/vl53l9/vl53l9_platform.c:431:45:_i3c_read	48	static
../Application/User/interface/vl53l9/vl53l9_platform.c:472:45:_i3c_read_async	48	static
../Application/User/interface/vl53l9/vl53l9_platform.c:513:45:_i3c_write	48	static
../Application/User/interface/vl53l9/vl53l9_platform.c:538:5:vl53l9_wait_ms	16	static
../Application/User/interface/vl53l9/vl53l9_platform.c:544:5:vl53l9_get_config_vddio	24	static
../Application/User/interface/vl53l9/vl53l9_platform.c:550:5:vl53l9_get_config_vdda	24	static
../Application/User/interface/vl53l9/vl53l9_platform.c:557:5:vl53l9_get_config_ext_clock	24	static
