Archive member included to satisfy reference by file (symbol)

D:/ST/STM32CubeIDE_2.1.1/STM32CubeIDE/plugins/com.st.stm32cube.ide.mcu.externaltools.gnu-tools-for-stm32.14.3.rel1.win32_1.0.100.202602081740/tools/bin/../lib/gcc/arm-none-eabi/14.3.1/../../../../arm-none-eabi/lib/thumb/v8-m.main+dp/hard\libc_nano.a(libc_a-exit.o)
                              D:/ST/STM32CubeIDE_2.1.1/STM32CubeIDE/plugins/com.st.stm32cube.ide.mcu.externaltools.gnu-tools-for-stm32.14.3.rel1.win32_1.0.100.202602081740/tools/bin/../lib/gcc/arm-none-eabi/14.3.1/../../../../arm-none-eabi/lib/thumb/v8-m.main+dp/hard/crt0.o (exit)
D:/ST/STM32CubeIDE_2.1.1/STM32CubeIDE/plugins/com.st.stm32cube.ide.mcu.externaltools.gnu-tools-for-stm32.14.3.rel1.win32_1.0.100.202602081740/tools/bin/../lib/gcc/arm-none-eabi/14.3.1/../../../../arm-none-eabi/lib/thumb/v8-m.main+dp/hard\libc_nano.a(libc_a-findfp.o)
                              D:/ST/STM32CubeIDE_2.1.1/STM32CubeIDE/plugins/com.st.stm32cube.ide.mcu.externaltools.gnu-tools-for-stm32.14.3.rel1.win32_1.0.100.202602081740/tools/bin/../lib/gcc/arm-none-eabi/14.3.1/../../../../arm-none-eabi/lib/thumb/v8-m.main+dp/hard\libc_nano.a(libc_a-exit.o) (__stdio_exit_handler)
D:/ST/STM32CubeIDE_2.1.1/STM32CubeIDE/plugins/com.st.stm32cube.ide.mcu.externaltools.gnu-tools-for-stm32.14.3.rel1.win32_1.0.100.202602081740/tools/bin/../lib/gcc/arm-none-eabi/14.3.1/../../../../arm-none-eabi/lib/thumb/v8-m.main+dp/hard\libc_nano.a(libc_a-fwalk.o)
                              D:/ST/STM32CubeIDE_2.1.1/STM32CubeIDE/plugins/com.st.stm32cube.ide.mcu.externaltools.gnu-tools-for-stm32.14.3.rel1.win32_1.0.100.202602081740/tools/bin/../lib/gcc/arm-none-eabi/14.3.1/../../../../arm-none-eabi/lib/thumb/v8-m.main+dp/hard\libc_nano.a(libc_a-findfp.o) (_fwalk_sglue)
D:/ST/STM32CubeIDE_2.1.1/STM32CubeIDE/plugins/com.st.stm32cube.ide.mcu.externaltools.gnu-tools-for-stm32.14.3.rel1.win32_1.0.100.202602081740/tools/bin/../lib/gcc/arm-none-eabi/14.3.1/../../../../arm-none-eabi/lib/thumb/v8-m.main+dp/hard\libc_nano.a(libc_a-stdio.o)
                              D:/ST/STM32CubeIDE_2.1.1/STM32CubeIDE/plugins/com.st.stm32cube.ide.mcu.externaltools.gnu-tools-for-stm32.14.3.rel1.win32_1.0.100.202602081740/tools/bin/../lib/gcc/arm-none-eabi/14.3.1/../../../../arm-none-eabi/lib/thumb/v8-m.main+dp/hard\libc_nano.a(libc_a-findfp.o) (__sread)
D:/ST/STM32CubeIDE_2.1.1/STM32CubeIDE/plugins/com.st.stm32cube.ide.mcu.externaltools.gnu-tools-for-stm32.14.3.rel1.win32_1.0.100.202602081740/tools/bin/../lib/gcc/arm-none-eabi/14.3.1/../../../../arm-none-eabi/lib/thumb/v8-m.main+dp/hard\libc_nano.a(libc_a-memset.o)
                              D:/ST/STM32CubeIDE_2.1.1/STM32CubeIDE/plugins/com.st.stm32cube.ide.mcu.externaltools.gnu-tools-for-stm32.14.3.rel1.win32_1.0.100.202602081740/tools/bin/../lib/gcc/arm-none-eabi/14.3.1/../../../../arm-none-eabi/lib/thumb/v8-m.main+dp/hard/crt0.o (memset)
D:/ST/STM32CubeIDE_2.1.1/STM32CubeIDE/plugins/com.st.stm32cube.ide.mcu.externaltools.gnu-tools-for-stm32.14.3.rel1.win32_1.0.100.202602081740/tools/bin/../lib/gcc/arm-none-eabi/14.3.1/../../../../arm-none-eabi/lib/thumb/v8-m.main+dp/hard\libc_nano.a(libc_a-closer.o)
                              D:/ST/STM32CubeIDE_2.1.1/STM32CubeIDE/plugins/com.st.stm32cube.ide.mcu.externaltools.gnu-tools-for-stm32.14.3.rel1.win32_1.0.100.202602081740/tools/bin/../lib/gcc/arm-none-eabi/14.3.1/../../../../arm-none-eabi/lib/thumb/v8-m.main+dp/hard\libc_nano.a(libc_a-stdio.o) (_close_r)
D:/ST/STM32CubeIDE_2.1.1/STM32CubeIDE/plugins/com.st.stm32cube.ide.mcu.externaltools.gnu-tools-for-stm32.14.3.rel1.win32_1.0.100.202602081740/tools/bin/../lib/gcc/arm-none-eabi/14.3.1/../../../../arm-none-eabi/lib/thumb/v8-m.main+dp/hard\libc_nano.a(libc_a-reent.o)
                              D:/ST/STM32CubeIDE_2.1.1/STM32CubeIDE/plugins/com.st.stm32cube.ide.mcu.externaltools.gnu-tools-for-stm32.14.3.rel1.win32_1.0.100.202602081740/tools/bin/../lib/gcc/arm-none-eabi/14.3.1/../../../../arm-none-eabi/lib/thumb/v8-m.main+dp/hard\libc_nano.a(libc_a-closer.o) (errno)
D:/ST/STM32CubeIDE_2.1.1/STM32CubeIDE/plugins/com.st.stm32cube.ide.mcu.externaltools.gnu-tools-for-stm32.14.3.rel1.win32_1.0.100.202602081740/tools/bin/../lib/gcc/arm-none-eabi/14.3.1/../../../../arm-none-eabi/lib/thumb/v8-m.main+dp/hard\libc_nano.a(libc_a-impure.o)
                              D:/ST/STM32CubeIDE_2.1.1/STM32CubeIDE/plugins/com.st.stm32cube.ide.mcu.externaltools.gnu-tools-for-stm32.14.3.rel1.win32_1.0.100.202602081740/tools/bin/../lib/gcc/arm-none-eabi/14.3.1/../../../../arm-none-eabi/lib/thumb/v8-m.main+dp/hard\libc_nano.a(libc_a-reent.o) (_impure_ptr)
D:/ST/STM32CubeIDE_2.1.1/STM32CubeIDE/plugins/com.st.stm32cube.ide.mcu.externaltools.gnu-tools-for-stm32.14.3.rel1.win32_1.0.100.202602081740/tools/bin/../lib/gcc/arm-none-eabi/14.3.1/../../../../arm-none-eabi/lib/thumb/v8-m.main+dp/hard\libc_nano.a(libc_a-lseekr.o)
[...]
Memory Configuration

Name             Origin             Length             Attributes
RAM_D1           0x34180404         0x0001fffc         xrw
*default*        0x00000000         0xffffffff

Linker script and memory map

LOAD D:/ST/STM32CubeIDE_2.1.1/STM32CubeIDE/plugins/com.st.stm32cube.ide.mcu.externaltools.gnu-tools-for-stm32.14.3.rel1.win32_1.0.100.202602081740/tools/bin/../lib/gcc/arm-none-eabi/14.3.1/thumb/v8-m.main+dp/hard/crti.o
LOAD D:/ST/STM32CubeIDE_2.1.1/STM32CubeIDE/plugins/com.st.stm32cube.ide.mcu.externaltools.gnu-tools-for-stm32.14.3.rel1.win32_1.0.100.202602081740/tools/bin/../lib/gcc/arm-none-eabi/14.3.1/thumb/v8-m.main+dp/hard/crtbegin.o
LOAD D:/ST/STM32CubeIDE_2.1.1/STM32CubeIDE/plugins/com.st.stm32cube.ide.mcu.externaltools.gnu-tools-for-stm32.14.3.rel1.win32_1.0.100.202602081740/tools/bin/../lib/gcc/arm-none-eabi/14.3.1/../../../../arm-none-eabi/lib/thumb/v8-m.main+dp/hard/crt0.o
LOAD ./Application/User/Core/Src/syscalls.o
LOAD ./Application/User/Core/Src/sysmem.o
LOAD ./Application/User/Core/extmem_manager.o
LOAD ./Application/User/Core/extmemloader_init.o
LOAD ./Application/User/Core/gpio.o
LOAD ./Application/User/Core/stm32n6xx_hal_msp.o
LOAD ./Application/User/Core/xspi.o
LOAD ./Application/User/Core/xspim.o
LOAD ./Drivers/CMSIS/system_stm32n6xx_fsbl.o
LOAD ./Drivers/STM32N6xx_HAL_Driver/stm32n6xx_hal.o
LOAD ./Drivers/STM32N6xx_HAL_Driver/stm32n6xx_hal_cortex.o
LOAD ./Drivers/STM32N6xx_HAL_Driver/stm32n6xx_hal_dma.o
LOAD ./Drivers/STM32N6xx_HAL_Driver/stm32n6xx_hal_dma_ex.o
LOAD ./Drivers/STM32N6xx_HAL_Driver/stm32n6xx_hal_exti.o
LOAD ./Drivers/STM32N6xx_HAL_Driver/stm32n6xx_hal_gpio.o
LOAD ./Drivers/STM32N6xx_HAL_Driver/stm32n6xx_hal_pwr.o
LOAD ./Drivers/STM32N6xx_HAL_Driver/stm32n6xx_hal_pwr_ex.o
LOAD ./Drivers/STM32N6xx_HAL_Driver/stm32n6xx_hal_rcc.o
LOAD ./Drivers/STM32N6xx_HAL_Driver/stm32n6xx_hal_rcc_ex.o
LOAD ./Drivers/STM32N6xx_HAL_Driver/stm32n6xx_hal_xspi.o
LOAD ./Middlewares/STM32_ExtMem_Loader/FlashDev.o
LOAD ./Middlewares/STM32_ExtMem_Loader/FlashPrg.o
LOAD ./Middlewares/STM32_ExtMem_Loader/memory_wrapper.o
LOAD ./Middlewares/STM32_ExtMem_Loader/stm32_device_info.o
LOAD ./Middlewares/STM32_ExtMem_Loader/stm32_loader_api.o
LOAD ./Middlewares/STM32_ExtMem_Loader/systick_management.o
LOAD ./Middlewares/STM32_ExtMem_Manager/stm32_extmem.o
LOAD ./Middlewares/STM32_ExtMem_Manager/stm32_psram_driver.o
LOAD ./Middlewares/STM32_ExtMem_Manager/stm32_sal_sd.o
LOAD ./Middlewares/STM32_ExtMem_Manager/stm32_sal_xspi.o
LOAD ./Middlewares/STM32_ExtMem_Manager/stm32_sdcard_driver.o
LOAD ./Middlewares/STM32_ExtMem_Manager/stm32_sfdp_data.o
LOAD ./Middlewares/STM32_ExtMem_Manager/stm32_sfdp_driver.o
LOAD ./Middlewares/STM32_ExtMem_Manager/stm32_user_driver.o
START GROUP
LOAD D:/ST/STM32CubeIDE_2.1.1/STM32CubeIDE/plugins/com.st.stm32cube.ide.mcu.externaltools.gnu-tools-for-stm32.14.3.rel1.win32_1.0.100.202602081740/tools/bin/../lib/gcc/arm-none-eabi/14.3.1/../../../../arm-none-eabi/lib/thumb/v8-m.main+dp/hard\libc_nano.a
LOAD D:/ST/STM32CubeIDE_2.1.1/STM32CubeIDE/plugins/com.st.stm32cube.ide.mcu.externaltools.gnu-tools-for-stm32.14.3.rel1.win32_1.0.100.202602081740/tools/bin/../lib/gcc/arm-none-eabi/14.3.1/../../../../arm-none-eabi/lib/thumb/v8-m.main+dp/hard\libm.a
END GROUP
START GROUP
LOAD D:/ST/STM32CubeIDE_2.1.1/STM32CubeIDE/plugins/com.st.stm32cube.ide.mcu.externaltools.gnu-tools-for-stm32.14.3.rel1.win32_1.0.100.202602081740/tools/bin/../lib/gcc/arm-none-eabi/14.3.1/thumb/v8-m.main+dp/hard\libgcc.a
LOAD D:/ST/STM32CubeIDE_2.1.1/STM32CubeIDE/plugins/com.st.stm32cube.ide.mcu.externaltools.gnu-tools-for-stm32.14.3.rel1.win32_1.0.100.202602081740/tools/bin/../lib/gcc/arm-none-eabi/14.3.1/../../../../arm-none-eabi/lib/thumb/v8-m.main+dp/hard\libc_nano.a
END GROUP
START GROUP
LOAD D:/ST/STM32CubeIDE_2.1.1/STM32CubeIDE/plugins/com.st.stm32cube.ide.mcu.externaltools.gnu-tools-for-stm32.14.3.rel1.win32_1.0.100.202602081740/tools/bin/../lib/gcc/arm-none-eabi/14.3.1/thumb/v8-m.main+dp/hard\libgcc.a
LOAD D:/ST/STM32CubeIDE_2.1.1/STM32CubeIDE/plugins/com.st.stm32cube.ide.mcu.externaltools.gnu-tools-for-stm32.14.3.rel1.win32_1.0.100.202602081740/tools/bin/../lib/gcc/arm-none-eabi/14.3.1/../../../../arm-none-eabi/lib/thumb/v8-m.main+dp/hard\libc_nano.a
LOAD D:/ST/STM32CubeIDE_2.1.1/STM32CubeIDE/plugins/com.st.stm32cube.ide.mcu.externaltools.gnu-tools-for-stm32.14.3.rel1.win32_1.0.100.202602081740/tools/bin/../lib/gcc/arm-none-eabi/14.3.1/../../../../arm-none-eabi/lib/thumb/v8-m.main+dp/hard\libnosys.a
END GROUP
START GROUP
LOAD D:/ST/STM32CubeIDE_2.1.1/STM32CubeIDE/plugins/com.st.stm32cube.ide.mcu.externaltools.gnu-tools-for-stm32.14.3.rel1.win32_1.0.100.202602081740/tools/bin/../lib/gcc/arm-none-eabi/14.3.1/thumb/v8-m.main+dp/hard\libgcc.a
LOAD D:/ST/STM32CubeIDE_2.1.1/STM32CubeIDE/plugins/com.st.stm32cube.ide.mcu.externaltools.gnu-tools-for-stm32.14.3.rel1.win32_1.0.100.202602081740/tools/bin/../lib/gcc/arm-none-eabi/14.3.1/../../../../arm-none-eabi/lib/thumb/v8-m.main+dp/hard\libc_nano.a
LOAD D:/ST/STM32CubeIDE_2.1.1/STM32CubeIDE/plugins/com.st.stm32cube.ide.mcu.externaltools.gnu-tools-for-stm32.14.3.rel1.win32_1.0.100.202602081740/tools/bin/../lib/gcc/arm-none-eabi/14.3.1/../../../../arm-none-eabi/lib/thumb/v8-m.main+dp/hard\libnosys.a
END GROUP
LOAD D:/ST/STM32CubeIDE_2.1.1/STM32CubeIDE/plugins/com.st.stm32cube.ide.mcu.externaltools.gnu-tools-for-stm32.14.3.rel1.win32_1.0.100.202602081740/tools/bin/../lib/gcc/arm-none-eabi/14.3.1/thumb/v8-m.main+dp/hard/crtend.o
LOAD D:/ST/STM32CubeIDE_2.1.1/STM32CubeIDE/plugins/com.st.stm32cube.ide.mcu.externaltools.gnu-tools-for-stm32.14.3.rel1.win32_1.0.100.202602081740/tools/bin/../lib/gcc/arm-none-eabi/14.3.1/thumb/v8-m.main+dp/hard/crtn.o
                0x341a0400                        _estack = (ORIGIN (RAM_D1) + LENGTH (RAM_D1))
                0x00000200                        _Min_Heap_Size = 0x200
                0x00000800                        _Min_Stack_Size = 0x800

.isr_vector     0x34180404      0x1fc
                0x34180600                        . = (. + 0x1fc)
 *fill*         0x34180404      0x1fc 
                0x34180600                        . = ALIGN (0x4)
 *(.isr_vector)
 .isr_vector    0x34180600        0x0 ./Middlewares/STM32_ExtMem_Loader/stm32_loader_api.o
                0x34180600                g_pfnVectors
                0x34180600                        . = ALIGN (0x4)

.ARM.extab
 *(.ARM.extab* .gnu.linkonce.armextab.*)

.ARM            0x34180600        0x0
                0x34180600                        __exidx_start = .
 *(.ARM.exidx*)
                0x34180600                        __exidx_end = .

.preinit_array  0x34180600        0x0
                0x34180600                        PROVIDE (__preinit_array_start = .)
 *(.preinit_array*)
                0x34180600                        PROVIDE (__preinit_array_end = .)

.init_array     0x34180600        0x4
                0x34180600                        PROVIDE (__init_array_start = .)
 *(SORT_BY_NAME(.init_array.*))
 *(.init_array*)
 .init_array    0x34180600        0x4 D:/ST/STM32CubeIDE_2.1.1/STM32CubeIDE/plugins/com.st.stm32cube.ide.mcu.externaltools.gnu-tools-for-stm32.14.3.rel1.win32_1.0.100.202602081740/tools/bin/../lib/gcc/arm-none-eabi/14.3.1/thumb/v8-m.main+dp/hard/crtbegin.o
                0x34180604                        PROVIDE (__init_array_end = .)

.fini_array     0x34180604        0x4
                [!provide]                        PROVIDE (__fini_array_start = .)
 *(SORT_BY_NAME(.fini_array.*))
 *(.fini_array*)
 .fini_array    0x34180604        0x4 D:/ST/STM32CubeIDE_2.1.1/STM32CubeIDE/plugins/com.st.stm32cube.ide.mcu.externaltools.gnu-tools-for-stm32.14.3.rel1.win32_1.0.100.202602081740/tools/bin/../lib/gcc/arm-none-eabi/14.3.1/thumb/v8-m.main+dp/hard/crtbegin.o
                [!provide]                        PROVIDE (__fini_array_end = .)
                0x34180608                        _sidata = LOADADDR (.data)

.data           0x34180608        0xc
                0x34180608                        . = ALIGN (0x4)
                0x34180608                        _sdata = .
 *(.data)
 *(.data*)
 .data.SystemCoreClock
                0x34180608        0x4 ./Drivers/CMSIS/system_stm32n6xx_fsbl.o
                0x34180608                SystemCoreClock
 .data.uwTickPrio
                0x3418060c        0x4 ./Drivers/STM32N6xx_HAL_Driver/stm32n6xx_hal.o
                0x3418060c                uwTickPrio
 .data.uwTickFreq
                0x34180610        0x1 ./Drivers/STM32N6xx_HAL_Driver/stm32n6xx_hal.o
                0x34180610                uwTickFreq
                0x34180614                        . = ALIGN (0x4)
 *fill*         0x34180611        0x3 
                0x34180614                        _edata = .

.igot.plt       0x34180614        0x0
 .igot.plt      0x34180614        0x0 D:/ST/STM32CubeIDE_2.1.1/STM32CubeIDE/plugins/com.st.stm32cube.ide.mcu.externaltools.gnu-tools-for-stm32.14.3.rel1.win32_1.0.100.202602081740/tools/bin/../lib/gcc/arm-none-eabi/14.3.1/thumb/v8-m.main+dp/hard/crtbegin.o

.gnu.sgstubs    0x34180620       0x20
                0x34180620                        . = ALIGN (0x4)
                0x34180620                        _sNSCVeneer = .
 *(.gnu.sgstubs*)
                0x34180620                        _eNSCVeneer = .
                0x34180620                        . = ALIGN (0x4)
 .gnu.sgstubs.__stub
                0x34180620        0x8 linker stubs
                0x34180620                SECURE_SystemCoreClockUpdate
                0x34180628                        . = ALIGN (0x4)

.bss            0x34180640      0x334
                0x34180640                        _sbss = .
                0x34180640                        __bss_start__ = _sbss
 *(.bss)
 .bss           0x34180640       0x1c D:/ST/STM32CubeIDE_2.1.1/STM32CubeIDE/plugins/com.st.stm32cube.ide.mcu.externaltools.gnu-tools-for-stm32.14.3.rel1.win32_1.0.100.202602081740/tools/bin/../lib/gcc/arm-none-eabi/14.3.1/thumb/v8-m.main+dp/hard/crtbegin.o
 *(.bss*)
 .bss.hxspi1    0x3418065c       0x64 ./Application/User/Core/xspi.o
                0x3418065c                hxspi1
 .bss.hxspi2    0x341806c0       0x64 ./Application/User/Core/xspi.o
                0x341806c0                hxspi2
 .bss.HAL_RCC_XSPIM_CLK_ENABLED
                0x34180724        0x4 ./Application/User/Core/xspi.o
 .bss.uwTick    0x34180728        0x4 ./Drivers/STM32N6xx_HAL_Driver/stm32n6xx_hal.o
                0x34180728                uwTick
 .bss.exec      0x3418072c        0x1 ./Middlewares/STM32_ExtMem_Loader/stm32_loader_api.o
                0x3418072c                exec
 *fill*         0x3418072d        0x3 
 .bss.Buff_address
                0x34180730        0x4 ./Middlewares/STM32_ExtMem_Loader/stm32_loader_api.o
                0x34180730                Buff_address
 .bss.Address   0x34180734        0x4 ./Middlewares/STM32_ExtMem_Loader/stm32_loader_api.o
                0x34180734                Address
 .bss.Size      0x34180738        0x4 ./Middlewares/STM32_ExtMem_Loader/stm32_loader_api.o
                0x34180738                Size
 .bss.MemoryMappedMode
                0x3418073c        0x1 ./Middlewares/STM32_ExtMem_Loader/stm32_loader_api.o
                0x3418073c                MemoryMappedMode
 *fill*         0x3418073d        0x3 
 .bss.extmem_list_config
                0x34180740       0xac ./Middlewares/STM32_ExtMem_Manager/stm32_extmem.o
                0x34180740                extmem_list_config
 .bss.sfdp_param_info
                0x341807ec       0x78 ./Middlewares/STM32_ExtMem_Manager/stm32_sfdp_data.o
 .bss.JEDEC_Basic
                0x34180864       0x60 ./Middlewares/STM32_ExtMem_Manager/stm32_sfdp_data.o
 .bss.JEDEC_Address4Bytes
                0x341808c4        0x8 ./Middlewares/STM32_ExtMem_Manager/stm32_sfdp_data.o
 .bss.JEDEC_XSPI10
                0x341808cc       0x18 ./Middlewares/STM32_ExtMem_Manager/stm32_sfdp_data.o
 .bss.JEDEC_SCCR_Map
                0x341808e4       0x70 ./Middlewares/STM32_ExtMem_Manager/stm32_sfdp_data.o
 .bss.JEDEC_OctalDdr
                0x34180954       0x20 ./Middlewares/STM32_ExtMem_Manager/stm32_sfdp_data.o
 *(COMMON)
                0x34180974                        . = ALIGN (0x4)
                0x34180974                        _ebss = .
                0x34180974                        __bss_end__ = _ebss

.text           0x34180974     0xf1c0
                0x34180974                        . = ALIGN (0x4)
 *(.text)
 .text          0x34180974       0x40 D:/ST/STM32CubeIDE_2.1.1/STM32CubeIDE/plugins/com.st.stm32cube.ide.mcu.externaltools.gnu-tools-for-stm32.14.3.rel1.win32_1.0.100.202602081740/tools/bin/../lib/gcc/arm-none-eabi/14.3.1/thumb/v8-m.main+dp/hard/crtbegin.o
 *(.text*)
 .text.MX_EXTMEM_MANAGER_Init
                0x341809b4       0x44 ./Application/User/Core/extmem_manager.o
                0x341809b4                MX_EXTMEM_MANAGER_Init
 .text.extmemloader_Init
                0x341809f8      0x108 ./Application/User/Core/extmemloader_init.o
                0x341809f8                extmemloader_Init
 .text.SystemClock_Config
                0x34180b00      0x1b4 ./Application/User/Core/extmemloader_init.o
 .text.Error_Handler
                0x34180cb4        0x8 ./Application/User/Core/extmemloader_init.o
                0x34180cb4                Error_Handler
 .text.LL_AHB4_GRP1_EnableClock
                0x34180cbc       0x2c ./Application/User/Core/gpio.o
 .text.MX_GPIO_Init
                0x34180ce8       0x20 ./Application/User/Core/gpio.o
                0x34180ce8                MX_GPIO_Init
 .text.HAL_MspInit
                0x34180d08       0x4c ./Application/User/Core/stm32n6xx_hal_msp.o
                0x34180d08                HAL_MspInit
 .text.LL_AHB4_GRP1_EnableClock
                0x34180d54       0x2c ./Application/User/Core/xspi.o
 .text.LL_AHB5_GRP1_EnableClock
                0x34180d80       0x2c ./Application/User/Core/xspi.o
 .text.MX_XSPI1_Init
                0x34180dac       0xb4 ./Application/User/Core/xspi.o
                0x34180dac                MX_XSPI1_Init
 .text.MX_XSPI2_Init
                0x34180e60       0xb4 ./Application/User/Core/xspi.o
                0x34180e60                MX_XSPI2_Init
 .text.HAL_XSPI_MspInit
                0x34180f14      0x1ec ./Application/User/Core/xspi.o
                0x34180f14                HAL_XSPI_MspInit
 .text.MX_XSPIM_Init
                0x34181100        0xe ./Application/User/Core/xspim.o
                0x34181100                MX_XSPIM_Init
 *fill*         0x3418110e        0x2 
 .text.SystemInit
                0x34181110      0x218 ./Drivers/CMSIS/system_stm32n6xx_fsbl.o
                0x34181110                SystemInit
 .text.SystemCoreClockUpdate
                0x34181328      0x350 ./Drivers/CMSIS/system_stm32n6xx_fsbl.o
                0x34181328                SystemCoreClockUpdate
 .text.SECURE_SystemCoreClockUpdate
                0x34181678       0x2c ./Drivers/CMSIS/system_stm32n6xx_fsbl.o
                0x34181678                __acle_se_SECURE_SystemCoreClockUpdate
 .text.HAL_Init
                0x341816a4       0x28 ./Drivers/STM32N6xx_HAL_Driver/stm32n6xx_hal.o
                0x341816a4                HAL_Init
 .text.HAL_Delay
                0x341816cc       0x48 ./Drivers/STM32N6xx_HAL_Driver/stm32n6xx_hal.o
                0x341816cc                HAL_Delay
 .text.__NVIC_SetPriorityGrouping
                0x34181714       0x48 ./Drivers/STM32N6xx_HAL_Driver/stm32n6xx_hal_cortex.o
 .text.__NVIC_GetPriorityGrouping
                0x3418175c       0x1c ./Drivers/STM32N6xx_HAL_Driver/stm32n6xx_hal_cortex.o
 .text.__NVIC_EnableIRQ
                0x34181778       0x3c ./Drivers/STM32N6xx_HAL_Driver/stm32n6xx_hal_cortex.o
 .text.__NVIC_SetPriority
                0x341817b4       0x54 ./Drivers/STM32N6xx_HAL_Driver/stm32n6xx_hal_cortex.o
 .text.NVIC_EncodePriority
                0x34181808       0x66 ./Drivers/STM32N6xx_HAL_Driver/stm32n6xx_hal_cortex.o
 .text.HAL_NVIC_SetPriorityGrouping
                0x3418186e       0x16 ./Drivers/STM32N6xx_HAL_Driver/stm32n6xx_hal_cortex.o
                0x3418186e                HAL_NVIC_SetPriorityGrouping
 .text.HAL_NVIC_SetPriority
                0x34181884       0x3a ./Drivers/STM32N6xx_HAL_Driver/stm32n6xx_hal_cortex.o
                0x34181884                HAL_NVIC_SetPriority
 .text.HAL_NVIC_EnableIRQ
                0x341818be       0x1c ./Drivers/STM32N6xx_HAL_Driver/stm32n6xx_hal_cortex.o
                0x341818be                HAL_NVIC_EnableIRQ
 *fill*         0x341818da        0x2 
 .text.HAL_MPU_Disable
                0x341818dc       0x40 ./Drivers/STM32N6xx_HAL_Driver/stm32n6xx_hal_cortex.o
                0x341818dc                HAL_MPU_Disable
 .text.HAL_DMA_Abort
                0x3418191c       0xf8 ./Drivers/STM32N6xx_HAL_Driver/stm32n6xx_hal_dma.o
                0x3418191c                HAL_DMA_Abort
 .text.HAL_GPIO_Init
                0x34181a14      0x364 ./Drivers/STM32N6xx_HAL_Driver/stm32n6xx_hal_gpio.o
                0x34181a14                HAL_GPIO_Init
 .text.HAL_PWREx_ConfigSupply
                0x34181d78       0x50 ./Drivers/STM32N6xx_HAL_Driver/stm32n6xx_hal_pwr_ex.o
                0x34181d78                HAL_PWREx_ConfigSupply
 .text.HAL_PWREx_ControlVoltageScaling
                0x34181dc8       0x50 ./Drivers/STM32N6xx_HAL_Driver/stm32n6xx_hal_pwr_ex.o
                0x34181dc8                HAL_PWREx_ControlVoltageScaling
 .text.HAL_PWREx_ConfigVddIORange
                0x34181e18       0xa4 ./Drivers/STM32N6xx_HAL_Driver/stm32n6xx_hal_pwr_ex.o
                0x34181e18                HAL_PWREx_ConfigVddIORange
 .text.HAL_PWREx_EnableVddIO2
                0x34181ebc       0x20 ./Drivers/STM32N6xx_HAL_Driver/stm32n6xx_hal_pwr_ex.o
                0x34181ebc                HAL_PWREx_EnableVddIO2
 .text.HAL_PWREx_EnableVddIO3
                0x34181edc       0x20 ./Drivers/STM32N6xx_HAL_Driver/stm32n6xx_hal_pwr_ex.o
                0x34181edc                HAL_PWREx_EnableVddIO3
 .text.HAL_PWREx_EnableVddIO4
                0x34181efc       0x20 ./Drivers/STM32N6xx_HAL_Driver/stm32n6xx_hal_pwr_ex.o
                0x34181efc                HAL_PWREx_EnableVddIO4
 .text.LL_AHB4_GRP1_EnableClock
                0x34181f1c       0x2c ./Drivers/STM32N6xx_HAL_Driver/stm32n6xx_hal_rcc.o
 .text.LL_RCC_HSE_IsReady
                0x34181f48       0x24 ./Drivers/STM32N6xx_HAL_Driver/stm32n6xx_hal_rcc.o
 .text.LL_RCC_HSI_Enable
                0x34181f6c       0x1c ./Drivers/STM32N6xx_HAL_Driver/stm32n6xx_hal_rcc.o
 .text.LL_RCC_HSI_Disable
                0x34181f88       0x20 ./Drivers/STM32N6xx_HAL_Driver/stm32n6xx_hal_rcc.o
 .text.LL_RCC_HSI_IsReady
                0x34181fa8       0x24 ./Drivers/STM32N6xx_HAL_Driver/stm32n6xx_hal_rcc.o
 .text.LL_RCC_HSI_SetDivider
                0x34181fcc       0x28 ./Drivers/STM32N6xx_HAL_Driver/stm32n6xx_hal_rcc.o
 .text.LL_RCC_HSI_GetDivider
                0x34181ff4       0x1c ./Drivers/STM32N6xx_HAL_Driver/stm32n6xx_hal_rcc.o
 .text.LL_RCC_HSI_SetCalibTrimming
                0x34182010       0x2c ./Drivers/STM32N6xx_HAL_Driver/stm32n6xx_hal_rcc.o
 .text.LL_RCC_MSI_Enable
                0x3418203c       0x1c ./Drivers/STM32N6xx_HAL_Driver/stm32n6xx_hal_rcc.o
 .text.LL_RCC_MSI_Disable
                0x34182058       0x20 ./Drivers/STM32N6xx_HAL_Driver/stm32n6xx_hal_rcc.o
 .text.LL_RCC_MSI_IsReady
                0x34182078       0x24 ./Drivers/STM32N6xx_HAL_Driver/stm32n6xx_hal_rcc.o
 .text.LL_RCC_MSI_SetFrequency
                0x3418209c       0x28 ./Drivers/STM32N6xx_HAL_Driver/stm32n6xx_hal_rcc.o
 .text.LL_RCC_MSI_SetCalibTrimming
                0x341820c4       0x2c ./Drivers/STM32N6xx_HAL_Driver/stm32n6xx_hal_rcc.o
 .text.LL_RCC_LSE_IsReady
                0x341820f0       0x24 ./Drivers/STM32N6xx_HAL_Driver/stm32n6xx_hal_rcc.o
 .text.LL_RCC_LSI_Enable
                0x34182114       0x1c ./Drivers/STM32N6xx_HAL_Driver/stm32n6xx_hal_rcc.o
 .text.LL_RCC_LSI_Disable
                0x34182130       0x20 ./Drivers/STM32N6xx_HAL_Driver/stm32n6xx_hal_rcc.o
 .text.LL_RCC_LSI_IsReady
                0x34182150       0x1c ./Drivers/STM32N6xx_HAL_Driver/stm32n6xx_hal_rcc.o
 .text.LL_RCC_GetCpuClkSource
                0x3418216c       0x1c ./Drivers/STM32N6xx_HAL_Driver/stm32n6xx_hal_rcc.o
 .text.LL_RCC_GetSysClkSource
                0x34182188       0x1c ./Drivers/STM32N6xx_HAL_Driver/stm32n6xx_hal_rcc.o
 .text.LL_RCC_EnableMCO
                0x341821a4       0x20 ./Drivers/STM32N6xx_HAL_Driver/stm32n6xx_hal_rcc.o
 .text.LL_RCC_ConfigMCO
                0x341821c4       0x48 ./Drivers/STM32N6xx_HAL_Driver/stm32n6xx_hal_rcc.o
 .text.LL_RCC_PLL1_GetSource
                0x3418220c       0x1c ./Drivers/STM32N6xx_HAL_Driver/stm32n6xx_hal_rcc.o
 .text.LL_RCC_PLL1_IsReady
                0x34182228       0x28 ./Drivers/STM32N6xx_HAL_Driver/stm32n6xx_hal_rcc.o
 .text.LL_RCC_PLL1_IsEnabledBypass
                0x34182250       0x28 ./Drivers/STM32N6xx_HAL_Driver/stm32n6xx_hal_rcc.o
 .text.LL_RCC_PLL2_GetSource
                0x34182278       0x1c ./Drivers/STM32N6xx_HAL_Driver/stm32n6xx_hal_rcc.o
 .text.LL_RCC_PLL2_IsReady
                0x34182294       0x28 ./Drivers/STM32N6xx_HAL_Driver/stm32n6xx_hal_rcc.o
 .text.LL_RCC_PLL2_IsEnabledBypass
                0x341822bc       0x28 ./Drivers/STM32N6xx_HAL_Driver/stm32n6xx_hal_rcc.o
 .text.LL_RCC_PLL3_GetSource
                0x341822e4       0x1c ./Drivers/STM32N6xx_HAL_Driver/stm32n6xx_hal_rcc.o
 .text.LL_RCC_PLL3_IsReady
                0x34182300       0x28 ./Drivers/STM32N6xx_HAL_Driver/stm32n6xx_hal_rcc.o
 .text.LL_RCC_PLL3_IsEnabledBypass
                0x34182328       0x28 ./Drivers/STM32N6xx_HAL_Driver/stm32n6xx_hal_rcc.o
 .text.LL_RCC_PLL4_GetSource
                0x34182350       0x1c ./Drivers/STM32N6xx_HAL_Driver/stm32n6xx_hal_rcc.o
 .text.LL_RCC_PLL4_IsReady
                0x3418236c       0x28 ./Drivers/STM32N6xx_HAL_Driver/stm32n6xx_hal_rcc.o
 .text.LL_RCC_PLL4_IsEnabledBypass
                0x34182394       0x28 ./Drivers/STM32N6xx_HAL_Driver/stm32n6xx_hal_rcc.o
 .text.LL_RCC_IC1_Enable
                0x341823bc       0x1c ./Drivers/STM32N6xx_HAL_Driver/stm32n6xx_hal_rcc.o
 .text.LL_RCC_IC1_GetSource
                0x341823d8       0x1c ./Drivers/STM32N6xx_HAL_Driver/stm32n6xx_hal_rcc.o
 .text.LL_RCC_IC1_GetDivider
                0x341823f4       0x20 ./Drivers/STM32N6xx_HAL_Driver/stm32n6xx_hal_rcc.o
 .text.LL_RCC_IC2_GetSource
                0x34182414       0x1c ./Drivers/STM32N6xx_HAL_Driver/stm32n6xx_hal_rcc.o
 .text.LL_RCC_IC2_GetDivider
                0x34182430       0x20 ./Drivers/STM32N6xx_HAL_Driver/stm32n6xx_hal_rcc.o
 .text.LL_RCC_IC5_Enable
                0x34182450       0x1c ./Drivers/STM32N6xx_HAL_Driver/stm32n6xx_hal_rcc.o
 .text.LL_RCC_IC6_GetSource
                0x3418246c       0x1c ./Drivers/STM32N6xx_HAL_Driver/stm32n6xx_hal_rcc.o
 .text.LL_RCC_IC10_Enable
                0x34182488       0x1c ./Drivers/STM32N6xx_HAL_Driver/stm32n6xx_hal_rcc.o
 .text.LL_RCC_IC11_GetSource
                0x341824a4       0x1c ./Drivers/STM32N6xx_HAL_Driver/stm32n6xx_hal_rcc.o
 .text.LL_RCC_IC15_Enable
                0x341824c0       0x1c ./Drivers/STM32N6xx_HAL_Driver/stm32n6xx_hal_rcc.o
 .text.LL_RCC_IC20_Enable
                0x341824dc       0x1c ./Drivers/STM32N6xx_HAL_Driver/stm32n6xx_hal_rcc.o
 .text.HAL_RCC_OscConfig
                0x341824f8      0x7c0 ./Drivers/STM32N6xx_HAL_Driver/stm32n6xx_hal_rcc.o
                0x341824f8                HAL_RCC_OscConfig
 .text.HAL_RCC_ClockConfig
                0x34182cb8      0x408 ./Drivers/STM32N6xx_HAL_Driver/stm32n6xx_hal_rcc.o
                0x34182cb8                HAL_RCC_ClockConfig
 .text.HAL_RCC_MCOConfig
                0x341830c0       0xe0 ./Drivers/STM32N6xx_HAL_Driver/stm32n6xx_hal_rcc.o
                0x341830c0                HAL_RCC_MCOConfig
 .text.HAL_RCC_GetCpuClockFreq
                0x341831a0      0x100 ./Drivers/STM32N6xx_HAL_Driver/stm32n6xx_hal_rcc.o
                0x341831a0                HAL_RCC_GetCpuClockFreq
 .text.HAL_RCC_GetSysClockFreq
                0x341832a0       0x1e ./Drivers/STM32N6xx_HAL_Driver/stm32n6xx_hal_rcc.o
                0x341832a0                HAL_RCC_GetSysClockFreq
 *fill*         0x341832be        0x2 
 .text.HAL_RCC_GetClockConfig
                0x341832c0       0xec ./Drivers/STM32N6xx_HAL_Driver/stm32n6xx_hal_rcc.o
                0x341832c0                HAL_RCC_GetClockConfig
 .text.RCC_GetSysClockFreq
                0x341833ac      0x104 ./Drivers/STM32N6xx_HAL_Driver/stm32n6xx_hal_rcc.o
 .text.RCC_PLL_Config
                0x341834b0      0x260 ./Drivers/STM32N6xx_HAL_Driver/stm32n6xx_hal_rcc.o
 .text.RCC_PLL_Enable
                0x34183710       0x58 ./Drivers/STM32N6xx_HAL_Driver/stm32n6xx_hal_rcc.o
 .text.RCC_PLL_IsNewConfig
                0x34183768       0xf4 ./Drivers/STM32N6xx_HAL_Driver/stm32n6xx_hal_rcc.o
 .text.RCC_PLL_Source_IsReady
                0x3418385c       0x74 ./Drivers/STM32N6xx_HAL_Driver/stm32n6xx_hal_rcc.o
 .text.RCC_IC_CheckPLLSources
                0x341838d0      0x170 ./Drivers/STM32N6xx_HAL_Driver/stm32n6xx_hal_rcc.o
 .text.LL_RCC_HSE_SelectHSEAsDiv2Clock
                0x34183a40       0x20 ./Drivers/STM32N6xx_HAL_Driver/stm32n6xx_hal_rcc_ex.o
 .text.LL_RCC_HSE_SelectHSEDiv2AsDiv2Clock
                0x34183a60       0x20 ./Drivers/STM32N6xx_HAL_Driver/stm32n6xx_hal_rcc_ex.o
 .text.LL_RCC_HSE_IsSelectedHSEDiv2AsDiv2Clock
                0x34183a80       0x24 ./Drivers/STM32N6xx_HAL_Driver/stm32n6xx_hal_rcc_ex.o
 .text.LL_RCC_HSE_IsReady
                0x34183aa4       0x24 ./Drivers/STM32N6xx_HAL_Driver/stm32n6xx_hal_rcc_ex.o
 .text.LL_RCC_HSI_IsReady
                0x34183ac8       0x24 ./Drivers/STM32N6xx_HAL_Driver/stm32n6xx_hal_rcc_ex.o
 .text.LL_RCC_HSI_GetDivider
                0x34183aec       0x1c ./Drivers/STM32N6xx_HAL_Driver/stm32n6xx_hal_rcc_ex.o
 .text.LL_RCC_MSI_IsReady
                0x34183b08       0x24 ./Drivers/STM32N6xx_HAL_Driver/stm32n6xx_hal_rcc_ex.o
 .text.LL_RCC_MSI_GetFrequency
                0x34183b2c       0x1c ./Drivers/STM32N6xx_HAL_Driver/stm32n6xx_hal_rcc_ex.o
 .text.LL_RCC_LSE_IsReady
                0x34183b48       0x24 ./Drivers/STM32N6xx_HAL_Driver/stm32n6xx_hal_rcc_ex.o
 .text.LL_RCC_LSI_IsReady
                0x34183b6c       0x1c ./Drivers/STM32N6xx_HAL_Driver/stm32n6xx_hal_rcc_ex.o
 .text.LL_RCC_GetAHBPrescaler
                0x34183b88       0x1c ./Drivers/STM32N6xx_HAL_Driver/stm32n6xx_hal_rcc_ex.o
 .text.LL_RCC_GetAPB1Prescaler
                0x34183ba4       0x1c ./Drivers/STM32N6xx_HAL_Driver/stm32n6xx_hal_rcc_ex.o
 .text.LL_RCC_GetAPB2Prescaler
                0x34183bc0       0x1c ./Drivers/STM32N6xx_HAL_Driver/stm32n6xx_hal_rcc_ex.o
 .text.LL_RCC_GetAPB4Prescaler
                0x34183bdc       0x1c ./Drivers/STM32N6xx_HAL_Driver/stm32n6xx_hal_rcc_ex.o
 .text.LL_RCC_GetAPB5Prescaler
                0x34183bf8       0x1c ./Drivers/STM32N6xx_HAL_Driver/stm32n6xx_hal_rcc_ex.o
 .text.LL_RCC_SetClockSource
                0x34183c14       0x54 ./Drivers/STM32N6xx_HAL_Driver/stm32n6xx_hal_rcc_ex.o
 .text.LL_RCC_GetADCPrescaler
                0x34183c68       0x1c ./Drivers/STM32N6xx_HAL_Driver/stm32n6xx_hal_rcc_ex.o
 .text.LL_RCC_SetADFClockSource
                0x34183c84       0x2c ./Drivers/STM32N6xx_HAL_Driver/stm32n6xx_hal_rcc_ex.o
 .text.LL_RCC_SetCLKPClockSource
                0x34183cb0       0x2c ./Drivers/STM32N6xx_HAL_Driver/stm32n6xx_hal_rcc_ex.o
 .text.LL_RCC_SetDCMIPPClockSource
                0x34183cdc       0x2c ./Drivers/STM32N6xx_HAL_Driver/stm32n6xx_hal_rcc_ex.o
 .text.LL_RCC_SetETHClockSource
                0x34183d08       0x2c ./Drivers/STM32N6xx_HAL_Driver/stm32n6xx_hal_rcc_ex.o
 .text.LL_RCC_SetETHPHYInterface
                0x34183d34       0x2c ./Drivers/STM32N6xx_HAL_Driver/stm32n6xx_hal_rcc_ex.o
 .text.LL_RCC_GetETH1PTPDivider
                0x34183d60       0x1c ./Drivers/STM32N6xx_HAL_Driver/stm32n6xx_hal_rcc_ex.o
 .text.LL_RCC_SetETHREFRXClockSource
                0x34183d7c       0x2c ./Drivers/STM32N6xx_HAL_Driver/stm32n6xx_hal_rcc_ex.o
 .text.LL_RCC_SetETHREFTXClockSource
                0x34183da8       0x2c ./Drivers/STM32N6xx_HAL_Driver/stm32n6xx_hal_rcc_ex.o
 .text.LL_RCC_SetFDCANClockSource
                0x34183dd4       0x2c ./Drivers/STM32N6xx_HAL_Driver/stm32n6xx_hal_rcc_ex.o
 .text.LL_RCC_SetFMCClockSource
                0x34183e00       0x2c ./Drivers/STM32N6xx_HAL_Driver/stm32n6xx_hal_rcc_ex.o
 .text.LL_RCC_SetI2CClockSource
                0x34183e2c       0x16 ./Drivers/STM32N6xx_HAL_Driver/stm32n6xx_hal_rcc_ex.o
 .text.LL_RCC_SetI3CClockSource
                0x34183e42       0x16 ./Drivers/STM32N6xx_HAL_Driver/stm32n6xx_hal_rcc_ex.o
 .text.LL_RCC_SetLPTIMClockSource
                0x34183e58       0x16 ./Drivers/STM32N6xx_HAL_Driver/stm32n6xx_hal_rcc_ex.o
 *fill*         0x34183e6e        0x2 
 .text.LL_RCC_SetLPUARTClockSource
                0x34183e70       0x2c ./Drivers/STM32N6xx_HAL_Driver/stm32n6xx_hal_rcc_ex.o
 .text.LL_RCC_SetLTDCClockSource
                0x34183e9c       0x2c ./Drivers/STM32N6xx_HAL_Driver/stm32n6xx_hal_rcc_ex.o
 .text.LL_RCC_SetMDFClockSource
                0x34183ec8       0x2c ./Drivers/STM32N6xx_HAL_Driver/stm32n6xx_hal_rcc_ex.o
 .text.LL_RCC_SetOTGPHYClockSource
                0x34183ef4       0x16 ./Drivers/STM32N6xx_HAL_Driver/stm32n6xx_hal_rcc_ex.o
 .text.LL_RCC_SetOTGPHYCKREFClockSource
                0x34183f0a       0x16 ./Drivers/STM32N6xx_HAL_Driver/stm32n6xx_hal_rcc_ex.o
 .text.LL_RCC_SetPSSIClockSource
                0x34183f20       0x2c ./Drivers/STM32N6xx_HAL_Driver/stm32n6xx_hal_rcc_ex.o
 .text.LL_RCC_SetSAIClockSource
                0x34183f4c       0x16 ./Drivers/STM32N6xx_HAL_Driver/stm32n6xx_hal_rcc_ex.o
 .text.LL_RCC_SetSDMMCClockSource
                0x34183f62       0x16 ./Drivers/STM32N6xx_HAL_Driver/stm32n6xx_hal_rcc_ex.o
 .text.LL_RCC_SetSPDIFRXClockSource
                0x34183f78       0x2c ./Drivers/STM32N6xx_HAL_Driver/stm32n6xx_hal_rcc_ex.o
 .text.LL_RCC_SetSPIClockSource
                0x34183fa4       0x16 ./Drivers/STM32N6xx_HAL_Driver/stm32n6xx_hal_rcc_ex.o
 .text.LL_RCC_SetUSARTClockSource
                0x34183fba       0x16 ./Drivers/STM32N6xx_HAL_Driver/stm32n6xx_hal_rcc_ex.o
 .text.LL_RCC_SetXSPIClockSource
                0x34183fd0       0x16 ./Drivers/STM32N6xx_HAL_Driver/stm32n6xx_hal_rcc_ex.o
 *fill*         0x34183fe6        0x2 
 .text.LL_RCC_GetClockSource
                0x34183fe8       0x4c ./Drivers/STM32N6xx_HAL_Driver/stm32n6xx_hal_rcc_ex.o
 .text.LL_RCC_GetADCClockSource
                0x34184034       0x24 ./Drivers/STM32N6xx_HAL_Driver/stm32n6xx_hal_rcc_ex.o
 .text.LL_RCC_GetADFClockSource
                0x34184058       0x24 ./Drivers/STM32N6xx_HAL_Driver/stm32n6xx_hal_rcc_ex.o
 .text.LL_RCC_GetCLKPClockSource
                0x3418407c       0x24 ./Drivers/STM32N6xx_HAL_Driver/stm32n6xx_hal_rcc_ex.o
 .text.LL_RCC_GetDCMIPPClockSource
                0x341840a0       0x24 ./Drivers/STM32N6xx_HAL_Driver/stm32n6xx_hal_rcc_ex.o
 .text.LL_RCC_GetETHClockSource
                0x341840c4       0x24 ./Drivers/STM32N6xx_HAL_Driver/stm32n6xx_hal_rcc_ex.o
 .text.LL_RCC_GetETHPTPClockSource
                0x341840e8       0x24 ./Drivers/STM32N6xx_HAL_Driver/stm32n6xx_hal_rcc_ex.o
 .text.LL_RCC_GetFDCANClockSource
                0x3418410c       0x24 ./Drivers/STM32N6xx_HAL_Driver/stm32n6xx_hal_rcc_ex.o
 .text.LL_RCC_GetFMCClockSource
                0x34184130       0x24 ./Drivers/STM32N6xx_HAL_Driver/stm32n6xx_hal_rcc_ex.o
 .text.LL_RCC_GetI2CClockSource
                0x34184154       0x18 ./Drivers/STM32N6xx_HAL_Driver/stm32n6xx_hal_rcc_ex.o
 .text.LL_RCC_GetI3CClockSource
                0x3418416c       0x18 ./Drivers/STM32N6xx_HAL_Driver/stm32n6xx_hal_rcc_ex.o
 .text.LL_RCC_GetLPTIMClockSource
                0x34184184       0x18 ./Drivers/STM32N6xx_HAL_Driver/stm32n6xx_hal_rcc_ex.o
 .text.LL_RCC_GetLPUARTClockSource
                0x3418419c       0x24 ./Drivers/STM32N6xx_HAL_Driver/stm32n6xx_hal_rcc_ex.o
 .text.LL_RCC_GetLTDCClockSource
                0x341841c0       0x24 ./Drivers/STM32N6xx_HAL_Driver/stm32n6xx_hal_rcc_ex.o
 .text.LL_RCC_GetMDFClockSource
                0x341841e4       0x24 ./Drivers/STM32N6xx_HAL_Driver/stm32n6xx_hal_rcc_ex.o
 .text.LL_RCC_GetPSSIClockSource
                0x34184208       0x24 ./Drivers/STM32N6xx_HAL_Driver/stm32n6xx_hal_rcc_ex.o
 .text.LL_RCC_GetSAIClockSource
                0x3418422c       0x18 ./Drivers/STM32N6xx_HAL_Driver/stm32n6xx_hal_rcc_ex.o
 .text.LL_RCC_GetSDMMCClockSource
                0x34184244       0x18 ./Drivers/STM32N6xx_HAL_Driver/stm32n6xx_hal_rcc_ex.o
 .text.LL_RCC_GetSPDIFRXClockSource
                0x3418425c       0x24 ./Drivers/STM32N6xx_HAL_Driver/stm32n6xx_hal_rcc_ex.o
 .text.LL_RCC_GetSPIClockSource
                0x34184280       0x18 ./Drivers/STM32N6xx_HAL_Driver/stm32n6xx_hal_rcc_ex.o
 .text.LL_RCC_GetUSARTClockSource
                0x34184298       0x18 ./Drivers/STM32N6xx_HAL_Driver/stm32n6xx_hal_rcc_ex.o
 .text.LL_RCC_GetUARTClockSource
                0x341842b0       0x18 ./Drivers/STM32N6xx_HAL_Driver/stm32n6xx_hal_rcc_ex.o
 .text.LL_RCC_GetUSBClockSource
                0x341842c8       0x18 ./Drivers/STM32N6xx_HAL_Driver/stm32n6xx_hal_rcc_ex.o
 .text.LL_RCC_GetXSPIClockSource
                0x341842e0       0x18 ./Drivers/STM32N6xx_HAL_Driver/stm32n6xx_hal_rcc_ex.o
 .text.LL_RCC_SetRTCClockSource
                0x341842f8       0x2c ./Drivers/STM32N6xx_HAL_Driver/stm32n6xx_hal_rcc_ex.o
 .text.LL_RCC_GetRTCClockSource
                0x34184324       0x1c ./Drivers/STM32N6xx_HAL_Driver/stm32n6xx_hal_rcc_ex.o
 .text.LL_RCC_SetRTC_HSEPrescaler
                0x34184340       0x2c ./Drivers/STM32N6xx_HAL_Driver/stm32n6xx_hal_rcc_ex.o
 .text.LL_RCC_SetTIMPrescaler
                0x3418436c       0x2c ./Drivers/STM32N6xx_HAL_Driver/stm32n6xx_hal_rcc_ex.o
 .text.LL_RCC_GetTIMPrescaler
                0x34184398       0x1c ./Drivers/STM32N6xx_HAL_Driver/stm32n6xx_hal_rcc_ex.o
 .text.LL_RCC_PLL1_GetSource
                0x341843b4       0x1c ./Drivers/STM32N6xx_HAL_Driver/stm32n6xx_hal_rcc_ex.o
 .text.LL_RCC_PLL1_IsReady
                0x341843d0       0x28 ./Drivers/STM32N6xx_HAL_Driver/stm32n6xx_hal_rcc_ex.o
 .text.LL_RCC_PLL1_IsEnabledBypass
                0x341843f8       0x28 ./Drivers/STM32N6xx_HAL_Driver/stm32n6xx_hal_rcc_ex.o
 .text.LL_RCC_PLL1_GetN
                0x34184420       0x20 ./Drivers/STM32N6xx_HAL_Driver/stm32n6xx_hal_rcc_ex.o
 .text.LL_RCC_PLL1_GetM
                0x34184440       0x20 ./Drivers/STM32N6xx_HAL_Driver/stm32n6xx_hal_rcc_ex.o
 .text.LL_RCC_PLL1_GetP1
                0x34184460       0x20 ./Drivers/STM32N6xx_HAL_Driver/stm32n6xx_hal_rcc_ex.o
 .text.LL_RCC_PLL1_GetP2
                0x34184480       0x20 ./Drivers/STM32N6xx_HAL_Driver/stm32n6xx_hal_rcc_ex.o
 .text.LL_RCC_PLL1P_IsEnabled
                0x341844a0       0x28 ./Drivers/STM32N6xx_HAL_Driver/stm32n6xx_hal_rcc_ex.o
 .text.LL_RCC_PLL1_GetFRACN
                0x341844c8       0x1c ./Drivers/STM32N6xx_HAL_Driver/stm32n6xx_hal_rcc_ex.o
 .text.LL_RCC_PLL2_GetSource
                0x341844e4       0x1c ./Drivers/STM32N6xx_HAL_Driver/stm32n6xx_hal_rcc_ex.o
 .text.LL_RCC_PLL2_IsReady
                0x34184500       0x28 ./Drivers/STM32N6xx_HAL_Driver/stm32n6xx_hal_rcc_ex.o
 .text.LL_RCC_PLL2_IsEnabledBypass
                0x34184528       0x28 ./Drivers/STM32N6xx_HAL_Driver/stm32n6xx_hal_rcc_ex.o
 .text.LL_RCC_PLL2_GetN
                0x34184550       0x20 ./Drivers/STM32N6xx_HAL_Driver/stm32n6xx_hal_rcc_ex.o
 .text.LL_RCC_PLL2_GetM
                0x34184570       0x20 ./Drivers/STM32N6xx_HAL_Driver/stm32n6xx_hal_rcc_ex.o
 .text.LL_RCC_PLL2_GetP1
                0x34184590       0x20 ./Drivers/STM32N6xx_HAL_Driver/stm32n6xx_hal_rcc_ex.o
 .text.LL_RCC_PLL2_GetP2
                0x341845b0       0x20 ./Drivers/STM32N6xx_HAL_Driver/stm32n6xx_hal_rcc_ex.o
 .text.LL_RCC_PLL2P_IsEnabled
                0x341845d0       0x28 ./Drivers/STM32N6xx_HAL_Driver/stm32n6xx_hal_rcc_ex.o
 .text.LL_RCC_PLL2_GetFRACN
                0x341845f8       0x1c ./Drivers/STM32N6xx_HAL_Driver/stm32n6xx_hal_rcc_ex.o
 .text.LL_RCC_PLL3_GetSource
                0x34184614       0x1c ./Drivers/STM32N6xx_HAL_Driver/stm32n6xx_hal_rcc_ex.o
 .text.LL_RCC_PLL3_IsReady
                0x34184630       0x28 ./Drivers/STM32N6xx_HAL_Driver/stm32n6xx_hal_rcc_ex.o
 .text.LL_RCC_PLL3_IsEnabledBypass
                0x34184658       0x28 ./Drivers/STM32N6xx_HAL_Driver/stm32n6xx_hal_rcc_ex.o
 .text.LL_RCC_PLL3_GetN
                0x34184680       0x20 ./Drivers/STM32N6xx_HAL_Driver/stm32n6xx_hal_rcc_ex.o
 .text.LL_RCC_PLL3_GetM
                0x341846a0       0x20 ./Drivers/STM32N6xx_HAL_Driver/stm32n6xx_hal_rcc_ex.o
 .text.LL_RCC_PLL3_GetP1
                0x341846c0       0x20 ./Drivers/STM32N6xx_HAL_Driver/stm32n6xx_hal_rcc_ex.o
 .text.LL_RCC_PLL3_GetP2
                0x341846e0       0x20 ./Drivers/STM32N6xx_HAL_Driver/stm32n6xx_hal_rcc_ex.o
 .text.LL_RCC_PLL3P_IsEnabled
                0x34184700       0x28 ./Drivers/STM32N6xx_HAL_Driver/stm32n6xx_hal_rcc_ex.o
 .text.LL_RCC_PLL3_GetFRACN
                0x34184728       0x1c ./Drivers/STM32N6xx_HAL_Driver/stm32n6xx_hal_rcc_ex.o
 .text.LL_RCC_PLL4_GetSource
                0x34184744       0x1c ./Drivers/STM32N6xx_HAL_Driver/stm32n6xx_hal_rcc_ex.o
 .text.LL_RCC_PLL4_IsReady
                0x34184760       0x28 ./Drivers/STM32N6xx_HAL_Driver/stm32n6xx_hal_rcc_ex.o
 .text.LL_RCC_PLL4_IsEnabledBypass
                0x34184788       0x28 ./Drivers/STM32N6xx_HAL_Driver/stm32n6xx_hal_rcc_ex.o
 .text.LL_RCC_PLL4_GetN
                0x341847b0       0x20 ./Drivers/STM32N6xx_HAL_Driver/stm32n6xx_hal_rcc_ex.o
 .text.LL_RCC_PLL4_GetM
                0x341847d0       0x20 ./Drivers/STM32N6xx_HAL_Driver/stm32n6xx_hal_rcc_ex.o
 .text.LL_RCC_PLL4_GetP1
                0x341847f0       0x20 ./Drivers/STM32N6xx_HAL_Driver/stm32n6xx_hal_rcc_ex.o
 .text.LL_RCC_PLL4_GetP2
                0x34184810       0x20 ./Drivers/STM32N6xx_HAL_Driver/stm32n6xx_hal_rcc_ex.o
 .text.LL_RCC_PLL4P_IsEnabled
                0x34184830       0x28 ./Drivers/STM32N6xx_HAL_Driver/stm32n6xx_hal_rcc_ex.o
 .text.LL_RCC_PLL4_GetFRACN
                0x34184858       0x1c ./Drivers/STM32N6xx_HAL_Driver/stm32n6xx_hal_rcc_ex.o
 .text.LL_RCC_IC3_Enable
                0x34184874       0x1c ./Drivers/STM32N6xx_HAL_Driver/stm32n6xx_hal_rcc_ex.o
 .text.LL_RCC_IC3_IsEnabled
                0x34184890       0x28 ./Drivers/STM32N6xx_HAL_Driver/stm32n6xx_hal_rcc_ex.o
 .text.LL_RCC_IC3_GetSource
                0x341848b8       0x1c ./Drivers/STM32N6xx_HAL_Driver/stm32n6xx_hal_rcc_ex.o
 .text.LL_RCC_IC3_GetDivider
                0x341848d4       0x20 ./Drivers/STM32N6xx_HAL_Driver/stm32n6xx_hal_rcc_ex.o
 .text.LL_RCC_IC4_Enable
                0x341848f4       0x1c ./Drivers/STM32N6xx_HAL_Driver/stm32n6xx_hal_rcc_ex.o
 .text.LL_RCC_IC4_IsEnabled
                0x34184910       0x28 ./Drivers/STM32N6xx_HAL_Driver/stm32n6xx_hal_rcc_ex.o
 .text.LL_RCC_IC4_GetSource
                0x34184938       0x1c ./Drivers/STM32N6xx_HAL_Driver/stm32n6xx_hal_rcc_ex.o
 .text.LL_RCC_IC4_GetDivider
                0x34184954       0x20 ./Drivers/STM32N6xx_HAL_Driver/stm32n6xx_hal_rcc_ex.o
 .text.LL_RCC_IC5_Enable
                0x34184974       0x1c ./Drivers/STM32N6xx_HAL_Driver/stm32n6xx_hal_rcc_ex.o
 .text.LL_RCC_IC5_IsEnabled
                0x34184990       0x28 ./Drivers/STM32N6xx_HAL_Driver/stm32n6xx_hal_rcc_ex.o
 .text.LL_RCC_IC5_GetSource
                0x341849b8       0x1c ./Drivers/STM32N6xx_HAL_Driver/stm32n6xx_hal_rcc_ex.o
 .text.LL_RCC_IC5_GetDivider
                0x341849d4       0x20 ./Drivers/STM32N6xx_HAL_Driver/stm32n6xx_hal_rcc_ex.o
 .text.LL_RCC_IC7_Enable
                0x341849f4       0x1c ./Drivers/STM32N6xx_HAL_Driver/stm32n6xx_hal_rcc_ex.o
 .text.LL_RCC_IC7_IsEnabled
                0x34184a10       0x28 ./Drivers/STM32N6xx_HAL_Driver/stm32n6xx_hal_rcc_ex.o
 .text.LL_RCC_IC7_GetSource
                0x34184a38       0x1c ./Drivers/STM32N6xx_HAL_Driver/stm32n6xx_hal_rcc_ex.o
 .text.LL_RCC_IC7_GetDivider
                0x34184a54       0x20 ./Drivers/STM32N6xx_HAL_Driver/stm32n6xx_hal_rcc_ex.o
 .text.LL_RCC_IC8_Enable
                0x34184a74       0x1c ./Drivers/STM32N6xx_HAL_Driver/stm32n6xx_hal_rcc_ex.o
 .text.LL_RCC_IC8_IsEnabled
                0x34184a90       0x28 ./Drivers/STM32N6xx_HAL_Driver/stm32n6xx_hal_rcc_ex.o
 .text.LL_RCC_IC8_GetSource
                0x34184ab8       0x1c ./Drivers/STM32N6xx_HAL_Driver/stm32n6xx_hal_rcc_ex.o
 .text.LL_RCC_IC8_GetDivider
                0x34184ad4       0x20 ./Drivers/STM32N6xx_HAL_Driver/stm32n6xx_hal_rcc_ex.o
 .text.LL_RCC_IC9_Enable
                0x34184af4       0x1c ./Drivers/STM32N6xx_HAL_Driver/stm32n6xx_hal_rcc_ex.o
 .text.LL_RCC_IC9_IsEnabled
                0x34184b10       0x28 ./Drivers/STM32N6xx_HAL_Driver/stm32n6xx_hal_rcc_ex.o
 .text.LL_RCC_IC9_GetSource
                0x34184b38       0x1c ./Drivers/STM32N6xx_HAL_Driver/stm32n6xx_hal_rcc_ex.o
 .text.LL_RCC_IC9_GetDivider
                0x34184b54       0x20 ./Drivers/STM32N6xx_HAL_Driver/stm32n6xx_hal_rcc_ex.o
 .text.LL_RCC_IC10_Enable
                0x34184b74       0x1c ./Drivers/STM32N6xx_HAL_Driver/stm32n6xx_hal_rcc_ex.o
 .text.LL_RCC_IC10_IsEnabled
                0x34184b90       0x28 ./Drivers/STM32N6xx_HAL_Driver/stm32n6xx_hal_rcc_ex.o
 .text.LL_RCC_IC10_GetSource
                0x34184bb8       0x1c ./Drivers/STM32N6xx_HAL_Driver/stm32n6xx_hal_rcc_ex.o
 .text.LL_RCC_IC10_GetDivider
                0x34184bd4       0x20 ./Drivers/STM32N6xx_HAL_Driver/stm32n6xx_hal_rcc_ex.o
 .text.LL_RCC_IC12_Enable
                0x34184bf4       0x1c ./Drivers/STM32N6xx_HAL_Driver/stm32n6xx_hal_rcc_ex.o
 .text.LL_RCC_IC12_IsEnabled
                0x34184c10       0x28 ./Drivers/STM32N6xx_HAL_Driver/stm32n6xx_hal_rcc_ex.o
 .text.LL_RCC_IC12_GetSource
                0x34184c38       0x1c ./Drivers/STM32N6xx_HAL_Driver/stm32n6xx_hal_rcc_ex.o
 .text.LL_RCC_IC12_GetDivider
                0x34184c54       0x20 ./Drivers/STM32N6xx_HAL_Driver/stm32n6xx_hal_rcc_ex.o
 .text.LL_RCC_IC13_Enable
                0x34184c74       0x1c ./Drivers/STM32N6xx_HAL_Driver/stm32n6xx_hal_rcc_ex.o
 .text.LL_RCC_IC13_IsEnabled
                0x34184c90       0x28 ./Drivers/STM32N6xx_HAL_Driver/stm32n6xx_hal_rcc_ex.o
 .text.LL_RCC_IC13_GetSource
                0x34184cb8       0x1c ./Drivers/STM32N6xx_HAL_Driver/stm32n6xx_hal_rcc_ex.o
 .text.LL_RCC_IC13_GetDivider
                0x34184cd4       0x20 ./Drivers/STM32N6xx_HAL_Driver/stm32n6xx_hal_rcc_ex.o
 .text.LL_RCC_IC14_Enable
                0x34184cf4       0x1c ./Drivers/STM32N6xx_HAL_Driver/stm32n6xx_hal_rcc_ex.o
 .text.LL_RCC_IC14_IsEnabled
                0x34184d10       0x28 ./Drivers/STM32N6xx_HAL_Driver/stm32n6xx_hal_rcc_ex.o
 .text.LL_RCC_IC14_GetSource
                0x34184d38       0x1c ./Drivers/STM32N6xx_HAL_Driver/stm32n6xx_hal_rcc_ex.o
 .text.LL_RCC_IC14_GetDivider
                0x34184d54       0x20 ./Drivers/STM32N6xx_HAL_Driver/stm32n6xx_hal_rcc_ex.o
 .text.LL_RCC_IC15_Enable
                0x34184d74       0x1c ./Drivers/STM32N6xx_HAL_Driver/stm32n6xx_hal_rcc_ex.o
 .text.LL_RCC_IC15_IsEnabled
                0x34184d90       0x28 ./Drivers/STM32N6xx_HAL_Driver/stm32n6xx_hal_rcc_ex.o
 .text.LL_RCC_IC15_GetSource
                0x34184db8       0x1c ./Drivers/STM32N6xx_HAL_Driver/stm32n6xx_hal_rcc_ex.o
 .text.LL_RCC_IC15_GetDivider
                0x34184dd4       0x20 ./Drivers/STM32N6xx_HAL_Driver/stm32n6xx_hal_rcc_ex.o
 .text.LL_RCC_IC16_Enable
                0x34184df4       0x1c ./Drivers/STM32N6xx_HAL_Driver/stm32n6xx_hal_rcc_ex.o
 .text.LL_RCC_IC16_IsEnabled
                0x34184e10       0x28 ./Drivers/STM32N6xx_HAL_Driver/stm32n6xx_hal_rcc_ex.o
 .text.LL_RCC_IC16_GetSource
                0x34184e38       0x1c ./Drivers/STM32N6xx_HAL_Driver/stm32n6xx_hal_rcc_ex.o
 .text.LL_RCC_IC16_GetDivider
                0x34184e54       0x20 ./Drivers/STM32N6xx_HAL_Driver/stm32n6xx_hal_rcc_ex.o
 .text.LL_RCC_IC17_Enable
                0x34184e74       0x1c ./Drivers/STM32N6xx_HAL_Driver/stm32n6xx_hal_rcc_ex.o
 .text.LL_RCC_IC17_IsEnabled
                0x34184e90       0x28 ./Drivers/STM32N6xx_HAL_Driver/stm32n6xx_hal_rcc_ex.o
 .text.LL_RCC_IC17_GetSource
                0x34184eb8       0x1c ./Drivers/STM32N6xx_HAL_Driver/stm32n6xx_hal_rcc_ex.o
 .text.LL_RCC_IC17_GetDivider
                0x34184ed4       0x20 ./Drivers/STM32N6xx_HAL_Driver/stm32n6xx_hal_rcc_ex.o
 .text.LL_RCC_IC18_Enable
                0x34184ef4       0x1c ./Drivers/STM32N6xx_HAL_Driver/stm32n6xx_hal_rcc_ex.o
 .text.LL_RCC_IC18_IsEnabled
                0x34184f10       0x28 ./Drivers/STM32N6xx_HAL_Driver/stm32n6xx_hal_rcc_ex.o
 .text.LL_RCC_IC18_GetSource
                0x34184f38       0x1c ./Drivers/STM32N6xx_HAL_Driver/stm32n6xx_hal_rcc_ex.o
 .text.LL_RCC_IC18_GetDivider
                0x34184f54       0x20 ./Drivers/STM32N6xx_HAL_Driver/stm32n6xx_hal_rcc_ex.o
 .text.LL_RCC_IC19_Enable
                0x34184f74       0x1c ./Drivers/STM32N6xx_HAL_Driver/stm32n6xx_hal_rcc_ex.o
 .text.LL_RCC_IC19_IsEnabled
                0x34184f90       0x28 ./Drivers/STM32N6xx_HAL_Driver/stm32n6xx_hal_rcc_ex.o
 .text.LL_RCC_IC19_GetSource
                0x34184fb8       0x1c ./Drivers/STM32N6xx_HAL_Driver/stm32n6xx_hal_rcc_ex.o
 .text.LL_RCC_IC19_GetDivider
                0x34184fd4       0x20 ./Drivers/STM32N6xx_HAL_Driver/stm32n6xx_hal_rcc_ex.o
 .text.LL_RCC_IC20_Enable
                0x34184ff4       0x1c ./Drivers/STM32N6xx_HAL_Driver/stm32n6xx_hal_rcc_ex.o
 .text.LL_RCC_IC20_IsEnabled
                0x34185010       0x28 ./Drivers/STM32N6xx_HAL_Driver/stm32n6xx_hal_rcc_ex.o
 .text.LL_RCC_IC20_GetSource
                0x34185038       0x1c ./Drivers/STM32N6xx_HAL_Driver/stm32n6xx_hal_rcc_ex.o
 .text.LL_RCC_IC20_GetDivider
                0x34185054       0x20 ./Drivers/STM32N6xx_HAL_Driver/stm32n6xx_hal_rcc_ex.o
 .text.LL_RCC_CLKP_Enable
                0x34185074       0x1c ./Drivers/STM32N6xx_HAL_Driver/stm32n6xx_hal_rcc_ex.o
 .text.LL_RCC_CLKP_IsEnabled
                0x34185090       0x28 ./Drivers/STM32N6xx_HAL_Driver/stm32n6xx_hal_rcc_ex.o
 .text.HAL_RCCEx_PeriphCLKConfig
                0x341850b8     0x25c8 ./Drivers/STM32N6xx_HAL_Driver/stm32n6xx_hal_rcc_ex.o
                0x341850b8                HAL_RCCEx_PeriphCLKConfig
 .text.HAL_RCCEx_GetPeriphCLKFreq
                0x34187680      0x938 ./Drivers/STM32N6xx_HAL_Driver/stm32n6xx_hal_rcc_ex.o
                0x34187680                HAL_RCCEx_GetPeriphCLKFreq
 .text.HAL_RCCEx_GetPLL1CLKFreq
                0x34187fb8       0x8c ./Drivers/STM32N6xx_HAL_Driver/stm32n6xx_hal_rcc_ex.o
                0x34187fb8                HAL_RCCEx_GetPLL1CLKFreq
 .text.HAL_RCCEx_GetPLL2CLKFreq
                0x34188044       0x8c ./Drivers/STM32N6xx_HAL_Driver/stm32n6xx_hal_rcc_ex.o
                0x34188044                HAL_RCCEx_GetPLL2CLKFreq
 .text.HAL_RCCEx_GetPLL3CLKFreq
                0x341880d0       0x8c ./Drivers/STM32N6xx_HAL_Driver/stm32n6xx_hal_rcc_ex.o
                0x341880d0                HAL_RCCEx_GetPLL3CLKFreq
 .text.HAL_RCCEx_GetPLL4CLKFreq
                0x3418815c       0x8c ./Drivers/STM32N6xx_HAL_Driver/stm32n6xx_hal_rcc_ex.o
                0x3418815c                HAL_RCCEx_GetPLL4CLKFreq
 .text.RCCEx_GetHCLKFreq
                0x341881e8       0x22 ./Drivers/STM32N6xx_HAL_Driver/stm32n6xx_hal_rcc_ex.o
 .text.RCCEx_GetPCLK1Freq
                0x3418820a       0x20 ./Drivers/STM32N6xx_HAL_Driver/stm32n6xx_hal_rcc_ex.o
 .text.RCCEx_GetPCLK2Freq
                0x3418822a       0x22 ./Drivers/STM32N6xx_HAL_Driver/stm32n6xx_hal_rcc_ex.o
 .text.RCCEx_GetPCLK4Freq
                0x3418824c       0x22 ./Drivers/STM32N6xx_HAL_Driver/stm32n6xx_hal_rcc_ex.o
 .text.RCCEx_GetPCLK5Freq
                0x3418826e       0x22 ./Drivers/STM32N6xx_HAL_Driver/stm32n6xx_hal_rcc_ex.o
 .text.RCCEx_GetPLLSourceFreq
                0x34188290       0xbc ./Drivers/STM32N6xx_HAL_Driver/stm32n6xx_hal_rcc_ex.o
 .text.RCCEx_CalcPLLFreq
                0x3418834c       0x98 ./Drivers/STM32N6xx_HAL_Driver/stm32n6xx_hal_rcc_ex.o
 .text.RCCEx_GetADCCLKFreq
                0x341883e4      0x204 ./Drivers/STM32N6xx_HAL_Driver/stm32n6xx_hal_rcc_ex.o
 .text.RCCEx_GetADFCLKFreq
                0x341885e8      0x1d8 ./Drivers/STM32N6xx_HAL_Driver/stm32n6xx_hal_rcc_ex.o
 .text.RCCEx_GetCLKPCLKFreq
                0x341887c0      0x36c ./Drivers/STM32N6xx_HAL_Driver/stm32n6xx_hal_rcc_ex.o
 .text.RCCEx_GetCSICLKFreq
                0x34188b2c       0x98 ./Drivers/STM32N6xx_HAL_Driver/stm32n6xx_hal_rcc_ex.o
 .text.RCCEx_GetDCMIPPCLKFreq
                0x34188bc4      0x114 ./Drivers/STM32N6xx_HAL_Driver/stm32n6xx_hal_rcc_ex.o
 .text.RCCEx_GetETH1CLKFreq
                0x34188cd8      0x100 ./Drivers/STM32N6xx_HAL_Driver/stm32n6xx_hal_rcc_ex.o
 .text.RCCEx_GetETH1PTPCLKFreq
                0x34188dd8      0x108 ./Drivers/STM32N6xx_HAL_Driver/stm32n6xx_hal_rcc_ex.o
 .text.RCCEx_GetFDCANCLKFreq
                0x34188ee0      0x100 ./Drivers/STM32N6xx_HAL_Driver/stm32n6xx_hal_rcc_ex.o
 .text.RCCEx_GetFMCCLKFreq
                0x34188fe0      0x16e ./Drivers/STM32N6xx_HAL_Driver/stm32n6xx_hal_rcc_ex.o
 *fill*         0x3418914e        0x2 
 .text.RCCEx_GetI2CCLKFreq
                0x34189150      0x350 ./Drivers/STM32N6xx_HAL_Driver/stm32n6xx_hal_rcc_ex.o
 .text.RCCEx_GetI3CCLKFreq
                0x341894a0      0x268 ./Drivers/STM32N6xx_HAL_Driver/stm32n6xx_hal_rcc_ex.o
 .text.RCCEx_GetLPTIMCLKFreq
                0x34189708      0x354 ./Drivers/STM32N6xx_HAL_Driver/stm32n6xx_hal_rcc_ex.o
 .text.RCCEx_GetLPUARTCLKFreq
                0x34189a5c      0x204 ./Drivers/STM32N6xx_HAL_Driver/stm32n6xx_hal_rcc_ex.o
 .text.RCCEx_GetLTDCCLKFreq
                0x34189c60      0x114 ./Drivers/STM32N6xx_HAL_Driver/stm32n6xx_hal_rcc_ex.o
 .text.RCCEx_GetMDFCLKFreq
                0x34189d74      0x214 ./Drivers/STM32N6xx_HAL_Driver/stm32n6xx_hal_rcc_ex.o
 .text.RCCEx_GetPSSICLKFreq
                0x34189f88      0x104 ./Drivers/STM32N6xx_HAL_Driver/stm32n6xx_hal_rcc_ex.o
 .text.RCCEx_GetRTCCLKFreq
                0x3418a08c       0xa4 ./Drivers/STM32N6xx_HAL_Driver/stm32n6xx_hal_rcc_ex.o
 .text.RCCEx_GetSAICLKFreq
                0x3418a130      0x2cc ./Drivers/STM32N6xx_HAL_Driver/stm32n6xx_hal_rcc_ex.o
 .text.RCCEx_GetSDMMCCLKFreq
                0x3418a3fc      0x1d4 ./Drivers/STM32N6xx_HAL_Driver/stm32n6xx_hal_rcc_ex.o
 .text.RCCEx_GetSPDIFRXCLKFreq
                0x3418a5d0      0x1c8 ./Drivers/STM32N6xx_HAL_Driver/stm32n6xx_hal_rcc_ex.o
 .text.RCCEx_GetSPICLKFreq
                0x3418a798      0x5a4 ./Drivers/STM32N6xx_HAL_Driver/stm32n6xx_hal_rcc_ex.o
 .text.RCCEx_GetUARTCLKFreq
                0x3418ad3c      0x454 ./Drivers/STM32N6xx_HAL_Driver/stm32n6xx_hal_rcc_ex.o
 .text.RCCEx_GetUSARTCLKFreq
                0x3418b190      0x454 ./Drivers/STM32N6xx_HAL_Driver/stm32n6xx_hal_rcc_ex.o
 .text.RCCEx_GetOTGPHYCLKFreq
                0x3418b5e4      0x16c ./Drivers/STM32N6xx_HAL_Driver/stm32n6xx_hal_rcc_ex.o
 .text.RCCEx_GetOTGPHYCKREFCLKFreq
                0x3418b750       0xa0 ./Drivers/STM32N6xx_HAL_Driver/stm32n6xx_hal_rcc_ex.o
 .text.RCCEx_GetXSPICLKFreq
                0x3418b7f0      0x220 ./Drivers/STM32N6xx_HAL_Driver/stm32n6xx_hal_rcc_ex.o
 .text.LL_AHB5_GRP1_IsEnabledClock
                0x3418ba10       0x30 ./Drivers/STM32N6xx_HAL_Driver/stm32n6xx_hal_xspi.o
 .text.HAL_XSPI_Init
                0x3418ba40      0x220 ./Drivers/STM32N6xx_HAL_Driver/stm32n6xx_hal_xspi.o
                0x3418ba40                HAL_XSPI_Init
 .text.HAL_XSPI_Command
                0x3418bc60      0x120 ./Drivers/STM32N6xx_HAL_Driver/stm32n6xx_hal_xspi.o
                0x3418bc60                HAL_XSPI_Command
 .text.HAL_XSPI_Transmit
                0x3418bd80       0xe6 ./Drivers/STM32N6xx_HAL_Driver/stm32n6xx_hal_xspi.o
                0x3418bd80                HAL_XSPI_Transmit
 .text.HAL_XSPI_Receive
                0x3418be66      0x146 ./Drivers/STM32N6xx_HAL_Driver/stm32n6xx_hal_xspi.o
                0x3418be66                HAL_XSPI_Receive
 .text.HAL_XSPI_AutoPolling
                0x3418bfac      0x114 ./Drivers/STM32N6xx_HAL_Driver/stm32n6xx_hal_xspi.o
                0x3418bfac                HAL_XSPI_AutoPolling
 .text.HAL_XSPI_MemoryMapped
                0x3418c0c0       0xd8 ./Drivers/STM32N6xx_HAL_Driver/stm32n6xx_hal_xspi.o
                0x3418c0c0                HAL_XSPI_MemoryMapped
 .text.HAL_XSPI_Abort
                0x3418c198      0x10e ./Drivers/STM32N6xx_HAL_Driver/stm32n6xx_hal_xspi.o
                0x3418c198                HAL_XSPI_Abort
 .text.HAL_XSPI_SetTimeout
                0x3418c2a6       0x1e ./Drivers/STM32N6xx_HAL_Driver/stm32n6xx_hal_xspi.o
                0x3418c2a6                HAL_XSPI_SetTimeout
 .text.HAL_XSPIM_Config
                0x3418c2c4      0x258 ./Drivers/STM32N6xx_HAL_Driver/stm32n6xx_hal_xspi.o
                0x3418c2c4                HAL_XSPIM_Config
 .text.XSPI_WaitFlagStateUntilTimeout
                0x3418c51c       0x6c ./Drivers/STM32N6xx_HAL_Driver/stm32n6xx_hal_xspi.o
 .text.XSPI_ConfigCmd
                0x3418c588      0x314 ./Drivers/STM32N6xx_HAL_Driver/stm32n6xx_hal_xspi.o
 .text.XSPIM_GetConfig
                0x3418c89c       0xc8 ./Drivers/STM32N6xx_HAL_Driver/stm32n6xx_hal_xspi.o
 .text.memory_write
                0x3418c964       0x38 ./Middlewares/STM32_ExtMem_Loader/memory_wrapper.o
                0x3418c964                memory_write
 .text.memory_masserase
                0x3418c99c       0x24 ./Middlewares/STM32_ExtMem_Loader/memory_wrapper.o
                0x3418c99c                memory_masserase
 .text.memory_sectorerase
                0x3418c9c0       0x58 ./Middlewares/STM32_ExtMem_Loader/memory_wrapper.o
                0x3418c9c0                memory_sectorerase
 .text.memory_mapmode
                0x3418ca18       0x36 ./Middlewares/STM32_ExtMem_Loader/memory_wrapper.o
                0x3418ca18                memory_mapmode
 *fill*         0x3418ca4e        0x2 
 .text.Reset_Handler
                0x3418ca50       0x18 ./Middlewares/STM32_ExtMem_Loader/stm32_loader_api.o
                0x3418ca50                Reset_Handler
 .text.main     0x3418ca68       0xa0 ./Middlewares/STM32_ExtMem_Loader/stm32_loader_api.o
                0x3418ca68                main
 .text.Init     0x3418cb08       0x50 ./Middlewares/STM32_ExtMem_Loader/stm32_loader_api.o
                0x3418cb08                Init
 .text.Write    0x3418cb58       0x4c ./Middlewares/STM32_ExtMem_Loader/stm32_loader_api.o
                0x3418cb58                Write
 .text.MassErase
                0x3418cba4       0x44 ./Middlewares/STM32_ExtMem_Loader/stm32_loader_api.o
                0x3418cba4                MassErase
 .text.SectorErase
                0x3418cbe8       0x4c ./Middlewares/STM32_ExtMem_Loader/stm32_loader_api.o
                0x3418cbe8                SectorErase
 .text.HAL_InitTick
                0x3418cc34       0x60 ./Middlewares/STM32_ExtMem_Loader/systick_management.o
                0x3418cc34                HAL_InitTick
 .text.HAL_GetTick
                0x3418cc94       0x34 ./Middlewares/STM32_ExtMem_Loader/systick_management.o
                0x3418cc94                HAL_GetTick
 .text.EXTMEM_Init
                0x3418ccc8       0x84 ./Middlewares/STM32_ExtMem_Manager/stm32_extmem.o
                0x3418ccc8                EXTMEM_Init
 .text.EXTMEM_Write
                0x3418cd4c       0x6c ./Middlewares/STM32_ExtMem_Manager/stm32_extmem.o
                0x3418cd4c                EXTMEM_Write
 .text.EXTMEM_EraseSector
                0x3418cdb8      0x1c4 ./Middlewares/STM32_ExtMem_Manager/stm32_extmem.o
                0x3418cdb8                EXTMEM_EraseSector
 .text.EXTMEM_EraseAll
                0x3418cf7c       0x64 ./Middlewares/STM32_ExtMem_Manager/stm32_extmem.o
                0x3418cf7c                EXTMEM_EraseAll
 .text.EXTMEM_MemoryMappedMode
                0x3418cfe0       0x90 ./Middlewares/STM32_ExtMem_Manager/stm32_extmem.o
                0x3418cfe0                EXTMEM_MemoryMappedMode
 .text.SAL_XSPI_SetClock
                0x3418d070       0x7e ./Middlewares/STM32_ExtMem_Manager/stm32_sal_xspi.o
                0x3418d070                SAL_XSPI_SetClock
 .text.SAL_XSPI_Init
                0x3418d0ee       0x66 ./Middlewares/STM32_ExtMem_Manager/stm32_sal_xspi.o
                0x3418d0ee                SAL_XSPI_Init
 .text.SAL_XSPI_MemoryConfig
                0x3418d154      0x2a4 ./Middlewares/STM32_ExtMem_Manager/stm32_sal_xspi.o
                0x3418d154                SAL_XSPI_MemoryConfig
 .text.SAL_XSPI_GetSFDP
                0x3418d3f8       0xc0 ./Middlewares/STM32_ExtMem_Manager/stm32_sal_xspi.o
                0x3418d3f8                SAL_XSPI_GetSFDP
 .text.SAL_XSPI_GetId
                0x3418d4b8      0x100 ./Middlewares/STM32_ExtMem_Manager/stm32_sal_xspi.o
                0x3418d4b8                SAL_XSPI_GetId
 .text.SAL_XSPI_Write
                0x3418d5b8       0x92 ./Middlewares/STM32_ExtMem_Manager/stm32_sal_xspi.o
                0x3418d5b8                SAL_XSPI_Write
 .text.SAL_XSPI_CommandSendAddress
                0x3418d64a       0x82 ./Middlewares/STM32_ExtMem_Manager/stm32_sal_xspi.o
                0x3418d64a                SAL_XSPI_CommandSendAddress
 .text.SAL_XSPI_CommandSendData
                0x3418d6cc       0xa8 ./Middlewares/STM32_ExtMem_Manager/stm32_sal_xspi.o
                0x3418d6cc                SAL_XSPI_CommandSendData
 .text.SAL_XSPI_SendReadCommand
                0x3418d774       0xa8 ./Middlewares/STM32_ExtMem_Manager/stm32_sal_xspi.o
                0x3418d774                SAL_XSPI_SendReadCommand
 .text.SAL_XSPI_CommandSendReadAddress
                0x3418d81c       0xca ./Middlewares/STM32_ExtMem_Manager/stm32_sal_xspi.o
                0x3418d81c                SAL_XSPI_CommandSendReadAddress
 .text.SAL_XSPI_CheckStatusRegister
                0x3418d8e6       0xf2 ./Middlewares/STM32_ExtMem_Manager/stm32_sal_xspi.o
                0x3418d8e6                SAL_XSPI_CheckStatusRegister
 .text.SAL_XSPI_EnableMapMode
                0x3418d9d8       0xf2 ./Middlewares/STM32_ExtMem_Manager/stm32_sal_xspi.o
                0x3418d9d8                SAL_XSPI_EnableMapMode
 .text.SAL_XSPI_DisableMapMode
                0x3418daca       0x22 ./Middlewares/STM32_ExtMem_Manager/stm32_sal_xspi.o
                0x3418daca                SAL_XSPI_DisableMapMode
 .text.SAL_XSPI_UpdateMemoryType
                0x3418daec       0x70 ./Middlewares/STM32_ExtMem_Manager/stm32_sal_xspi.o
                0x3418daec                SAL_XSPI_UpdateMemoryType
 .text.SAL_XSPI_Abort
                0x3418db5c       0x1c ./Middlewares/STM32_ExtMem_Manager/stm32_sal_xspi.o
                0x3418db5c                SAL_XSPI_Abort
 .text.XSPI_FormatCommand
                0x3418db78       0x52 ./Middlewares/STM32_ExtMem_Manager/stm32_sal_xspi.o
                0x3418db78                XSPI_FormatCommand
 .text.XSPI_Transmit
                0x3418dbca       0x26 ./Middlewares/STM32_ExtMem_Manager/stm32_sal_xspi.o
                0x3418dbca                XSPI_Transmit
 .text.SFDP_ReadHeader
                0x3418dbf0       0x7a ./Middlewares/STM32_ExtMem_Manager/stm32_sfdp_data.o
                0x3418dbf0                SFDP_ReadHeader
 *fill*         0x3418dc6a        0x2 
 .text.SFDP_GetHeader
                0x3418dc6c       0xbc ./Middlewares/STM32_ExtMem_Manager/stm32_sfdp_data.o
                0x3418dc6c                SFDP_GetHeader
 .text.SFDP_CollectData
                0x3418dd28      0x1b8 ./Middlewares/STM32_ExtMem_Manager/stm32_sfdp_data.o
                0x3418dd28                SFDP_CollectData
 .text.SFDP_MemoryReset
                0x3418dee0      0x1b8 ./Middlewares/STM32_ExtMem_Manager/stm32_sfdp_data.o
                0x3418dee0                SFDP_MemoryReset
 .text.SFDP_BuildGenericDriver
                0x3418e098      0xca4 ./Middlewares/STM32_ExtMem_Manager/stm32_sfdp_data.o
                0x3418e098                SFDP_BuildGenericDriver
 .text.driver_check_FlagBUSY
                0x3418ed3c       0x7c ./Middlewares/STM32_ExtMem_Manager/stm32_sfdp_data.o
                0x3418ed3c                driver_check_FlagBUSY
 .text.sfdp_getfrequencevalue
                0x3418edb8       0x4c ./Middlewares/STM32_ExtMem_Manager/stm32_sfdp_data.o
                0x3418edb8                sfdp_getfrequencevalue
 .text.sfdp_get_paraminfo
                0x3418ee04      0x1f8 ./Middlewares/STM32_ExtMem_Manager/stm32_sfdp_data.o
                0x3418ee04                sfdp_get_paraminfo
 .text.sfdp_enter_octal_mode
                0x3418effc      0x1c8 ./Middlewares/STM32_ExtMem_Manager/stm32_sfdp_data.o
                0x3418effc                sfdp_enter_octal_mode
 .text.sfdp_set_dummycycle
                0x3418f1c4      0x1c8 ./Middlewares/STM32_ExtMem_Manager/stm32_sfdp_data.o
                0x3418f1c4                sfdp_set_dummycycle
 .text.JEDEC_Basic_ManageQuadEnableRequirement
                0x3418f38c      0x178 ./Middlewares/STM32_ExtMem_Manager/stm32_sfdp_data.o
                0x3418f38c                JEDEC_Basic_ManageQuadEnableRequirement
 .text.JEDEC_Basic_Manage4S4S4SEnableSequence
                0x3418f504       0x80 ./Middlewares/STM32_ExtMem_Manager/stm32_sfdp_data.o
                0x3418f504                JEDEC_Basic_Manage4S4S4SEnableSequence
 .text.CheckSFDP_Signature
                0x3418f584       0x54 ./Middlewares/STM32_ExtMem_Manager/stm32_sfdp_data.o
                0x3418f584                CheckSFDP_Signature
 .text.EXTMEM_DRIVER_NOR_SFDP_Init
                0x3418f5d8      0x168 ./Middlewares/STM32_ExtMem_Manager/stm32_sfdp_driver.o
                0x3418f5d8                EXTMEM_DRIVER_NOR_SFDP_Init
 .text.EXTMEM_DRIVER_NOR_SFDP_Write
                0x3418f740      0x110 ./Middlewares/STM32_ExtMem_Manager/stm32_sfdp_driver.o
                0x3418f740                EXTMEM_DRIVER_NOR_SFDP_Write
 .text.EXTMEM_DRIVER_NOR_SFDP_MassErase
                0x3418f850       0x7c ./Middlewares/STM32_ExtMem_Manager/stm32_sfdp_driver.o
                0x3418f850                EXTMEM_DRIVER_NOR_SFDP_MassErase
 .text.EXTMEM_DRIVER_NOR_SFDP_SectorErase
                0x3418f8cc      0x120 ./Middlewares/STM32_ExtMem_Manager/stm32_sfdp_driver.o
                0x3418f8cc                EXTMEM_DRIVER_NOR_SFDP_SectorErase
 .text.EXTMEM_DRIVER_NOR_SFDP_Enable_MemoryMappedMode
                0x3418f9ec       0x42 ./Middlewares/STM32_ExtMem_Manager/stm32_sfdp_driver.o
                0x3418f9ec                EXTMEM_DRIVER_NOR_SFDP_Enable_MemoryMappedMode
 .text.EXTMEM_DRIVER_NOR_SFDP_Disable_MemoryMappedMode
                0x3418fa2e       0x2c ./Middlewares/STM32_ExtMem_Manager/stm32_sfdp_driver.o
                0x3418fa2e                EXTMEM_DRIVER_NOR_SFDP_Disable_MemoryMappedMode
 .text.driver_set_FlagWEL
                0x3418fa5a       0x96 ./Middlewares/STM32_ExtMem_Manager/stm32_sfdp_driver.o
 .text.memset   0x3418faf0       0x10 D:/ST/STM32CubeIDE_2.1.1/STM32CubeIDE/plugins/com.st.stm32cube.ide.mcu.externaltools.gnu-tools-for-stm32.14.3.rel1.win32_1.0.100.202602081740/tools/bin/../lib/gcc/arm-none-eabi/14.3.1/../../../../arm-none-eabi/lib/thumb/v8-m.main+dp/hard\libc_nano.a(libc_a-memset.o)
                0x3418faf0                memset
 .text.memcpy   0x3418fb00       0x1a D:/ST/STM32CubeIDE_2.1.1/STM32CubeIDE/plugins/com.st.stm32cube.ide.mcu.externaltools.gnu-tools-for-stm32.14.3.rel1.win32_1.0.100.202602081740/tools/bin/../lib/gcc/arm-none-eabi/14.3.1/../../../../arm-none-eabi/lib/thumb/v8-m.main+dp/hard\libc_nano.a(libc_a-memcpy-stub.o)
                0x3418fb00                memcpy
 *(.glue_7)
 .glue_7        0x3418fb1a        0x0 linker stubs
 *(.glue_7t)
 .glue_7t       0x3418fb1a        0x0 linker stubs
 *(.eh_frame)
 *fill*         0x3418fb1a        0x2 
 .eh_frame      0x3418fb1c        0x0 D:/ST/STM32CubeIDE_2.1.1/STM32CubeIDE/plugins/com.st.stm32cube.ide.mcu.externaltools.gnu-tools-for-stm32.14.3.rel1.win32_1.0.100.202602081740/tools/bin/../lib/gcc/arm-none-eabi/14.3.1/thumb/v8-m.main+dp/hard/crtbegin.o
 *(.init)
 .init          0x3418fb1c        0x4 D:/ST/STM32CubeIDE_2.1.1/STM32CubeIDE/plugins/com.st.stm32cube.ide.mcu.externaltools.gnu-tools-for-stm32.14.3.rel1.win32_1.0.100.202602081740/tools/bin/../lib/gcc/arm-none-eabi/14.3.1/thumb/v8-m.main+dp/hard/crti.o
                0x3418fb1c                _init
 .init          0x3418fb20        0x8 D:/ST/STM32CubeIDE_2.1.1/STM32CubeIDE/plugins/com.st.stm32cube.ide.mcu.externaltools.gnu-tools-for-stm32.14.3.rel1.win32_1.0.100.202602081740/tools/bin/../lib/gcc/arm-none-eabi/14.3.1/thumb/v8-m.main+dp/hard/crtn.o
 *(.fini)
 .fini          0x3418fb28        0x4 D:/ST/STM32CubeIDE_2.1.1/STM32CubeIDE/plugins/com.st.stm32cube.ide.mcu.externaltools.gnu-tools-for-stm32.14.3.rel1.win32_1.0.100.202602081740/tools/bin/../lib/gcc/arm-none-eabi/14.3.1/thumb/v8-m.main+dp/hard/crti.o
                0x3418fb28                _fini
 .fini          0x3418fb2c        0x8 D:/ST/STM32CubeIDE_2.1.1/STM32CubeIDE/plugins/com.st.stm32cube.ide.mcu.externaltools.gnu-tools-for-stm32.14.3.rel1.win32_1.0.100.202602081740/tools/bin/../lib/gcc/arm-none-eabi/14.3.1/thumb/v8-m.main+dp/hard/crtn.o
                0x3418fb34                        . = ALIGN (0x4)
                0x3418fb34                        _etext = .

.vfp11_veneer   0x3418fb34        0x0
 .vfp11_veneer  0x3418fb34        0x0 linker stubs

.v4_bx          0x3418fb34        0x0
 .v4_bx         0x3418fb34        0x0 linker stubs

.iplt           0x3418fb34        0x0
 .iplt          0x3418fb34        0x0 D:/ST/STM32CubeIDE_2.1.1/STM32CubeIDE/plugins/com.st.stm32cube.ide.mcu.externaltools.gnu-tools-for-stm32.14.3.rel1.win32_1.0.100.202602081740/tools/bin/../lib/gcc/arm-none-eabi/14.3.1/thumb/v8-m.main+dp/hard/crtbegin.o

.stm32_device_info
                0x3418fb34       0xc8
 *stm32_device_info.o(.rodata*)
 .rodata.StorageInfo
                0x3418fb34       0xc8 ./Middlewares/STM32_ExtMem_Loader/stm32_device_info.o
                0x3418fb34                StorageInfo

.rodata         0x3418fbfc       0x48
                0x3418fbfc                        . = ALIGN (0x4)
 *(.rodata)
 .rodata        0x3418fbfc       0x2a ./Middlewares/STM32_ExtMem_Manager/stm32_sfdp_data.o
 *(.rodata*)
 *fill*         0x3418fc26        0x2 
 .rodata.condition
                0x3418fc28        0x4 ./Middlewares/STM32_ExtMem_Loader/stm32_loader_api.o
                0x3418fc28                condition
 .rodata.block_erase_unit.1
                0x3418fc2c        0x8 ./Middlewares/STM32_ExtMem_Manager/stm32_sfdp_data.o
 .rodata.chip_erase_unit.0
                0x3418fc34       0x10 ./Middlewares/STM32_ExtMem_Manager/stm32_sfdp_data.o
                0x3418fc44                        . = ALIGN (0x4)

.rel.dyn        0x3418fc44        0x0
 .rel.iplt      0x3418fc44        0x0 D:/ST/STM32CubeIDE_2.1.1/STM32CubeIDE/plugins/com.st.stm32cube.ide.mcu.externaltools.gnu-tools-for-stm32.14.3.rel1.win32_1.0.100.202602081740/tools/bin/../lib/gcc/arm-none-eabi/14.3.1/thumb/v8-m.main+dp/hard/crtbegin.o

._user_heap_stack
                0x3418fc44      0xa04
                0x3418fc48                        . = ALIGN (0x8)
 *fill*         0x3418fc44        0x4 
                [!provide]                        PROVIDE (end = .)
                0x3418fc48                        PROVIDE (_end = .)
                0x3418fe48                        . = (. + _Min_Heap_Size)
 *fill*         0x3418fc48      0x200 
                0x34190648                        . = (. + _Min_Stack_Size)
 *fill*         0x3418fe48      0x800 
                0x34190648                        . = ALIGN (0x8)

.ARM.attributes
                0x00000000       0x3a
 *(.ARM.attributes)
 .ARM.attributes
                0x00000000       0x24 D:/ST/STM32CubeIDE_2.1.1/STM32CubeIDE/plugins/com.st.stm32cube.ide.mcu.externaltools.gnu-tools-for-stm32.14.3.rel1.win32_1.0.100.202602081740/tools/bin/../lib/gcc/arm-none-eabi/14.3.1/thumb/v8-m.main+dp/hard/crti.o
 .ARM.attributes
                0x00000024       0x36 D:/ST/STM32CubeIDE_2.1.1/STM32CubeIDE/plugins/com.st.stm32cube.ide.mcu.externaltools.gnu-tools-for-stm32.14.3.rel1.win32_1.0.100.202602081740/tools/bin/../lib/gcc/arm-none-eabi/14.3.1/thumb/v8-m.main+dp/hard/crtbegin.o
 .ARM.attributes
                0x0000005a       0x3e ./Application/User/Core/extmem_manager.o
 .ARM.attributes
                0x00000098       0x3e ./Application/User/Core/extmemloader_init.o
 .ARM.attributes
                0x000000d6       0x3e ./Application/User/Core/gpio.o
 .ARM.attributes
                0x00000114       0x3e ./Application/User/Core/stm32n6xx_hal_msp.o
 .ARM.attributes
                0x00000152       0x3e ./Application/User/Core/xspi.o
 .ARM.attributes
                0x00000190       0x3e ./Application/User/Core/xspim.o
 .ARM.attributes
                0x000001ce       0x3e ./Drivers/CMSIS/system_stm32n6xx_fsbl.o
 .ARM.attributes
                0x0000020c       0x3e ./Drivers/STM32N6xx_HAL_Driver/stm32n6xx_hal.o
 .ARM.attributes
                0x0000024a       0x3e ./Drivers/STM32N6xx_HAL_Driver/stm32n6xx_hal_cortex.o
 .ARM.attributes
                0x00000288       0x3e ./Drivers/STM32N6xx_HAL_Driver/stm32n6xx_hal_dma.o
 .ARM.attributes
                0x000002c6       0x3e ./Drivers/STM32N6xx_HAL_Driver/stm32n6xx_hal_gpio.o
 .ARM.attributes
                0x00000304       0x3e ./Drivers/STM32N6xx_HAL_Driver/stm32n6xx_hal_pwr_ex.o
 .ARM.attributes
                0x00000342       0x3e ./Drivers/STM32N6xx_HAL_Driver/stm32n6xx_hal_rcc.o
 .ARM.attributes
                0x00000380       0x3e ./Drivers/STM32N6xx_HAL_Driver/stm32n6xx_hal_rcc_ex.o
 .ARM.attributes
                0x000003be       0x3e ./Drivers/STM32N6xx_HAL_Driver/stm32n6xx_hal_xspi.o
 .ARM.attributes
                0x000003fc       0x3e ./Middlewares/STM32_ExtMem_Loader/memory_wrapper.o
 .ARM.attributes
                0x0000043a       0x3e ./Middlewares/STM32_ExtMem_Loader/stm32_device_info.o
 .ARM.attributes
                0x00000478       0x3e ./Middlewares/STM32_ExtMem_Loader/stm32_loader_api.o
 .ARM.attributes
                0x000004b6       0x3e ./Middlewares/STM32_ExtMem_Loader/systick_management.o
 .ARM.attributes
                0x000004f4       0x3e ./Middlewares/STM32_ExtMem_Manager/stm32_extmem.o
 .ARM.attributes
                0x00000532       0x3e ./Middlewares/STM32_ExtMem_Manager/stm32_sal_xspi.o
 .ARM.attributes
                0x00000570       0x3e ./Middlewares/STM32_ExtMem_Manager/stm32_sfdp_data.o
 .ARM.attributes
                0x000005ae       0x3e ./Middlewares/STM32_ExtMem_Manager/stm32_sfdp_driver.o
 .ARM.attributes
                0x000005ec       0x36 D:/ST/STM32CubeIDE_2.1.1/STM32CubeIDE/plugins/com.st.stm32cube.ide.mcu.externaltools.gnu-tools-for-stm32.14.3.rel1.win32_1.0.100.202602081740/tools/bin/../lib/gcc/arm-none-eabi/14.3.1/../../../../arm-none-eabi/lib/thumb/v8-m.main+dp/hard\libc_nano.a(libc_a-memset.o)
 .ARM.attributes
                0x00000622       0x36 D:/ST/STM32CubeIDE_2.1.1/STM32CubeIDE/plugins/com.st.stm32cube.ide.mcu.externaltools.gnu-tools-for-stm32.14.3.rel1.win32_1.0.100.202602081740/tools/bin/../lib/gcc/arm-none-eabi/14.3.1/../../../../arm-none-eabi/lib/thumb/v8-m.main+dp/hard\libc_nano.a(libc_a-memcpy-stub.o)
 .ARM.attributes
                0x00000658       0x24 D:/ST/STM32CubeIDE_2.1.1/STM32CubeIDE/plugins/com.st.stm32cube.ide.mcu.externaltools.gnu-tools-for-stm32.14.3.rel1.win32_1.0.100.202602081740/tools/bin/../lib/gcc/arm-none-eabi/14.3.1/thumb/v8-m.main+dp/hard/crtn.o
OUTPUT(Apollo_ExtMemLoader.elf elf32-littlearm)
LOAD linker stubs

.debug_info     0x00000000    0x1e814
 .debug_info    0x00000000      0xfc5 ./Application/User/Core/extmem_manager.o
 .debug_info    0x00000fc5      0x881 ./Application/User/Core/extmemloader_init.o
 .debug_info    0x00001846     0x100a ./Application/User/Core/gpio.o
 .debug_info    0x00002850      0x5c7 ./Application/User/Core/stm32n6xx_hal_msp.o
 .debug_info    0x00002e17     0x2842 ./Application/User/Core/xspi.o
 .debug_info    0x00005659       0x9f ./Application/User/Core/xspim.o
 .debug_info    0x000056f8     0x1a83 ./Drivers/CMSIS/system_stm32n6xx_fsbl.o
 .debug_info    0x0000717b     0x27e2 ./Drivers/STM32N6xx_HAL_Driver/stm32n6xx_hal.o
 .debug_info    0x0000995d     0x1490 ./Drivers/STM32N6xx_HAL_Driver/stm32n6xx_hal_cortex.o
 .debug_info    0x0000aded      0xbfa ./Drivers/STM32N6xx_HAL_Driver/stm32n6xx_hal_dma.o
 .debug_info    0x0000b9e7      0xafd ./Drivers/STM32N6xx_HAL_Driver/stm32n6xx_hal_gpio.o
 .debug_info    0x0000c4e4      0xd08 ./Drivers/STM32N6xx_HAL_Driver/stm32n6xx_hal_pwr_ex.o
 .debug_info    0x0000d1ec     0x2161 ./Drivers/STM32N6xx_HAL_Driver/stm32n6xx_hal_rcc.o
 .debug_info    0x0000f34d     0x3841 ./Drivers/STM32N6xx_HAL_Driver/stm32n6xx_hal_rcc_ex.o
 .debug_info    0x00012b8e     0x2c1c ./Drivers/STM32N6xx_HAL_Driver/stm32n6xx_hal_xspi.o
 .debug_info    0x000157aa      0x348 ./Middlewares/STM32_ExtMem_Loader/memory_wrapper.o
 .debug_info    0x00015af2      0x198 ./Middlewares/STM32_ExtMem_Loader/stm32_device_info.o
 .debug_info    0x00015c8a      0x50d ./Middlewares/STM32_ExtMem_Loader/stm32_loader_api.o
 .debug_info    0x00016197      0x1df ./Middlewares/STM32_ExtMem_Loader/systick_management.o
 .debug_info    0x00016376     0x14fc ./Middlewares/STM32_ExtMem_Manager/stm32_extmem.o
 .debug_info    0x00017872     0x1692 ./Middlewares/STM32_ExtMem_Manager/stm32_sal_xspi.o
 .debug_info    0x00018f04     0x3b4c ./Middlewares/STM32_ExtMem_Manager/stm32_sfdp_data.o
 .debug_info    0x0001ca50     0x1dc4 ./Middlewares/STM32_ExtMem_Manager/stm32_sfdp_driver.o

.debug_abbrev   0x00000000     0x2ed9
 .debug_abbrev  0x00000000      0x1cd ./Application/User/Core/extmem_manager.o
 .debug_abbrev  0x000001cd      0x253 ./Application/User/Core/extmemloader_init.o
 .debug_abbrev  0x00000420      0x119 ./Application/User/Core/gpio.o
 .debug_abbrev  0x00000539       0xaa ./Application/User/Core/stm32n6xx_hal_msp.o
 .debug_abbrev  0x000005e3      0x264 ./Application/User/Core/xspi.o
 .debug_abbrev  0x00000847       0x45 ./Application/User/Core/xspim.o
 .debug_abbrev  0x0000088c      0x164 ./Drivers/CMSIS/system_stm32n6xx_fsbl.o
 .debug_abbrev  0x000009f0      0x2bd ./Drivers/STM32N6xx_HAL_Driver/stm32n6xx_hal.o
 .debug_abbrev  0x00000cad      0x346 ./Drivers/STM32N6xx_HAL_Driver/stm32n6xx_hal_cortex.o
 .debug_abbrev  0x00000ff3      0x1dd ./Drivers/STM32N6xx_HAL_Driver/stm32n6xx_hal_dma.o
 .debug_abbrev  0x000011d0      0x24d ./Drivers/STM32N6xx_HAL_Driver/stm32n6xx_hal_gpio.o
 .debug_abbrev  0x0000141d      0x265 ./Drivers/STM32N6xx_HAL_Driver/stm32n6xx_hal_pwr_ex.o
 .debug_abbrev  0x00001682      0x36a ./Drivers/STM32N6xx_HAL_Driver/stm32n6xx_hal_rcc.o
 .debug_abbrev  0x000019ec      0x305 ./Drivers/STM32N6xx_HAL_Driver/stm32n6xx_hal_rcc_ex.o
 .debug_abbrev  0x00001cf1      0x2b7 ./Drivers/STM32N6xx_HAL_Driver/stm32n6xx_hal_xspi.o
 .debug_abbrev  0x00001fa8       0xf0 ./Middlewares/STM32_ExtMem_Loader/memory_wrapper.o
 .debug_abbrev  0x00002098       0x86 ./Middlewares/STM32_ExtMem_Loader/stm32_device_info.o
 .debug_abbrev  0x0000211e      0x189 ./Middlewares/STM32_ExtMem_Loader/stm32_loader_api.o
 .debug_abbrev  0x000022a7      0x11f ./Middlewares/STM32_ExtMem_Loader/systick_management.o
 .debug_abbrev  0x000023c6      0x28e ./Middlewares/STM32_ExtMem_Manager/stm32_extmem.o
 .debug_abbrev  0x00002654      0x268 ./Middlewares/STM32_ExtMem_Manager/stm32_sal_xspi.o
 .debug_abbrev  0x000028bc      0x2c0 ./Middlewares/STM32_ExtMem_Manager/stm32_sfdp_data.o
 .debug_abbrev  0x00002b7c      0x35d ./Middlewares/STM32_ExtMem_Manager/stm32_sfdp_driver.o

.debug_aranges  0x00000000     0x18d0
 .debug_aranges
                0x00000000       0x20 ./Application/User/Core/extmem_manager.o
 .debug_aranges
                0x00000020       0x30 ./Application/User/Core/extmemloader_init.o
 .debug_aranges
                0x00000050       0x28 ./Application/User/Core/gpio.o
 .debug_aranges
                0x00000078       0x20 ./Application/User/Core/stm32n6xx_hal_msp.o
 .debug_aranges
                0x00000098       0x50 ./Application/User/Core/xspi.o
 .debug_aranges
                0x000000e8       0x20 ./Application/User/Core/xspim.o
 .debug_aranges
                0x00000108       0x30 ./Drivers/CMSIS/system_stm32n6xx_fsbl.o
 .debug_aranges
                0x00000138      0x3d0 ./Drivers/STM32N6xx_HAL_Driver/stm32n6xx_hal.o
 .debug_aranges
                0x00000508      0x178 ./Drivers/STM32N6xx_HAL_Driver/stm32n6xx_hal_cortex.o
 .debug_aranges
                0x00000680       0xb8 ./Drivers/STM32N6xx_HAL_Driver/stm32n6xx_hal_dma.o
 .debug_aranges
                0x00000738       0xa8 ./Drivers/STM32N6xx_HAL_Driver/stm32n6xx_hal_gpio.o
 .debug_aranges
                0x000007e0      0x260 ./Drivers/STM32N6xx_HAL_Driver/stm32n6xx_hal_pwr_ex.o
 .debug_aranges
                0x00000a40      0x2a0 ./Drivers/STM32N6xx_HAL_Driver/stm32n6xx_hal_rcc.o
 .debug_aranges
                0x00000ce0      0x758 ./Drivers/STM32N6xx_HAL_Driver/stm32n6xx_hal_rcc_ex.o
 .debug_aranges
                0x00001438      0x1a8 ./Drivers/STM32N6xx_HAL_Driver/stm32n6xx_hal_xspi.o
 .debug_aranges
                0x000015e0       0x40 ./Middlewares/STM32_ExtMem_Loader/memory_wrapper.o
 .debug_aranges
                0x00001620       0x18 ./Middlewares/STM32_ExtMem_Loader/stm32_device_info.o
 .debug_aranges
                0x00001638       0x58 ./Middlewares/STM32_ExtMem_Loader/stm32_loader_api.o
 .debug_aranges
                0x00001690       0x28 ./Middlewares/STM32_ExtMem_Loader/systick_management.o
 .debug_aranges
                0x000016b8       0x68 ./Middlewares/STM32_ExtMem_Manager/stm32_extmem.o
 .debug_aranges
                0x00001720       0xb8 ./Middlewares/STM32_ExtMem_Manager/stm32_sal_xspi.o
 .debug_aranges
                0x000017d8       0x80 ./Middlewares/STM32_ExtMem_Manager/stm32_sfdp_data.o
 .debug_aranges
                0x00001858       0x78 ./Middlewares/STM32_ExtMem_Manager/stm32_sfdp_driver.o

.debug_rnglists
                0x00000000     0x12a9
 .debug_rnglists
                0x00000000       0x13 ./Application/User/Core/extmem_manager.o
 .debug_rnglists
                0x00000013       0x21 ./Application/User/Core/extmemloader_init.o
 .debug_rnglists
                0x00000034       0x19 ./Application/User/Core/gpio.o
 .debug_rnglists
                0x0000004d       0x13 ./Application/User/Core/stm32n6xx_hal_msp.o
 .debug_rnglists
                0x00000060       0x3b ./Application/User/Core/xspi.o
 .debug_rnglists
                0x0000009b       0x13 ./Application/User/Core/xspim.o
 .debug_rnglists
                0x000000ae       0x21 ./Drivers/CMSIS/system_stm32n6xx_fsbl.o
 .debug_rnglists
                0x000000cf      0x2da ./Drivers/STM32N6xx_HAL_Driver/stm32n6xx_hal.o
 .debug_rnglists
                0x000003a9      0x115 ./Drivers/STM32N6xx_HAL_Driver/stm32n6xx_hal_cortex.o
 .debug_rnglists
                0x000004be       0x91 ./Drivers/STM32N6xx_HAL_Driver/stm32n6xx_hal_dma.o
 .debug_rnglists
                0x0000054f       0x80 ./Drivers/STM32N6xx_HAL_Driver/stm32n6xx_hal_gpio.o
 .debug_rnglists
                0x000005cf      0x1c9 ./Drivers/STM32N6xx_HAL_Driver/stm32n6xx_hal_pwr_ex.o
 .debug_rnglists
                0x00000798      0x201 ./Drivers/STM32N6xx_HAL_Driver/stm32n6xx_hal_rcc.o
 .debug_rnglists
                0x00000999      0x5a1 ./Drivers/STM32N6xx_HAL_Driver/stm32n6xx_hal_rcc_ex.o
 .debug_rnglists
                0x00000f3a      0x14f ./Drivers/STM32N6xx_HAL_Driver/stm32n6xx_hal_xspi.o
 .debug_rnglists
                0x00001089       0x2b ./Middlewares/STM32_ExtMem_Loader/memory_wrapper.o
 .debug_rnglists
                0x000010b4       0x40 ./Middlewares/STM32_ExtMem_Loader/stm32_loader_api.o
 .debug_rnglists
                0x000010f4       0x19 ./Middlewares/STM32_ExtMem_Loader/systick_management.o
 .debug_rnglists
                0x0000110d       0x4d ./Middlewares/STM32_ExtMem_Manager/stm32_extmem.o
 .debug_rnglists
                0x0000115a       0x90 ./Middlewares/STM32_ExtMem_Manager/stm32_sal_xspi.o
 .debug_rnglists
                0x000011ea       0x64 ./Middlewares/STM32_ExtMem_Manager/stm32_sfdp_data.o
 .debug_rnglists
                0x0000124e       0x5b ./Middlewares/STM32_ExtMem_Manager/stm32_sfdp_driver.o

.debug_macro    0x00000000    0x521fe
 .debug_macro   0x00000000      0x304 ./Application/User/Core/extmem_manager.o
 .debug_macro   0x00000304       0x2e ./Application/User/Core/extmem_manager.o
 .debug_macro   0x00000332      0x1d3 ./Application/User/Core/extmem_manager.o
 .debug_macro   0x00000505       0x63 ./Application/User/Core/extmem_manager.o
 .debug_macro   0x00000568       0x2e ./Application/User/Core/extmem_manager.o
 .debug_macro   0x00000596       0x6c ./Application/User/Core/extmem_manager.o
 .debug_macro   0x00000602       0x8e ./Application/User/Core/extmem_manager.o
 .debug_macro   0x00000690       0x51 ./Application/User/Core/extmem_manager.o
 .debug_macro   0x000006e1       0x2e ./Application/User/Core/extmem_manager.o
 .debug_macro   0x0000070f       0x17 ./Application/User/Core/extmem_manager.o
 .debug_macro   0x00000726       0x58 ./Application/User/Core/extmem_manager.o
 .debug_macro   0x0000077e      0x26d ./Application/User/Core/extmem_manager.o
 .debug_macro   0x000009eb       0x3a ./Application/User/Core/extmem_manager.o
 .debug_macro   0x00000a25     0x2f0c ./Application/User/Core/extmem_manager.o
 .debug_macro   0x00003931      0x130 ./Application/User/Core/extmem_manager.o
 .debug_macro   0x00003a61      0x344 ./Application/User/Core/extmem_manager.o
 .debug_macro   0x00003da5      0x146 ./Application/User/Core/extmem_manager.o
 .debug_macro   0x00003eeb       0x22 ./Application/User/Core/extmem_manager.o
 .debug_macro   0x00003f0d    0x3e927 ./Application/User/Core/extmem_manager.o
 .debug_macro   0x00042834       0x6c ./Application/User/Core/extmem_manager.o
 .debug_macro   0x000428a0     0x3486 ./Application/User/Core/extmem_manager.o
 .debug_macro   0x00045d26       0x61 ./Application/User/Core/extmem_manager.o
 .debug_macro   0x00045d87      0x19b ./Application/User/Core/extmem_manager.o
 .debug_macro   0x00045f22       0x72 ./Application/User/Core/extmem_manager.o
 .debug_macro   0x00045f94      0x47a ./Application/User/Core/extmem_manager.o
 .debug_macro   0x0004640e     0x10fe ./Application/User/Core/extmem_manager.o
 .debug_macro   0x0004750c     0x27e2 ./Application/User/Core/extmem_manager.o
 .debug_macro   0x00049cee      0xfd4 ./Application/User/Core/extmem_manager.o
 .debug_macro   0x0004acc2      0x1af ./Application/User/Core/extmem_manager.o
 .debug_macro   0x0004ae71      0x2c9 ./Application/User/Core/extmem_manager.o
 .debug_macro   0x0004b13a      0x2c4 ./Application/User/Core/extmem_manager.o
 .debug_macro   0x0004b3fe      0xa36 ./Application/User/Core/extmem_manager.o
 .debug_macro   0x0004be34      0x7b2 ./Application/User/Core/extmem_manager.o
 .debug_macro   0x0004c5e6       0xeb ./Application/User/Core/extmem_manager.o
 .debug_macro   0x0004c6d1      0x216 ./Application/User/Core/extmem_manager.o
 .debug_macro   0x0004c8e7      0x36b ./Application/User/Core/extmem_manager.o
 .debug_macro   0x0004cc52      0x303 ./Application/User/Core/extmem_manager.o
 .debug_macro   0x0004cf55      0x46a ./Application/User/Core/extmem_manager.o
 .debug_macro   0x0004d3bf      0x72d ./Application/User/Core/extmem_manager.o
 .debug_macro   0x0004daec      0x5fb ./Application/User/Core/extmem_manager.o
 .debug_macro   0x0004e0e7       0x10 ./Application/User/Core/extmem_manager.o
 .debug_macro   0x0004e0f7       0x22 ./Application/User/Core/extmem_manager.o
 .debug_macro   0x0004e119       0x2e ./Application/User/Core/extmem_manager.o
 .debug_macro   0x0004e147       0x40 ./Application/User/Core/extmem_manager.o
 .debug_macro   0x0004e187       0x28 ./Application/User/Core/extmem_manager.o
 .debug_macro   0x0004e1af       0x16 ./Application/User/Core/extmem_manager.o
 .debug_macro   0x0004e1c5       0x20 ./Application/User/Core/extmem_manager.o
 .debug_macro   0x0004e1e5      0x364 ./Application/User/Core/extmemloader_init.o
 .debug_macro   0x0004e549       0x1c ./Application/User/Core/extmemloader_init.o
 .debug_macro   0x0004e565      0x2a6 ./Application/User/Core/gpio.o
 .debug_macro   0x0004e80b      0x29c ./Application/User/Core/stm32n6xx_hal_msp.o
 .debug_macro   0x0004eaa7      0x2a6 ./Application/User/Core/xspi.o
 .debug_macro   0x0004ed4d      0x2a6 ./Application/User/Core/xspim.o
 .debug_macro   0x0004eff3      0x2a5 ./Drivers/CMSIS/system_stm32n6xx_fsbl.o
 .debug_macro   0x0004f298      0x298 ./Drivers/STM32N6xx_HAL_Driver/stm32n6xx_hal.o
 .debug_macro   0x0004f530      0x293 ./Drivers/STM32N6xx_HAL_Driver/stm32n6xx_hal_cortex.o
 .debug_macro   0x0004f7c3      0x293 ./Drivers/STM32N6xx_HAL_Driver/stm32n6xx_hal_dma.o
 .debug_macro   0x0004fa56      0x299 ./Drivers/STM32N6xx_HAL_Driver/stm32n6xx_hal_gpio.o
 .debug_macro   0x0004fcef      0x2e0 ./Drivers/STM32N6xx_HAL_Driver/stm32n6xx_hal_pwr_ex.o
 .debug_macro   0x0004ffcf      0x316 ./Drivers/STM32N6xx_HAL_Driver/stm32n6xx_hal_rcc.o
 .debug_macro   0x000502e5      0x292 ./Drivers/STM32N6xx_HAL_Driver/stm32n6xx_hal_rcc_ex.o
 .debug_macro   0x00050577      0x2d9 ./Drivers/STM32N6xx_HAL_Driver/stm32n6xx_hal_xspi.o
 .debug_macro   0x00050850      0x2f0 ./Middlewares/STM32_ExtMem_Loader/memory_wrapper.o
 .debug_macro   0x00050b40       0x46 ./Middlewares/STM32_ExtMem_Loader/memory_wrapper.o
 .debug_macro   0x00050b86       0x10 ./Middlewares/STM32_ExtMem_Loader/memory_wrapper.o
 .debug_macro   0x00050b96      0x2f2 ./Middlewares/STM32_ExtMem_Loader/stm32_device_info.o
 .debug_macro   0x00050e88       0x4c ./Middlewares/STM32_ExtMem_Loader/stm32_device_info.o
 .debug_macro   0x00050ed4      0x36f ./Middlewares/STM32_ExtMem_Loader/stm32_loader_api.o
 .debug_macro   0x00051243      0x2e3 ./Middlewares/STM32_ExtMem_Loader/systick_management.o
 .debug_macro   0x00051526      0x2f7 ./Middlewares/STM32_ExtMem_Manager/stm32_extmem.o
 .debug_macro   0x0005181d      0x30f ./Middlewares/STM32_ExtMem_Manager/stm32_sal_xspi.o
 .debug_macro   0x00051b2c      0x386 ./Middlewares/STM32_ExtMem_Manager/stm32_sfdp_data.o
 .debug_macro   0x00051eb2      0x34c ./Middlewares/STM32_ExtMem_Manager/stm32_sfdp_driver.o

.debug_line     0x00000000    0x1a87a
 .debug_line    0x00000000      0xa4b ./Application/User/Core/extmem_manager.o
 .debug_line    0x00000a4b      0xc9f ./Application/User/Core/extmemloader_init.o
 .debug_line    0x000016ea      0x925 ./Application/User/Core/gpio.o
 .debug_line    0x0000200f      0x90e ./Application/User/Core/stm32n6xx_hal_msp.o
 .debug_line    0x0000291d      0xb02 ./Application/User/Core/xspi.o
 .debug_line    0x0000341f      0x8ff ./Application/User/Core/xspim.o
 .debug_line    0x00003d1e      0xc0d ./Drivers/CMSIS/system_stm32n6xx_fsbl.o
 .debug_line    0x0000492b     0x1681 ./Drivers/STM32N6xx_HAL_Driver/stm32n6xx_hal.o
 .debug_line    0x00005fac     0x1024 ./Drivers/STM32N6xx_HAL_Driver/stm32n6xx_hal_cortex.o
 .debug_line    0x00006fd0     0x1804 ./Drivers/STM32N6xx_HAL_Driver/stm32n6xx_hal_dma.o
 .debug_line    0x000087d4     0x10a6 ./Drivers/STM32N6xx_HAL_Driver/stm32n6xx_hal_gpio.o
 .debug_line    0x0000987a     0x1398 ./Drivers/STM32N6xx_HAL_Driver/stm32n6xx_hal_pwr_ex.o
 .debug_line    0x0000ac12     0x2214 ./Drivers/STM32N6xx_HAL_Driver/stm32n6xx_hal_rcc.o
 .debug_line    0x0000ce26     0x4849 ./Drivers/STM32N6xx_HAL_Driver/stm32n6xx_hal_rcc_ex.o
 .debug_line    0x0001166f     0x1c36 ./Drivers/STM32N6xx_HAL_Driver/stm32n6xx_hal_xspi.o
 .debug_line    0x000132a5      0xafe ./Middlewares/STM32_ExtMem_Loader/memory_wrapper.o
 .debug_line    0x00013da3      0xa40 ./Middlewares/STM32_ExtMem_Loader/stm32_device_info.o
 .debug_line    0x000147e3      0xddc ./Middlewares/STM32_ExtMem_Loader/stm32_loader_api.o
 .debug_line    0x000155bf      0xa8b ./Middlewares/STM32_ExtMem_Loader/systick_management.o
 .debug_line    0x0001604a      0xd97 ./Middlewares/STM32_ExtMem_Manager/stm32_extmem.o
 .debug_line    0x00016de1     0x1063 ./Middlewares/STM32_ExtMem_Manager/stm32_sal_xspi.o
 .debug_line    0x00017e44     0x191e ./Middlewares/STM32_ExtMem_Manager/stm32_sfdp_data.o
 .debug_line    0x00019762     0x1118 ./Middlewares/STM32_ExtMem_Manager/stm32_sfdp_driver.o

.debug_str      0x00000000   0x20c9b7
 .debug_str     0x00000000   0x20c9b7 ./Application/User/Core/extmem_manager.o
                             0x2015dd (size before relaxing)
 .debug_str     0x0020c9b7   0x20136c ./Application/User/Core/extmemloader_init.o
 .debug_str     0x0020c9b7   0x200cd4 ./Application/User/Core/gpio.o
 .debug_str     0x0020c9b7   0x200d31 ./Application/User/Core/stm32n6xx_hal_msp.o
 .debug_str     0x0020c9b7   0x20242d ./Application/User/Core/xspi.o
 .debug_str     0x0020c9b7   0x2001fd ./Application/User/Core/xspim.o
 .debug_str     0x0020c9b7   0x2010a2 ./Drivers/CMSIS/system_stm32n6xx_fsbl.o
 .debug_str     0x0020c9b7   0x202979 ./Drivers/STM32N6xx_HAL_Driver/stm32n6xx_hal.o
 .debug_str     0x0020c9b7   0x20144d ./Drivers/STM32N6xx_HAL_Driver/stm32n6xx_hal_cortex.o
 .debug_str     0x0020c9b7   0x200a16 ./Drivers/STM32N6xx_HAL_Driver/stm32n6xx_hal_dma.o
 .debug_str     0x0020c9b7   0x2006a8 ./Drivers/STM32N6xx_HAL_Driver/stm32n6xx_hal_gpio.o
 .debug_str     0x0020c9b7   0x200ee2 ./Drivers/STM32N6xx_HAL_Driver/stm32n6xx_hal_pwr_ex.o
 .debug_str     0x0020c9b7   0x201bb2 ./Drivers/STM32N6xx_HAL_Driver/stm32n6xx_hal_rcc.o
 .debug_str     0x0020c9b7   0x202ba7 ./Drivers/STM32N6xx_HAL_Driver/stm32n6xx_hal_rcc_ex.o
 .debug_str     0x0020c9b7   0x201cf4 ./Drivers/STM32N6xx_HAL_Driver/stm32n6xx_hal_xspi.o
 .debug_str     0x0020c9b7   0x200c14 ./Middlewares/STM32_ExtMem_Loader/memory_wrapper.o
 .debug_str     0x0020c9b7   0x200afa ./Middlewares/STM32_ExtMem_Loader/stm32_device_info.o
 .debug_str     0x0020c9b7   0x201430 ./Middlewares/STM32_ExtMem_Loader/stm32_loader_api.o
 .debug_str     0x0020c9b7   0x200aa5 ./Middlewares/STM32_ExtMem_Loader/systick_management.o
 .debug_str     0x0020c9b7   0x201b95 ./Middlewares/STM32_ExtMem_Manager/stm32_extmem.o
 .debug_str     0x0020c9b7   0x201609 ./Middlewares/STM32_ExtMem_Manager/stm32_sal_xspi.o
 .debug_str     0x0020c9b7   0x204441 ./Middlewares/STM32_ExtMem_Manager/stm32_sfdp_data.o
 .debug_str     0x0020c9b7   0x202091 ./Middlewares/STM32_ExtMem_Manager/stm32_sfdp_driver.o

.comment        0x00000000       0x43
 .comment       0x00000000       0x43 ./Application/User/Core/extmem_manager.o
                                 0x44 (size before relaxing)
 .comment       0x00000043       0x44 ./Application/User/Core/extmemloader_init.o
 .comment       0x00000043       0x44 ./Application/User/Core/gpio.o
 .comment       0x00000043       0x44 ./Application/User/Core/stm32n6xx_hal_msp.o
 .comment       0x00000043       0x44 ./Application/User/Core/xspi.o
 .comment       0x00000043       0x44 ./Application/User/Core/xspim.o
 .comment       0x00000043       0x44 ./Drivers/CMSIS/system_stm32n6xx_fsbl.o
 .comment       0x00000043       0x44 ./Drivers/STM32N6xx_HAL_Driver/stm32n6xx_hal.o
 .comment       0x00000043       0x44 ./Drivers/STM32N6xx_HAL_Driver/stm32n6xx_hal_cortex.o
 .comment       0x00000043       0x44 ./Drivers/STM32N6xx_HAL_Driver/stm32n6xx_hal_dma.o
 .comment       0x00000043       0x44 ./Drivers/STM32N6xx_HAL_Driver/stm32n6xx_hal_gpio.o
 .comment       0x00000043       0x44 ./Drivers/STM32N6xx_HAL_Driver/stm32n6xx_hal_pwr_ex.o
 .comment       0x00000043       0x44 ./Drivers/STM32N6xx_HAL_Driver/stm32n6xx_hal_rcc.o
 .comment       0x00000043       0x44 ./Drivers/STM32N6xx_HAL_Driver/stm32n6xx_hal_rcc_ex.o
 .comment       0x00000043       0x44 ./Drivers/STM32N6xx_HAL_Driver/stm32n6xx_hal_xspi.o
 .comment       0x00000043       0x44 ./Middlewares/STM32_ExtMem_Loader/memory_wrapper.o
 .comment       0x00000043       0x44 ./Middlewares/STM32_ExtMem_Loader/stm32_device_info.o
 .comment       0x00000043       0x44 ./Middlewares/STM32_ExtMem_Loader/stm32_loader_api.o
 .comment       0x00000043       0x44 ./Middlewares/STM32_ExtMem_Loader/systick_management.o
 .comment       0x00000043       0x44 ./Middlewares/STM32_ExtMem_Manager/stm32_extmem.o
 .comment       0x00000043       0x44 ./Middlewares/STM32_ExtMem_Manager/stm32_sal_xspi.o
 .comment       0x00000043       0x44 ./Middlewares/STM32_ExtMem_Manager/stm32_sfdp_data.o
 .comment       0x00000043       0x44 ./Middlewares/STM32_ExtMem_Manager/stm32_sfdp_driver.o

.debug_frame    0x00000000     0x5e34
 .debug_frame   0x00000000       0x2c ./Application/User/Core/extmem_manager.o
 .debug_frame   0x0000002c       0x74 ./Application/User/Core/extmemloader_init.o
 .debug_frame   0x000000a0       0x50 ./Application/User/Core/gpio.o
 .debug_frame   0x000000f0       0x2c ./Application/User/Core/stm32n6xx_hal_msp.o
 .debug_frame   0x0000011c      0x110 ./Application/User/Core/xspi.o
 .debug_frame   0x0000022c       0x2c ./Application/User/Core/xspim.o
 .debug_frame   0x00000258       0x7c ./Drivers/CMSIS/system_stm32n6xx_fsbl.o
 .debug_frame   0x000002d4      0xeac ./Drivers/STM32N6xx_HAL_Driver/stm32n6xx_hal.o
 .debug_frame   0x00001180      0x5f4 ./Drivers/STM32N6xx_HAL_Driver/stm32n6xx_hal_cortex.o
 .debug_frame   0x00001774      0x2e8 ./Drivers/STM32N6xx_HAL_Driver/stm32n6xx_hal_dma.o
 .debug_frame   0x00001a5c      0x298 ./Drivers/STM32N6xx_HAL_Driver/stm32n6xx_hal_gpio.o
 .debug_frame   0x00001cf4      0x874 ./Drivers/STM32N6xx_HAL_Driver/stm32n6xx_hal_pwr_ex.o
 .debug_frame   0x00002568      0x9d0 ./Drivers/STM32N6xx_HAL_Driver/stm32n6xx_hal_rcc.o
 .debug_frame   0x00002f38     0x1cf8 ./Drivers/STM32N6xx_HAL_Driver/stm32n6xx_hal_rcc_ex.o
 .debug_frame   0x00004c30      0x750 ./Drivers/STM32N6xx_HAL_Driver/stm32n6xx_hal_xspi.o
 .debug_frame   0x00005380       0xbc ./Middlewares/STM32_ExtMem_Loader/memory_wrapper.o
 .debug_frame   0x0000543c      0x120 ./Middlewares/STM32_ExtMem_Loader/stm32_loader_api.o
 .debug_frame   0x0000555c       0x50 ./Middlewares/STM32_ExtMem_Loader/systick_management.o
 .debug_frame   0x000055ac      0x178 ./Middlewares/STM32_ExtMem_Manager/stm32_extmem.o
 .debug_frame   0x00005724      0x2e8 ./Middlewares/STM32_ExtMem_Manager/stm32_sal_xspi.o
 .debug_frame   0x00005a0c      0x20c ./Middlewares/STM32_ExtMem_Manager/stm32_sfdp_data.o
 .debug_frame   0x00005c18      0x1d4 ./Middlewares/STM32_ExtMem_Manager/stm32_sfdp_driver.o