../Application/User/Apollo_Drivers/Semper_Flash_BSP/Src/semperflash_drv.c:10:17:Semper_Flash_Init	16	static
../Application/User/Apollo_Drivers/Semper_Flash_BSP/Src/semperflash_drv.c:21:17:Semper_Read_FlashID	112	static
../Application/User/Apollo_Drivers/Semper_Flash_BSP/Src/semperflash_drv.c:67:17:Semper_Read_Reg	136	static
../Application/User/Apollo_Drivers/Semper_Flash_BSP/Src/semperflash_drv.c:123:17:Semper_Enter_4Byte_Address_Mode	96	static
../Application/User/Apollo_Drivers/Semper_Flash_BSP/Src/semperflash_drv.c:138:17:Semper_Exit_4Byte_Address_Mode	96	static
../Application/User/Apollo_Drivers/Semper_Flash_BSP/Src/semperflash_drv.c:153:17:Semper_Write_Reg	104	static
../Application/User/Apollo_Drivers/Semper_Flash_BSP/Src/semperflash_drv.c:206:17:Semper_Read_StatusReg1	136	static
../Application/User/Apollo_Drivers/Semper_Flash_BSP/Src/semperflash_drv.c:252:17:Semper_8Pins_Mode	24	static
../Application/User/Apollo_Drivers/Semper_Flash_BSP/Src/semperflash_drv.c:273:17:Semper_1Pin_Mode	24	static
../Application/User/Apollo_Drivers/Semper_Flash_BSP/Src/semperflash_drv.c:294:17:Semper_Reset	96	static
../Application/User/Apollo_Drivers/Semper_Flash_BSP/Src/semperflash_drv.c:324:17:Semper_Write_Enable	96	static
../Application/User/Apollo_Drivers/Semper_Flash_BSP/Src/semperflash_drv.c:405:17:Semper_Prog_Page	104	static
../Application/User/Apollo_Drivers/Semper_Flash_BSP/Src/semperflash_drv.c:450:17:Semper_Poll_RDYBSY	24	static
../Application/User/Apollo_Drivers/Semper_Flash_BSP/Src/semperflash_drv.c:470:17:Semper_Erase_Sector	96	static
../Application/User/Apollo_Drivers/Semper_Flash_BSP/Src/semperflash_drv.c:508:17:Semper_Clear_Prog_Err_Flag	96	static
../Application/User/Apollo_Drivers/Semper_Flash_BSP/Src/semperflash_drv.c:535:17:Semper_Read_Memory_1S	104	static
../Application/User/Apollo_Drivers/Semper_Flash_BSP/Src/semperflash_drv.c:566:17:Semper_Read_Memory_8S	104	static
../Application/User/Apollo_Drivers/Semper_Flash_BSP/Src/semperflash_drv.c:599:17:Semper_Read_Memory	104	static
../Application/User/Apollo_Drivers/Semper_Flash_BSP/Src/semperflash_drv.c:640:17:Semper_EnableMemoryMappedMode	112	static
