../Application/User/interface/platform/platform_utils.c:27:12:_timeout_expire	40	static
../Application/User/interface/platform/platform_utils.c:34:5:platform_start_csi_pipe	24	static
../Application/User/interface/platform/platform_utils.c:42:5:platform_stop_csi_pipe	8	static
../Application/User/interface/platform/platform_utils.c:49:6:HAL_DCMIPP_PIPE_FrameEventCallback	16	static
../Application/User/interface/platform/platform_utils.c:55:5:platform_enable_event	24	static
../Application/User/interface/platform/platform_utils.c:74:5:platform_disable_event	24	static
../Application/User/interface/platform/platform_utils.c:93:5:platform_acknowledge_event	24	static
../Application/User/interface/platform/platform_utils.c:114:5:platform_wait_for_event	48	static
../Application/User/interface/platform/platform_utils.c:127:5:platform_get_event_status	16	static
../Application/User/interface/platform/platform_utils.c:137:5:platform_get_version	32	static
../Application/User/interface/platform/platform_utils.c:149:5:platform_set_device_address	16	static
../Application/User/interface/platform/platform_utils.c:158:5:platform_power_reset	16	static
../Application/User/interface/platform/platform_utils.c:166:5:platform_power_enable	16	static
../Application/User/interface/platform/platform_utils.c:172:5:platform_power_disable	16	static
../Application/User/interface/platform/platform_utils.c:178:9:platform_start_bus	16	static
../Application/User/interface/platform/platform_utils.c:194:5:platform_assign_dynamic_address	24	static
../Application/User/interface/platform/platform_utils.c:271:37:platform_assign_dynamic_address_multisensor	64	static
../Application/User/interface/platform/platform_utils.c:320:5:platform_ibi_enable	16	static
../Application/User/interface/platform/platform_utils.c:326:5:platform_ibi_disable	16	static
../Application/User/interface/platform/platform_utils.c:332:5:platform_profiler_enable	4	static
../Application/User/interface/platform/platform_utils.c:338:5:platform_profiler_disable	4	static
../Application/User/interface/platform/platform_utils.c:344:10:platform_profiler_get_timestamp	4	static
../Application/User/interface/platform/platform_utils.c:348:10:platform_profiler_convert_to_us	24	static
../Application/User/interface/platform/platform_utils.c:353:5:platform_ctrl_gpio	24	static
../Application/User/interface/platform/platform_utils.c:373:6:HAL_I3C_TgtReqDynamicAddrCallback	24	static
../Application/User/interface/platform/platform_utils.c:380:6:HAL_I3C_CtrlDAACpltCallback	16	static
../Application/User/interface/platform/platform_utils.c:384:6:HAL_I3C_NotifyCallback	64	static
../Application/User/interface/platform/platform_utils.c:398:6:HAL_I3C_CtrlRxCpltCallback	16	static
../Application/User/interface/platform/platform_utils.c:402:6:HAL_GPIO_EXTI_Falling_Callback	24	static
