../Application/User/sensors/vd55g0/vd55g0.c:105:34:VD55G0_Resolution2Mode	16	static
../Application/User/sensors/vd55g0/vd55g0.c:125:13:VD55G0_log_impl	32	static
../Application/User/sensors/vd55g0/vd55g0.c:155:13:display_error	32	static
../Application/User/sensors/vd55g0/vd55g0.c:165:12:VD55G0_Copy8	40	static
../Application/User/sensors/vd55g0/vd55g0.c:178:12:VD55G0_Copy16	40	static
../Application/User/sensors/vd55g0/vd55g0.c:191:12:VD55G0_PollReg8	48	static
../Application/User/sensors/vd55g0/vd55g0.c:213:12:VD55G0_IsStreaming	24	static
../Application/User/sensors/vd55g0/vd55g0.c:225:12:VD55G0_WaitState	32	static
../Application/User/sensors/vd55g0/vd55g0.c:237:12:VD55G0_CheckModelId	48	static
../Application/User/sensors/vd55g0/vd55g0.c:274:12:VD55G0_ApplyPatchCommon	56	static
../Application/User/sensors/vd55g0/vd55g0.c:309:12:VD55G0_ApplyPatch	32	static
../Application/User/sensors/vd55g0/vd55g0.c:327:12:VD55G0_Gpios	48	static
../Application/User/sensors/vd55g0/vd55g0.c:342:12:VD55G0_Boot	24	static
../Application/User/sensors/vd55g0/vd55g0.c:365:17:VD55G0_GetSystemClock	24	static
../Application/User/sensors/vd55g0/vd55g0.c:384:17:VD55G0_GetPixelClock	24	static
../Application/User/sensors/vd55g0/vd55g0.c:402:12:VD55G0_SetupClocks	40	static
../Application/User/sensors/vd55g0/vd55g0.c:424:12:VD55G0_SetupOutput	48	static
../Application/User/sensors/vd55g0/vd55g0.c:451:12:VD55G0_SetupSize	48	static
../Application/User/sensors/vd55g0/vd55g0.c:476:12:VD55G0_SetupLineLen	48	static
../Application/User/sensors/vd55g0/vd55g0.c:500:12:VD55G0_ComputeFrameLength	72	static
../Application/User/sensors/vd55g0/vd55g0.c:525:12:VD55G0_SetupFrameRate	48	static
../Application/User/sensors/vd55g0/vd55g0.c:547:12:VD55G0_SetupExposure	48	static
../Application/User/sensors/vd55g0/vd55g0.c:575:12:VD55G0_SetupMirrorFlip	48	static
../Application/User/sensors/vd55g0/vd55g0.c:604:12:VD55G0_SetupPatGen	48	static
../Application/User/sensors/vd55g0/vd55g0.c:638:12:VD55G0_Setup	40	static
../Application/User/sensors/vd55g0/vd55g0.c:666:12:VD55G0_StartStreaming	40	static
../Application/User/sensors/vd55g0/vd55g0.c:684:12:VD55G0_StopStreaming	40	static
../Application/User/sensors/vd55g0/vd55g0.c:702:5:VD55G0_Init	32	static
../Application/User/sensors/vd55g0/vd55g0.c:735:5:VD55G0_DeInit	24	static
../Application/User/sensors/vd55g0/vd55g0.c:748:5:VD55G0_Start	24	static
../Application/User/sensors/vd55g0/vd55g0.c:765:5:VD55G0_Stop	24	static
../Application/User/sensors/vd55g0/vd55g0.c:778:5:VD55G0_SetFlipMirrorMode	32	static
