../../../Drivers/STM32N6xx_HAL_Driver/Inc/stm32n6xx_ll_bus.h:1407:22:LL_AHB4_GRP1_EnableClock	24	static
../Application/User/BSP/src/cmw_camera.c:74:23:CMW_CAMERA_GetDCMIPPHandle	4	static
../Application/User/BSP/src/cmw_camera.c:79:9:CMW_CAMERA_SetPipeConfig	24	static
../Application/User/BSP/src/cmw_camera.c:89:9:CMW_CAMERA_GetSensorName	40	static
../Application/User/BSP/src/cmw_camera.c:139:9:CMW_CAMERA_SetWBRefMode	24	static
../Application/User/BSP/src/cmw_camera.c:159:9:CMW_CAMERA_ListWBRefModes	24	static
../Application/User/BSP/src/cmw_camera.c:180:12:CMW_CAMERA_Probe_Sensor	24	static
../Application/User/BSP/src/cmw_camera.c:202:9:CMW_CAMERA_Init	112	static
../Application/User/BSP/src/cmw_camera.c:276:9:CMW_CAMERA_SetMirrorFlip	24	static
../Application/User/BSP/src/cmw_camera.c:302:9:CMW_CAMERA_GetMirrorFlip	16	static
../Application/User/BSP/src/cmw_camera.c:315:9:CMW_CAMERA_Start	88	static
../Application/User/BSP/src/cmw_camera.c:367:9:CMW_CAMERA_DoubleBufferStart	40	static
../Application/User/BSP/src/cmw_camera.c:406:26:MX_DCMIPP_ClockConfig	16	static
../Application/User/BSP/src/cmw_camera.c:417:9:CMW_CAMERA_DeInit	16	static
../Application/User/BSP/src/cmw_camera.c:474:9:CMW_CAMERA_Suspend	16	static
../Application/User/BSP/src/cmw_camera.c:493:9:CMW_CAMERA_Resume	16	static
../Application/User/BSP/src/cmw_camera.c:512:5:CMW_CAMERA_SetGain	24	static
../Application/User/BSP/src/cmw_camera.c:535:5:CMW_CAMERA_GetGain	16	static
../Application/User/BSP/src/cmw_camera.c:546:5:CMW_CAMERA_SetExposure	24	static
../Application/User/BSP/src/cmw_camera.c:570:5:CMW_CAMERA_GetExposure	16	static
../Application/User/BSP/src/cmw_camera.c:581:9:CMW_CAMERA_SetExposureMode	24	static
../Application/User/BSP/src/cmw_camera.c:605:9:CMW_CAMERA_GetExposureMode	16	static
../Application/User/BSP/src/cmw_camera.c:616:9:CMW_CAMERA_SetTestPattern	24	static
../Application/User/BSP/src/cmw_camera.c:640:9:CMW_CAMERA_GetTestPattern	16	static
../Application/User/BSP/src/cmw_camera.c:653:9:CMW_CAMERA_GetSensorInfo	24	static
../Application/User/BSP/src/cmw_camera.c:674:9:CMW_CAMERA_Run	8	static
../Application/User/BSP/src/cmw_camera.c:806:13:CMW_CAMERA_EnableGPIOs	32	static
../Application/User/BSP/src/cmw_camera.c:825:13:CMW_CAMERA_PwrDown	32	static
../Application/User/BSP/src/cmw_camera.c:840:13:CMW_CAMERA_ShutdownPin	16	static
../Application/User/BSP/src/cmw_camera.c:845:16:CMW_CAMERA_VD55G1_Init	144	static
../Application/User/BSP/src/cmw_camera.c:965:16:CMW_CAMERA_SetPipe	104	static
