23:08:24 **** Incremental Build of configuration Debug for project Apollo_FSBL ****
make -j8 all 
arm-none-eabi-size  Apollo_FSBL.elf 
   text	   data	    bss	    dec	    hex	filename
  73024	     12	   4036	  77072	  12d10	Apollo_FSBL.elf
Finished building: default.size.stdout
 
cd "D:/STM32/STM32CubeIDE/Apollo/STM32CubeIDE/FSBL/Debug"
echo y | "E:/STM32CUBEPROGRAMMER/bin/STM32_SigningTool_CLI.exe" -bin "Apollo_FSBL.bin" -nk -of 0x80000000 -t fsbl -o "Apollo_FSBL-Trusted.bin" -hv 2.3 -dump "Apollo_FSBL-Trusted.bin" -align
      -------------------------------------------------------------------
                          STM32 Signing Tool v2.22.0                   
      -------------------------------------------------------------------

Do you want to replace this file: Apollo_FSBL-Trusted.bin ? (y/n)
[Header v2.3] Align the payload to the 0x400 offset by adding padding bytes at the beginning of the payload.
Adding head padding bytes for payload with header v2.3
Header version 2.3 preparation... 
Extracting Entry point value from the input file...
Entry point value : 0x341810fd
The headred image file generated successfully: Apollo_FSBL-Trusted.bin

Header description:

    Magic: 0x53544d32
    Signature: 00 00 00 00 00 00 00 00 00 00 00 00 00 00 00 00 00 00 00 00 00 00 00 00 00 00 00 00 00 00 00 00 
               00 00 00 00 00 00 00 00 00 00 00 00 00 00 00 00 00 00 00 00 00 00 00 00 00 00 00 00 00 00 00 00 
               00 00 00 00 00 00 00 00 00 00 00 00 00 00 00 00 00 00 00 00 00 00 00 00 00 00 00 00 00 00 00 00 
    Checksum: 0x7d04f8
    Header version: 0x20300
    Size: 0x11f20
    Load address: 0xffffffff
    Entry point: 0x341810fd
    Image version: 0x0
    Extension: 0x80000000

Pad header detected:
    Type: 0x5354ffff
    Size: 0x1a0
    Padding values: fd 0c 4e c4 af 4d ca 5e 2f b6 4e 06 e9 1d 2c fc 6c 91 9f 4b 10 94 c4 10 b7 04 e7 12 2d 2f 1d 

                    89 32 6b 0c a5 5d fa f6 5b 71 3e 7b f3 1b 2a 9e 10 34 7b 4c e2 f9 fb f6 b4 ba c5 fb 1e db b1 

                    2c b5 a2 45 09 24 34 27 06 9e 30 04 a4 96 36 65 f7 1e 31 8c 8e d1 5a f8 20 ff f4 10 c1 d8 fb 

                    4a cb 6c 7c 3f 6a f9 ea 83 58 80 64 34 1e b2 e9 be 51 e6 b7 5e 06 8e 67 36 2b 52 d0 9c e9 fc 

                    49 c8 17 63 68 d3 b3 32 35 ae 37 81 3e e5 d6 49 05 4d 3d 14 b7 7c 52 b8 d8 0e 5a 76 f4 e6 09 

                    7a e7 74 fd e2 41 c8 4f bf 20 e4 f5 ba bc c5 6c 42 6e a5 ab 86 4c 18 12 f0 10 f4 64 30 fd 81 

                    8c 16 68 63 36 75 16 aa 81 fc f5 d5 ee 68 c4 36 91 df 96 e0 47 4a fc 64 bb 08 85 f4 28 78 20 

                    24 24 77 49 81 be 60 e0 16 91 43 d9 2e ce b1 6a ab e8 b6 4c 9f 58 b8 0a e9 7a 39 84 ac bf 45 

                    7f 0d 80 ef d1 f7 11 3e ba a3 a7 a6 3d 4d b0 35 7d e2 45 30 ea 85 f2 11 0c d7 08 3b 0a 0d fe 

                    ca 20 18 1b 7b 5c 06 fd e9 37 63 52 cf fc 89 39 81 56 17 0c 01 26 fb bf 1a fd 50 8d 0f f6 60 

                    67 e4 19 3a 31 11 f6 5a d0 f0 5c a6 7e 70 a7 e7 a9 eb 0e f8 dc df 74 e9 4e b2 d3 f5 ff 56 89 

                    d2 a3 37 e0 0e 9c 40 53 52 c7 b0 72 22 4f c2 25 d6 44 08 a2 38 82 9b 7f b8 03 53 ea e7 f5 79 

                    9e 8e 1c c3 79 09 07 8c 

Post header 2.3 information :
    Binary type: 0x10
    Non authenticated payload length: 0x0
    Non authenticated payload hash: 0x0


 

23:08:25 Build Finished. 0 errors, 0 warnings. (took 1s.395ms)

