16:05:30 **** Incremental Build of configuration Debug for project Apollo_Appli ****
make -j8 all 
arm-none-eabi-size  Apollo_Appli.elf 
   text	   data	    bss	    dec	    hex	filename
  94220	    120	 157992	 252332	  3d9ac	Apollo_Appli.elf
Finished building: default.size.stdout
 
cd "D:/STM32/STM32CubeIDE/Apollo/STM32CubeIDE/Appli/Debug"
echo y | "E:\STM32CUBEPROGRAMMER\bin\STM32_SigningTool_CLI.exe" -bin "Apollo_Appli.bin" -nk -of 0x80000000 -t fsbl -o "Apollo_Appli-Trusted.bin" -hv 2.3 -dump "Apollo_Appli-Trusted.bin" -align
      -------------------------------------------------------------------
                          STM32 Signing Tool v2.22.0                   
      -------------------------------------------------------------------

Do you want to replace this file: Apollo_Appli-Trusted.bin ? (y/n)
[Header v2.3] Align the payload to the 0x400 offset by adding padding bytes at the beginning of the payload.
Adding head padding bytes for payload with header v2.3
Header version 2.3 preparation... 
Extracting Entry point value from the input file...
Entry point value : 0x340033e9
The headred image file generated successfully: Apollo_Appli-Trusted.bin

Header description:

    Magic: 0x53544d32
    Signature: 00 00 00 00 00 00 00 00 00 00 00 00 00 00 00 00 00 00 00 00 00 00 00 00 00 00 00 00 00 00 00 00 
               00 00 00 00 00 00 00 00 00 00 00 00 00 00 00 00 00 00 00 00 00 00 00 00 00 00 00 00 00 00 00 00 
               00 00 00 00 00 00 00 00 00 00 00 00 00 00 00 00 00 00 00 00 00 00 00 00 00 00 00 00 00 00 00 00 
    Checksum: 0x9d7035
    Header version: 0x20300
    Size: 0x17260
    Load address: 0xffffffff
    Entry point: 0x340033e9
    Image version: 0x0
    Extension: 0x80000000

Pad header detected:
    Type: 0x5354ffff
    Size: 0x1a0
    Padding values: 7d 81 6a 23 f1 d3 77 d5 58 fe 49 28 d9 03 44 75 d3 83 54 57 b4 d3 18 6d b4 af 98 51 d0 8c 29 

                    c3 ac 7f 0d 1c 9a ed 1b b0 8e 2b d4 28 b7 cf f8 4b 90 96 05 90 65 57 c2 74 f8 5b 97 8d b3 79 

                    36 2e 20 b5 43 3a f6 59 c4 f5 f4 3e 57 be 14 5c cf 90 ed 35 fc 77 bd 27 98 27 cb c6 b9 74 1f 

                    ba e7 76 81 a8 aa 95 86 6e aa dc aa 27 2c 89 be 49 df 8b d3 0c 0e fe a3 d1 63 cf 42 68 99 be 

                    34 02 dd ec 25 17 87 84 ee 69 95 bc fc 56 e3 c0 6a 3b 85 a2 9d ec 0d d1 e3 90 10 18 bf 4d 4b 

                    26 e1 23 dc ab df d7 6e 88 0b b1 3e f3 95 1c 8d 7d 5a 58 e6 c2 87 13 e7 bf 1b 26 c9 e9 2c 7a 

                    47 8b 78 6f 1d d3 9b 6c 43 fd 94 26 9f 8d 61 e3 b5 cc 23 ea e8 d8 a4 c3 cb e1 25 ac 7b 8c fb 

                    a6 0f a9 96 0c 9e 11 54 f9 bb 35 00 37 22 a9 61 a7 cf bc 75 3f a6 c6 02 cf 05 06 a7 41 3b b3 

                    e9 21 87 9b 0b f8 f4 9c c4 04 69 a7 d2 ec cf e8 3f da 25 46 79 55 80 58 a7 92 98 09 7e f4 07 

                    91 6a bd a5 b2 c1 bb 1a 34 87 f4 dd 84 a4 e8 10 b6 04 c5 de af 2d 6b d5 6a 7d 6e 40 9e 1c 6e 

                    70 df 6e 22 c6 38 65 fc 0f f2 6f a1 12 98 ec d7 1a 7c 69 86 08 c7 0a aa 12 c3 e8 76 c4 73 69 

                    1b 6e 5f b6 97 14 ff 33 36 1b 39 0e 8b e8 1c bd 7c 12 d0 8a 1a 76 69 da a9 ee 60 01 aa 22 23 

                    fd e0 02 3d 90 46 ce 3a 

Post header 2.3 information :
    Binary type: 0x10
    Non authenticated payload length: 0x0
    Non authenticated payload hash: 0x0


 

16:05:31 Build Finished. 0 errors, 0 warnings. (took 1s.618ms)

