02:15:12 **** Incremental Build of configuration Debug for project Apollo_Appli ****
make -j8 all 
arm-none-eabi-gcc "D:/STM32/STM32CubeIDE/Apollo/Appli/Core/Src/main.c" -mcpu=cortex-m55 -std=gnu11 -g3 -DDEBUG -DUSE_HAL_DRIVER -DSTM32N657xx -c -I../../../Appli/Core/Inc -I../../../Secure_nsclib -I../../../Drivers/STM32N6xx_HAL_Driver/Inc -I../../../Drivers/CMSIS/Device/ST/STM32N6xx/Include -I../../../Drivers/STM32N6xx_HAL_Driver/Inc/Legacy -I../../../Drivers/CMSIS/Include -I../../../Drivers/Apollo_Drivers/Semper_Flash_BSP/Inc -I../../../Drivers/Apollo_Drivers/Micron_Flash_BSP/inc -I"D:/STM32/STM32CubeIDE/Apollo/STM32CubeIDE/Appli/Application/User/sensors" -I"D:/STM32/STM32CubeIDE/Apollo/STM32CubeIDE/Appli/Application/User/sensors/imx335" -I"D:/STM32/STM32CubeIDE/Apollo/STM32CubeIDE/Appli/Application/User/sensors/vd55g0" -I"D:/STM32/STM32CubeIDE/Apollo/STM32CubeIDE/Appli/Application/User/sensors/vd55g1" -I"D:/STM32/STM32CubeIDE/Apollo/STM32CubeIDE/Appli/Application/User/sensors/vd6g" -I"D:/STM32/STM32CubeIDE/Apollo/STM32CubeIDE/Appli/Application/User/Third_Party/unity/inc" -I"D:/STM32/STM32CubeIDE/Apollo/STM32CubeIDE/Appli/Application/User/Third_Party/debug_print/inc" -I"D:/STM32/STM32CubeIDE/Apollo/STM32CubeIDE/Appli/Application/User/Test/inc" -I"D:/STM32/STM32CubeIDE/Apollo/STM32CubeIDE/Appli/Application/User/STM32_ISP_Library/evision/Inc" -I"D:/STM32/STM32CubeIDE/Apollo/STM32CubeIDE/Appli/Application/User/STM32_ISP_Library/isp/Inc" -I"D:/STM32/STM32CubeIDE/Apollo/STM32CubeIDE/Appli/Application/User/STM32_ISP_Library/isp_param_conf" -I../../../DSP/Include -I"D:/STM32/STM32CubeIDE/Apollo/STM32CubeIDE/Appli/Application/User/vl53l9" -I"D:/STM32/STM32CubeIDE/Apollo/STM32CubeIDE/Appli/Application/User/app" -I"D:/STM32/STM32CubeIDE/Apollo/STM32CubeIDE/Appli/Application/User/interface/vl53l9" -I"D:/STM32/STM32CubeIDE/Apollo/STM32CubeIDE/Appli/Application/User/lib/media-object/media-c/header-lib/include/public" -I"D:/STM32/STM32CubeIDE/Apollo/STM32CubeIDE/Appli/Application/User/lib/media-object/transform-c/header-lib/include/public" -I"D:/STM32/STM32CubeIDE/Apollo/STM32CubeIDE/Appli/Application/User/lib/vl53l9-utils/include" -I"D:/STM32/STM32CubeIDE/Apollo/STM32CubeIDE/Appli/Application/User/lib/transform/vl53l9-transform-c/vl53l9-transform-c-lib/include/private" -I"D:/STM32/STM32CubeIDE/Apollo/STM32CubeIDE/Appli/Application/User/lib/transform/vl53l9-transform-c/vl53l9-transform-c-lib/include/public" -I"D:/STM32/STM32CubeIDE/Apollo/STM32CubeIDE/Appli/Application/User/BSP/inc" -O0 -ffunction-sections -fdata-sections -Wall -fstack-usage -fcyclomatic-complexity -mcmse -MMD -MP -MF"Application/User/Core/main.d" -MT"Application/User/Core/main.o" --specs=nano.specs -mfpu=fpv5-d16 -mfloat-abi=hard -mthumb -o "Application/User/Core/main.o"
In file included from ../../../Appli/Core/Inc/main.h:46,
                 from D:/STM32/STM32CubeIDE/Apollo/Appli/Core/Src/main.c:20:
D:/STM32/STM32CubeIDE/Apollo/STM32CubeIDE/Appli/Application/User/sensors/vd55g0/vd55g0.h:155:17: warning: "VD55G0_CMD_ACK" redefined
  155 |         #define VD55G0_CMD_ACK                                                  0x00
      |                 ^~~~~~~~~~~~~~
D:/STM32/STM32CubeIDE/Apollo/STM32CubeIDE/Appli/Application/User/sensors/vd55g0/vd55g0.h:150:17: note: this is the location of the previous definition
  150 |         #define VD55G0_CMD_ACK                              0
      |                 ^~~~~~~~~~~~~~
D:/STM32/STM32CubeIDE/Apollo/STM32CubeIDE/Appli/Application/User/sensors/vd55g0/vd55g0.h:162:17: warning: "VD55G0_CMD_ACK" redefined
  162 |         #define VD55G0_CMD_ACK                                                  0
      |                 ^~~~~~~~~~~~~~
D:/STM32/STM32CubeIDE/Apollo/STM32CubeIDE/Appli/Application/User/sensors/vd55g0/vd55g0.h:155:17: note: this is the location of the previous definition
  155 |         #define VD55G0_CMD_ACK                                                  0x00
      |                 ^~~~~~~~~~~~~~
D:/STM32/STM32CubeIDE/Apollo/STM32CubeIDE/Appli/Application/User/sensors/vd55g0/vd55g0.h:215:10: warning: "STREAM_STATICS_DARKCAL_CTRL" redefined
  215 | #define  STREAM_STATICS_DARKCAL_CTRL                                    0x032A
      |          ^~~~~~~~~~~~~~~~~~~~~~~~~~~
D:/STM32/STM32CubeIDE/Apollo/STM32CubeIDE/Appli/Application/User/sensors/vd55g0/vd55g0.h:205:9: note: this is the location of the previous definition
  205 | #define STREAM_STATICS_DARKCAL_CTRL                     0x032C
      |         ^~~~~~~~~~~~~~~~~~~~~~~~~~~
D:/STM32/STM32CubeIDE/Apollo/Appli/Core/Src/main.c: In function 'main':
D:/STM32/STM32CubeIDE/Apollo/Appli/Core/Src/main.c:166:17: warning: unused variable 'a' [-Wunused-variable]
  166 |         uint8_t a = 0;
      |                 ^
D:/STM32/STM32CubeIDE/Apollo/Appli/Core/Src/main.c:161:13: warning: variable 'ret' set but not used [-Wunused-but-set-variable]
  161 |     uint8_t ret = 0;
      |             ^~~
D:/STM32/STM32CubeIDE/Apollo/Appli/Core/Src/main.c:144:14: warning: unused variable 'buffer_ptr' [-Wunused-variable]
  144 |     uint8_t *buffer_ptr = frame_buf;
      |              ^~~~~~~~~~
arm-none-eabi-gcc -o "Apollo_Appli.elf" @"objects.list"  -l:libn6-evision-awb_gcc.a -l:libn6-evision-st-ae_gcc.a -mcpu=cortex-m55 -T"D:\STM32\STM32CubeIDE\Apollo\STM32CubeIDE\Appli\STM32N657B0HXQ_LRUN.ld" --specs=nosys.specs -Wl,-Map="Apollo_Appli.map" -Wl,--gc-sections -static -Wl,--cmse-implib -Wl,--out-implib=./secure_nsclib.o -L"D:\STM32\STM32CubeIDE\Apollo\STM32CubeIDE\Appli\Application\User\STM32_ISP_Library\evision\Lib" --specs=nano.specs -mfpu=fpv5-d16 -mfloat-abi=hard -mthumb -Wl,--start-group -lc -lm -Wl,--end-group
D:/ST/STM32CubeIDE_2.1.1/STM32CubeIDE/plugins/com.st.stm32cube.ide.mcu.externaltools.gnu-tools-for-stm32.14.3.rel1.win32_1.0.100.202602081740/tools/bin/../lib/gcc/arm-none-eabi/14.3.1/../../../../arm-none-eabi/bin/ld.exe: warning: Apollo_Appli.elf has a LOAD segment with RWX permissions
Finished building target: Apollo_Appli.elf
 
arm-none-eabi-size  Apollo_Appli.elf 
arm-none-eabi-objdump -h -S Apollo_Appli.elf  > "Apollo_Appli.list"
arm-none-eabi-objcopy  -O binary Apollo_Appli.elf  "Apollo_Appli.bin"
   text	   data	    bss	    dec	    hex	filename
 125788	    200	 642432	 768420	  bb9a4	Apollo_Appli.elf
Finished building: default.size.stdout
 
Finished building: Apollo_Appli.bin
 
Finished building: Apollo_Appli.list
 
cd "D:/STM32/STM32CubeIDE/Apollo/STM32CubeIDE/Appli/Debug"
echo y | "E:\STM32CUBEPROGRAMMER\bin\STM32_SigningTool_CLI.exe" -bin "Apollo_Appli.bin" -nk -of 0x80000000 -t fsbl -o "Apollo_Appli-Trusted.bin" -hv 2.3 -dump "Apollo_Appli-Trusted.bin" -align
      -------------------------------------------------------------------
                          STM32 Signing Tool v2.22.0                   
      -------------------------------------------------------------------

Do you want to replace this file: Apollo_Appli-Trusted.bin ? (y/n)
[Header v2.3] Align the payload to the 0x400 offset by adding padding bytes at the beginning of the payload.
Adding head padding bytes for payload with header v2.3
Header version 2.3 preparation... 
Extracting Entry point value from the input file...
Entry point value : 0x34003015
The headred image file generated successfully: Apollo_Appli-Trusted.bin

Header description:

    Magic: 0x53544d32
    Signature: 00 00 00 00 00 00 00 00 00 00 00 00 00 00 00 00 00 00 00 00 00 00 00 00 00 00 00 00 00 00 00 00 
               00 00 00 00 00 00 00 00 00 00 00 00 00 00 00 00 00 00 00 00 00 00 00 00 00 00 00 00 00 00 00 00 
               00 00 00 00 00 00 00 00 00 00 00 00 00 00 00 00 00 00 00 00 00 00 00 00 00 00 00 00 00 00 00 00 
    Checksum: 0xcf770a
    Header version: 0x20300
    Size: 0x1ee00
    Load address: 0xffffffff
    Entry point: 0x34003015
    Image version: 0x0
    Extension: 0x80000000

Pad header detected:
    Type: 0x5354ffff
    Size: 0x1a0
    Padding values: a7 0f 87 ec 4d 9e 80 55 70 86 20 a1 10 ba c8 93 04 87 84 68 48 c8 8e e4 6e 1e 88 83 5f 10 ab 

                    d7 3e 53 52 5d ca 7f 6e 55 c6 8f 0c 21 2b 2e 15 a9 9a 00 91 f1 37 d1 c2 06 45 f9 8e 7c 44 be 

                    ff e6 74 de 4f 7b e6 30 fe d5 70 4e 08 df 5a 7a 84 84 f6 df 15 db 67 cb 07 1e 1a 81 39 e1 79 

                    d6 73 d5 bd b4 4f 58 36 8c 6d 21 a0 60 4e 18 5c a4 7e 1b 7c 46 f4 c9 7e 9e 95 13 f0 cf 0f f2 

                    de cf 6a 05 02 c0 fb ab bc 05 48 f5 5f 70 79 9c 00 a1 47 23 13 a0 07 ec c9 b9 4c bd e7 be e6 

                    4c e8 c4 2f 95 0f 70 33 e4 d5 a8 da ba ac 4f da ab 48 3a 43 da e0 91 94 c2 13 03 58 6b 68 ef 

                    03 f7 77 4f f4 37 5c b2 8f 02 eb b9 60 15 f5 37 68 4b 74 c1 7f 17 54 9d a9 b7 f2 6f 13 38 6d 

                    3e b4 1a f5 79 ee af a0 71 c1 ba ab 6d 9d 44 43 1c bc 03 f7 f7 a8 69 6b a5 56 2a e1 88 06 c6 

                    57 06 d7 6f c5 07 65 15 39 f9 c5 af ce a0 2e 34 8b 51 7b 68 74 44 63 b9 c6 65 9d dc f0 4f 63 

                    c0 0d c8 0d 9c db 05 18 94 18 c5 34 da 92 a6 1a 3b a8 38 14 bb a7 a7 92 97 13 4f 37 56 40 94 

                    8d a4 f5 97 2d 06 3b 4e 8c 70 aa 39 85 48 4f 46 5d bd 0e c7 9e cf c3 6c 1c 8f 66 1b 65 14 3c 

                    ba 71 b9 52 f0 2e fd 48 e0 39 86 0c 8b 54 f9 79 cb 4e 06 b1 29 92 97 0a da 82 d2 23 b6 b1 00 

                    12 b1 1f 4f 73 f8 3e 9e 

Post header 2.3 information :
    Binary type: 0x10
    Non authenticated payload length: 0x0
    Non authenticated payload hash: 0x0


 

02:15:15 Build Finished. 0 errors, 7 warnings. (took 3s.442ms)

